[0.151s] DEBUG:colcon:Command line arguments: ['/usr/bin/colcon', 'build', '--symlink-install', '--packages-up-to', 'yolo_bringup']
[0.151s] DEBUG:colcon:Parsed command line arguments: Namespace(log_base=None, log_level=None, verb_name='build', build_base='build', install_base='install', merge_install=False, symlink_install=True, test_result_base=None, continue_on_error=False, executor='parallel', parallel_workers=4, event_handlers=None, ignore_user_meta=False, metas=['./colcon.meta'], base_paths=['.'], packages_ignore=None, packages_ignore_regex=None, paths=None, packages_up_to=['yolo_bringup'], packages_up_to_regex=None, packages_above=None, packages_above_and_dependencies=None, packages_above_depth=None, packages_select_by_dep=None, packages_skip_by_dep=None, packages_skip_up_to=None, packages_select_build_failed=False, packages_skip_build_finished=False, packages_select_test_failures=False, packages_skip_test_passed=False, packages_select=None, packages_skip=None, packages_select_regex=None, packages_skip_regex=None, packages_start=None, packages_end=None, allow_overriding=[], cmake_args=None, cmake_target=None, cmake_target_skip_unavailable=False, cmake_clean_cache=False, cmake_clean_first=False, cmake_force_configure=False, ament_cmake_args=None, catkin_cmake_args=None, catkin_skip_building_tests=False, mixin_files=None, mixin=None, verb_parser=<colcon_mixin.mixin.mixin_argument.MixinArgumentDecorator object at 0x7a39e7e004d0>, verb_extension=<colcon_core.verb.build.BuildVerb object at 0x7a39e7f75280>, main=<bound method BuildVerb.main of <colcon_core.verb.build.BuildVerb object at 0x7a39e7f75280>>, mixin_verb=('build',))
[0.192s] Level 1:colcon.colcon_core.package_discovery:discover_packages(colcon_meta) check parameters
[0.192s] Level 1:colcon.colcon_core.package_discovery:discover_packages(recursive) check parameters
[0.192s] Level 1:colcon.colcon_core.package_discovery:discover_packages(ignore) check parameters
[0.192s] Level 1:colcon.colcon_core.package_discovery:discover_packages(path) check parameters
[0.192s] Level 1:colcon.colcon_core.package_discovery:discover_packages(colcon_meta) discover
[0.192s] Level 1:colcon.colcon_core.package_discovery:discover_packages(recursive) discover
[0.192s] INFO:colcon.colcon_core.package_discovery:Crawling recursively for packages in '/home/roboticslab/ros2_ws'
[0.193s] Level 1:colcon.colcon_core.package_identification:_identify(.) by extensions ['ignore', 'ignore_ament_install']
[0.193s] Level 1:colcon.colcon_core.package_identification:_identify(.) by extension 'ignore'
[0.193s] Level 1:colcon.colcon_core.package_identification:_identify(.) by extension 'ignore_ament_install'
[0.193s] Level 1:colcon.colcon_core.package_identification:_identify(.) by extensions ['colcon_pkg']
[0.193s] Level 1:colcon.colcon_core.package_identification:_identify(.) by extension 'colcon_pkg'
[0.193s] Level 1:colcon.colcon_core.package_identification:_identify(.) by extensions ['colcon_meta']
[0.193s] Level 1:colcon.colcon_core.package_identification:_identify(.) by extension 'colcon_meta'
[0.193s] Level 1:colcon.colcon_core.package_identification:_identify(.) by extensions ['ros']
[0.193s] Level 1:colcon.colcon_core.package_identification:_identify(.) by extension 'ros'
[0.218s] Level 1:colcon.colcon_core.package_identification:_identify(.) by extensions ['cmake', 'python']
[0.219s] Level 1:colcon.colcon_core.package_identification:_identify(.) by extension 'cmake'
[0.219s] Level 1:colcon.colcon_core.package_identification:_identify(.) by extension 'python'
[0.219s] Level 1:colcon.colcon_core.package_identification:_identify(.) by extensions ['python_setup_py']
[0.219s] Level 1:colcon.colcon_core.package_identification:_identify(.) by extension 'python_setup_py'
[0.219s] Level 1:colcon.colcon_core.package_identification:_identify(build) by extensions ['ignore', 'ignore_ament_install']
[0.219s] Level 1:colcon.colcon_core.package_identification:_identify(build) by extension 'ignore'
[0.219s] Level 1:colcon.colcon_core.package_identification:_identify(build) ignored
[0.219s] Level 1:colcon.colcon_core.package_identification:_identify(install) by extensions ['ignore', 'ignore_ament_install']
[0.219s] Level 1:colcon.colcon_core.package_identification:_identify(install) by extension 'ignore'
[0.219s] Level 1:colcon.colcon_core.package_identification:_identify(install) ignored
[0.219s] Level 1:colcon.colcon_core.package_identification:_identify(log) by extensions ['ignore', 'ignore_ament_install']
[0.219s] Level 1:colcon.colcon_core.package_identification:_identify(log) by extension 'ignore'
[0.219s] Level 1:colcon.colcon_core.package_identification:_identify(log) ignored
[0.220s] Level 1:colcon.colcon_core.package_identification:_identify(src) by extensions ['ignore', 'ignore_ament_install']
[0.220s] Level 1:colcon.colcon_core.package_identification:_identify(src) by extension 'ignore'
[0.220s] Level 1:colcon.colcon_core.package_identification:_identify(src) by extension 'ignore_ament_install'
[0.220s] Level 1:colcon.colcon_core.package_identification:_identify(src) by extensions ['colcon_pkg']
[0.220s] Level 1:colcon.colcon_core.package_identification:_identify(src) by extension 'colcon_pkg'
[0.220s] Level 1:colcon.colcon_core.package_identification:_identify(src) by extensions ['colcon_meta']
[0.220s] Level 1:colcon.colcon_core.package_identification:_identify(src) by extension 'colcon_meta'
[0.220s] Level 1:colcon.colcon_core.package_identification:_identify(src) by extensions ['ros']
[0.220s] Level 1:colcon.colcon_core.package_identification:_identify(src) by extension 'ros'
[0.220s] Level 1:colcon.colcon_core.package_identification:_identify(src) by extensions ['cmake', 'python']
[0.220s] Level 1:colcon.colcon_core.package_identification:_identify(src) by extension 'cmake'
[0.220s] Level 1:colcon.colcon_core.package_identification:_identify(src) by extension 'python'
[0.220s] Level 1:colcon.colcon_core.package_identification:_identify(src) by extensions ['python_setup_py']
[0.220s] Level 1:colcon.colcon_core.package_identification:_identify(src) by extension 'python_setup_py'
[0.220s] Level 1:colcon.colcon_core.package_identification:_identify(src/build) by extensions ['ignore', 'ignore_ament_install']
[0.220s] Level 1:colcon.colcon_core.package_identification:_identify(src/build) by extension 'ignore'
[0.220s] Level 1:colcon.colcon_core.package_identification:_identify(src/build) ignored
[0.220s] Level 1:colcon.colcon_core.package_identification:_identify(src/grocery_perception) by extensions ['ignore', 'ignore_ament_install']
[0.221s] Level 1:colcon.colcon_core.package_identification:_identify(src/grocery_perception) by extension 'ignore'
[0.221s] Level 1:colcon.colcon_core.package_identification:_identify(src/grocery_perception) by extension 'ignore_ament_install'
[0.221s] Level 1:colcon.colcon_core.package_identification:_identify(src/grocery_perception) by extensions ['colcon_pkg']
[0.221s] Level 1:colcon.colcon_core.package_identification:_identify(src/grocery_perception) by extension 'colcon_pkg'
[0.221s] Level 1:colcon.colcon_core.package_identification:_identify(src/grocery_perception) by extensions ['colcon_meta']
[0.221s] Level 1:colcon.colcon_core.package_identification:_identify(src/grocery_perception) by extension 'colcon_meta'
[0.221s] Level 1:colcon.colcon_core.package_identification:_identify(src/grocery_perception) by extensions ['ros']
[0.221s] Level 1:colcon.colcon_core.package_identification:_identify(src/grocery_perception) by extension 'ros'
[0.224s] DEBUG:colcon.colcon_core.package_identification:Package 'src/grocery_perception' with type 'ros.ament_python' and name 'grocery_perception'
[0.224s] Level 1:colcon.colcon_core.package_identification:_identify(src/grocery_robot_bringup) by extensions ['ignore', 'ignore_ament_install']
[0.224s] Level 1:colcon.colcon_core.package_identification:_identify(src/grocery_robot_bringup) by extension 'ignore'
[0.224s] Level 1:colcon.colcon_core.package_identification:_identify(src/grocery_robot_bringup) by extension 'ignore_ament_install'
[0.224s] Level 1:colcon.colcon_core.package_identification:_identify(src/grocery_robot_bringup) by extensions ['colcon_pkg']
[0.224s] Level 1:colcon.colcon_core.package_identification:_identify(src/grocery_robot_bringup) by extension 'colcon_pkg'
[0.224s] Level 1:colcon.colcon_core.package_identification:_identify(src/grocery_robot_bringup) by extensions ['colcon_meta']
[0.224s] Level 1:colcon.colcon_core.package_identification:_identify(src/grocery_robot_bringup) by extension 'colcon_meta'
[0.224s] Level 1:colcon.colcon_core.package_identification:_identify(src/grocery_robot_bringup) by extensions ['ros']
[0.224s] Level 1:colcon.colcon_core.package_identification:_identify(src/grocery_robot_bringup) by extension 'ros'
[0.225s] DEBUG:colcon.colcon_core.package_identification:Package 'src/grocery_robot_bringup' with type 'ros.ament_python' and name 'grocery_robot_bringup'
[0.225s] Level 1:colcon.colcon_core.package_identification:_identify(src/install) by extensions ['ignore', 'ignore_ament_install']
[0.225s] Level 1:colcon.colcon_core.package_identification:_identify(src/install) by extension 'ignore'
[0.225s] Level 1:colcon.colcon_core.package_identification:_identify(src/install) ignored
[0.225s] Level 1:colcon.colcon_core.package_identification:_identify(src/log) by extensions ['ignore', 'ignore_ament_install']
[0.225s] Level 1:colcon.colcon_core.package_identification:_identify(src/log) by extension 'ignore'
[0.225s] Level 1:colcon.colcon_core.package_identification:_identify(src/log) ignored
[0.225s] Level 1:colcon.colcon_core.package_identification:_identify(src/realsense-ros) by extensions ['ignore', 'ignore_ament_install']
[0.225s] Level 1:colcon.colcon_core.package_identification:_identify(src/realsense-ros) by extension 'ignore'
[0.225s] Level 1:colcon.colcon_core.package_identification:_identify(src/realsense-ros) by extension 'ignore_ament_install'
[0.225s] Level 1:colcon.colcon_core.package_identification:_identify(src/realsense-ros) by extensions ['colcon_pkg']
[0.226s] Level 1:colcon.colcon_core.package_identification:_identify(src/realsense-ros) by extension 'colcon_pkg'
[0.226s] Level 1:colcon.colcon_core.package_identification:_identify(src/realsense-ros) by extensions ['colcon_meta']
[0.226s] Level 1:colcon.colcon_core.package_identification:_identify(src/realsense-ros) by extension 'colcon_meta'
[0.226s] Level 1:colcon.colcon_core.package_identification:_identify(src/realsense-ros) by extensions ['ros']
[0.226s] Level 1:colcon.colcon_core.package_identification:_identify(src/realsense-ros) by extension 'ros'
[0.226s] Level 1:colcon.colcon_core.package_identification:_identify(src/realsense-ros) by extensions ['cmake', 'python']
[0.226s] Level 1:colcon.colcon_core.package_identification:_identify(src/realsense-ros) by extension 'cmake'
[0.226s] Level 1:colcon.colcon_core.package_identification:_identify(src/realsense-ros) by extension 'python'
[0.226s] Level 1:colcon.colcon_core.package_identification:_identify(src/realsense-ros) by extensions ['python_setup_py']
[0.226s] Level 1:colcon.colcon_core.package_identification:_identify(src/realsense-ros) by extension 'python_setup_py'
[0.226s] Level 1:colcon.colcon_core.package_identification:_identify(src/realsense-ros/realsense2_camera) by extensions ['ignore', 'ignore_ament_install']
[0.226s] Level 1:colcon.colcon_core.package_identification:_identify(src/realsense-ros/realsense2_camera) by extension 'ignore'
[0.226s] Level 1:colcon.colcon_core.package_identification:_identify(src/realsense-ros/realsense2_camera) by extension 'ignore_ament_install'
[0.226s] Level 1:colcon.colcon_core.package_identification:_identify(src/realsense-ros/realsense2_camera) by extensions ['colcon_pkg']
[0.226s] Level 1:colcon.colcon_core.package_identification:_identify(src/realsense-ros/realsense2_camera) by extension 'colcon_pkg'
[0.226s] Level 1:colcon.colcon_core.package_identification:_identify(src/realsense-ros/realsense2_camera) by extensions ['colcon_meta']
[0.226s] Level 1:colcon.colcon_core.package_identification:_identify(src/realsense-ros/realsense2_camera) by extension 'colcon_meta'
[0.226s] Level 1:colcon.colcon_core.package_identification:_identify(src/realsense-ros/realsense2_camera) by extensions ['ros']
[0.226s] Level 1:colcon.colcon_core.package_identification:_identify(src/realsense-ros/realsense2_camera) by extension 'ros'
[0.232s] DEBUG:colcon.colcon_core.package_identification:Package 'src/realsense-ros/realsense2_camera' with type 'ros.ament_cmake' and name 'realsense2_camera'
[0.232s] Level 1:colcon.colcon_core.package_identification:_identify(src/realsense-ros/realsense2_camera_msgs) by extensions ['ignore', 'ignore_ament_install']
[0.233s] Level 1:colcon.colcon_core.package_identification:_identify(src/realsense-ros/realsense2_camera_msgs) by extension 'ignore'
[0.233s] Level 1:colcon.colcon_core.package_identification:_identify(src/realsense-ros/realsense2_camera_msgs) by extension 'ignore_ament_install'
[0.233s] Level 1:colcon.colcon_core.package_identification:_identify(src/realsense-ros/realsense2_camera_msgs) by extensions ['colcon_pkg']
[0.233s] Level 1:colcon.colcon_core.package_identification:_identify(src/realsense-ros/realsense2_camera_msgs) by extension 'colcon_pkg'
[0.233s] Level 1:colcon.colcon_core.package_identification:_identify(src/realsense-ros/realsense2_camera_msgs) by extensions ['colcon_meta']
[0.233s] Level 1:colcon.colcon_core.package_identification:_identify(src/realsense-ros/realsense2_camera_msgs) by extension 'colcon_meta'
[0.233s] Level 1:colcon.colcon_core.package_identification:_identify(src/realsense-ros/realsense2_camera_msgs) by extensions ['ros']
[0.233s] Level 1:colcon.colcon_core.package_identification:_identify(src/realsense-ros/realsense2_camera_msgs) by extension 'ros'
[0.233s] DEBUG:colcon.colcon_core.package_identification:Package 'src/realsense-ros/realsense2_camera_msgs' with type 'ros.ament_cmake' and name 'realsense2_camera_msgs'
[0.234s] Level 1:colcon.colcon_core.package_identification:_identify(src/realsense-ros/realsense2_description) by extensions ['ignore', 'ignore_ament_install']
[0.234s] Level 1:colcon.colcon_core.package_identification:_identify(src/realsense-ros/realsense2_description) by extension 'ignore'
[0.234s] Level 1:colcon.colcon_core.package_identification:_identify(src/realsense-ros/realsense2_description) by extension 'ignore_ament_install'
[0.234s] Level 1:colcon.colcon_core.package_identification:_identify(src/realsense-ros/realsense2_description) by extensions ['colcon_pkg']
[0.234s] Level 1:colcon.colcon_core.package_identification:_identify(src/realsense-ros/realsense2_description) by extension 'colcon_pkg'
[0.234s] Level 1:colcon.colcon_core.package_identification:_identify(src/realsense-ros/realsense2_description) by extensions ['colcon_meta']
[0.234s] Level 1:colcon.colcon_core.package_identification:_identify(src/realsense-ros/realsense2_description) by extension 'colcon_meta'
[0.234s] Level 1:colcon.colcon_core.package_identification:_identify(src/realsense-ros/realsense2_description) by extensions ['ros']
[0.234s] Level 1:colcon.colcon_core.package_identification:_identify(src/realsense-ros/realsense2_description) by extension 'ros'
[0.235s] DEBUG:colcon.colcon_core.package_identification:Package 'src/realsense-ros/realsense2_description' with type 'ros.ament_cmake' and name 'realsense2_description'
[0.235s] Level 1:colcon.colcon_core.package_identification:_identify(src/realsense-ros/realsense2_rgbd_plugin) by extensions ['ignore', 'ignore_ament_install']
[0.235s] Level 1:colcon.colcon_core.package_identification:_identify(src/realsense-ros/realsense2_rgbd_plugin) by extension 'ignore'
[0.235s] Level 1:colcon.colcon_core.package_identification:_identify(src/realsense-ros/realsense2_rgbd_plugin) by extension 'ignore_ament_install'
[0.235s] Level 1:colcon.colcon_core.package_identification:_identify(src/realsense-ros/realsense2_rgbd_plugin) by extensions ['colcon_pkg']
[0.235s] Level 1:colcon.colcon_core.package_identification:_identify(src/realsense-ros/realsense2_rgbd_plugin) by extension 'colcon_pkg'
[0.235s] Level 1:colcon.colcon_core.package_identification:_identify(src/realsense-ros/realsense2_rgbd_plugin) by extensions ['colcon_meta']
[0.235s] Level 1:colcon.colcon_core.package_identification:_identify(src/realsense-ros/realsense2_rgbd_plugin) by extension 'colcon_meta'
[0.235s] Level 1:colcon.colcon_core.package_identification:_identify(src/realsense-ros/realsense2_rgbd_plugin) by extensions ['ros']
[0.235s] Level 1:colcon.colcon_core.package_identification:_identify(src/realsense-ros/realsense2_rgbd_plugin) by extension 'ros'
[0.236s] DEBUG:colcon.colcon_core.package_identification:Package 'src/realsense-ros/realsense2_rgbd_plugin' with type 'ros.ament_cmake' and name 'realsense2_rviz_plugin'
[0.236s] Level 1:colcon.colcon_core.package_identification:_identify(src/realsense-ros/realsense2_ros_mqtt_bridge) by extensions ['ignore', 'ignore_ament_install']
[0.236s] Level 1:colcon.colcon_core.package_identification:_identify(src/realsense-ros/realsense2_ros_mqtt_bridge) by extension 'ignore'
[0.236s] Level 1:colcon.colcon_core.package_identification:_identify(src/realsense-ros/realsense2_ros_mqtt_bridge) by extension 'ignore_ament_install'
[0.236s] Level 1:colcon.colcon_core.package_identification:_identify(src/realsense-ros/realsense2_ros_mqtt_bridge) by extensions ['colcon_pkg']
[0.236s] Level 1:colcon.colcon_core.package_identification:_identify(src/realsense-ros/realsense2_ros_mqtt_bridge) by extension 'colcon_pkg'
[0.236s] Level 1:colcon.colcon_core.package_identification:_identify(src/realsense-ros/realsense2_ros_mqtt_bridge) by extensions ['colcon_meta']
[0.236s] Level 1:colcon.colcon_core.package_identification:_identify(src/realsense-ros/realsense2_ros_mqtt_bridge) by extension 'colcon_meta'
[0.236s] Level 1:colcon.colcon_core.package_identification:_identify(src/realsense-ros/realsense2_ros_mqtt_bridge) by extensions ['ros']
[0.236s] Level 1:colcon.colcon_core.package_identification:_identify(src/realsense-ros/realsense2_ros_mqtt_bridge) by extension 'ros'
[0.237s] DEBUG:colcon.colcon_core.package_identification:Package 'src/realsense-ros/realsense2_ros_mqtt_bridge' with type 'ros.ament_python' and name 'realsense2_ros_mqtt_bridge'
[0.237s] Level 1:colcon.colcon_core.package_identification:_identify(src/realsense-ros/res) by extensions ['ignore', 'ignore_ament_install']
[0.237s] Level 1:colcon.colcon_core.package_identification:_identify(src/realsense-ros/res) by extension 'ignore'
[0.237s] Level 1:colcon.colcon_core.package_identification:_identify(src/realsense-ros/res) by extension 'ignore_ament_install'
[0.237s] Level 1:colcon.colcon_core.package_identification:_identify(src/realsense-ros/res) by extensions ['colcon_pkg']
[0.237s] Level 1:colcon.colcon_core.package_identification:_identify(src/realsense-ros/res) by extension 'colcon_pkg'
[0.237s] Level 1:colcon.colcon_core.package_identification:_identify(src/realsense-ros/res) by extensions ['colcon_meta']
[0.237s] Level 1:colcon.colcon_core.package_identification:_identify(src/realsense-ros/res) by extension 'colcon_meta'
[0.237s] Level 1:colcon.colcon_core.package_identification:_identify(src/realsense-ros/res) by extensions ['ros']
[0.237s] Level 1:colcon.colcon_core.package_identification:_identify(src/realsense-ros/res) by extension 'ros'
[0.238s] Level 1:colcon.colcon_core.package_identification:_identify(src/realsense-ros/res) by extensions ['cmake', 'python']
[0.238s] Level 1:colcon.colcon_core.package_identification:_identify(src/realsense-ros/res) by extension 'cmake'
[0.238s] Level 1:colcon.colcon_core.package_identification:_identify(src/realsense-ros/res) by extension 'python'
[0.238s] Level 1:colcon.colcon_core.package_identification:_identify(src/realsense-ros/res) by extensions ['python_setup_py']
[0.238s] Level 1:colcon.colcon_core.package_identification:_identify(src/realsense-ros/res) by extension 'python_setup_py'
[0.238s] Level 1:colcon.colcon_core.package_identification:_identify(src/realsense-ros/scripts) by extensions ['ignore', 'ignore_ament_install']
[0.238s] Level 1:colcon.colcon_core.package_identification:_identify(src/realsense-ros/scripts) by extension 'ignore'
[0.238s] Level 1:colcon.colcon_core.package_identification:_identify(src/realsense-ros/scripts) by extension 'ignore_ament_install'
[0.238s] Level 1:colcon.colcon_core.package_identification:_identify(src/realsense-ros/scripts) by extensions ['colcon_pkg']
[0.238s] Level 1:colcon.colcon_core.package_identification:_identify(src/realsense-ros/scripts) by extension 'colcon_pkg'
[0.238s] Level 1:colcon.colcon_core.package_identification:_identify(src/realsense-ros/scripts) by extensions ['colcon_meta']
[0.238s] Level 1:colcon.colcon_core.package_identification:_identify(src/realsense-ros/scripts) by extension 'colcon_meta'
[0.238s] Level 1:colcon.colcon_core.package_identification:_identify(src/realsense-ros/scripts) by extensions ['ros']
[0.238s] Level 1:colcon.colcon_core.package_identification:_identify(src/realsense-ros/scripts) by extension 'ros'
[0.238s] Level 1:colcon.colcon_core.package_identification:_identify(src/realsense-ros/scripts) by extensions ['cmake', 'python']
[0.238s] Level 1:colcon.colcon_core.package_identification:_identify(src/realsense-ros/scripts) by extension 'cmake'
[0.238s] Level 1:colcon.colcon_core.package_identification:_identify(src/realsense-ros/scripts) by extension 'python'
[0.238s] Level 1:colcon.colcon_core.package_identification:_identify(src/realsense-ros/scripts) by extensions ['python_setup_py']
[0.238s] Level 1:colcon.colcon_core.package_identification:_identify(src/realsense-ros/scripts) by extension 'python_setup_py'
[0.238s] Level 1:colcon.colcon_core.package_identification:_identify(src/so101_gripper_control) by extensions ['ignore', 'ignore_ament_install']
[0.239s] Level 1:colcon.colcon_core.package_identification:_identify(src/so101_gripper_control) by extension 'ignore'
[0.239s] Level 1:colcon.colcon_core.package_identification:_identify(src/so101_gripper_control) by extension 'ignore_ament_install'
[0.239s] Level 1:colcon.colcon_core.package_identification:_identify(src/so101_gripper_control) by extensions ['colcon_pkg']
[0.239s] Level 1:colcon.colcon_core.package_identification:_identify(src/so101_gripper_control) by extension 'colcon_pkg'
[0.239s] Level 1:colcon.colcon_core.package_identification:_identify(src/so101_gripper_control) by extensions ['colcon_meta']
[0.239s] Level 1:colcon.colcon_core.package_identification:_identify(src/so101_gripper_control) by extension 'colcon_meta'
[0.239s] Level 1:colcon.colcon_core.package_identification:_identify(src/so101_gripper_control) by extensions ['ros']
[0.239s] Level 1:colcon.colcon_core.package_identification:_identify(src/so101_gripper_control) by extension 'ros'
[0.240s] DEBUG:colcon.colcon_core.package_identification:Package 'src/so101_gripper_control' with type 'ros.ament_python' and name 'so101_gripper_control'
[0.240s] Level 1:colcon.colcon_core.package_identification:_identify(src/ur3e_demo) by extensions ['ignore', 'ignore_ament_install']
[0.240s] Level 1:colcon.colcon_core.package_identification:_identify(src/ur3e_demo) by extension 'ignore'
[0.240s] Level 1:colcon.colcon_core.package_identification:_identify(src/ur3e_demo) by extension 'ignore_ament_install'
[0.240s] Level 1:colcon.colcon_core.package_identification:_identify(src/ur3e_demo) by extensions ['colcon_pkg']
[0.240s] Level 1:colcon.colcon_core.package_identification:_identify(src/ur3e_demo) by extension 'colcon_pkg'
[0.240s] Level 1:colcon.colcon_core.package_identification:_identify(src/ur3e_demo) by extensions ['colcon_meta']
[0.240s] Level 1:colcon.colcon_core.package_identification:_identify(src/ur3e_demo) by extension 'colcon_meta'
[0.240s] Level 1:colcon.colcon_core.package_identification:_identify(src/ur3e_demo) by extensions ['ros']
[0.240s] Level 1:colcon.colcon_core.package_identification:_identify(src/ur3e_demo) by extension 'ros'
[0.240s] DEBUG:colcon.colcon_core.package_identification:Package 'src/ur3e_demo' with type 'ros.ament_python' and name 'ur3e_demo'
[0.241s] Level 1:colcon.colcon_core.package_identification:_identify(src/yolo_ros) by extensions ['ignore', 'ignore_ament_install']
[0.241s] Level 1:colcon.colcon_core.package_identification:_identify(src/yolo_ros) by extension 'ignore'
[0.241s] Level 1:colcon.colcon_core.package_identification:_identify(src/yolo_ros) by extension 'ignore_ament_install'
[0.241s] Level 1:colcon.colcon_core.package_identification:_identify(src/yolo_ros) by extensions ['colcon_pkg']
[0.241s] Level 1:colcon.colcon_core.package_identification:_identify(src/yolo_ros) by extension 'colcon_pkg'
[0.241s] Level 1:colcon.colcon_core.package_identification:_identify(src/yolo_ros) by extensions ['colcon_meta']
[0.241s] Level 1:colcon.colcon_core.package_identification:_identify(src/yolo_ros) by extension 'colcon_meta'
[0.241s] Level 1:colcon.colcon_core.package_identification:_identify(src/yolo_ros) by extensions ['ros']
[0.241s] Level 1:colcon.colcon_core.package_identification:_identify(src/yolo_ros) by extension 'ros'
[0.241s] Level 1:colcon.colcon_core.package_identification:_identify(src/yolo_ros) by extensions ['cmake', 'python']
[0.241s] Level 1:colcon.colcon_core.package_identification:_identify(src/yolo_ros) by extension 'cmake'
[0.241s] Level 1:colcon.colcon_core.package_identification:_identify(src/yolo_ros) by extension 'python'
[0.241s] Level 1:colcon.colcon_core.package_identification:_identify(src/yolo_ros) by extensions ['python_setup_py']
[0.241s] Level 1:colcon.colcon_core.package_identification:_identify(src/yolo_ros) by extension 'python_setup_py'
[0.241s] Level 1:colcon.colcon_core.package_identification:_identify(src/yolo_ros/docs) by extensions ['ignore', 'ignore_ament_install']
[0.241s] Level 1:colcon.colcon_core.package_identification:_identify(src/yolo_ros/docs) by extension 'ignore'
[0.241s] Level 1:colcon.colcon_core.package_identification:_identify(src/yolo_ros/docs) by extension 'ignore_ament_install'
[0.242s] Level 1:colcon.colcon_core.package_identification:_identify(src/yolo_ros/docs) by extensions ['colcon_pkg']
[0.242s] Level 1:colcon.colcon_core.package_identification:_identify(src/yolo_ros/docs) by extension 'colcon_pkg'
[0.242s] Level 1:colcon.colcon_core.package_identification:_identify(src/yolo_ros/docs) by extensions ['colcon_meta']
[0.242s] Level 1:colcon.colcon_core.package_identification:_identify(src/yolo_ros/docs) by extension 'colcon_meta'
[0.242s] Level 1:colcon.colcon_core.package_identification:_identify(src/yolo_ros/docs) by extensions ['ros']
[0.242s] Level 1:colcon.colcon_core.package_identification:_identify(src/yolo_ros/docs) by extension 'ros'
[0.242s] Level 1:colcon.colcon_core.package_identification:_identify(src/yolo_ros/docs) by extensions ['cmake', 'python']
[0.242s] Level 1:colcon.colcon_core.package_identification:_identify(src/yolo_ros/docs) by extension 'cmake'
[0.242s] Level 1:colcon.colcon_core.package_identification:_identify(src/yolo_ros/docs) by extension 'python'
[0.242s] Level 1:colcon.colcon_core.package_identification:_identify(src/yolo_ros/docs) by extensions ['python_setup_py']
[0.242s] Level 1:colcon.colcon_core.package_identification:_identify(src/yolo_ros/docs) by extension 'python_setup_py'
[0.242s] Level 1:colcon.colcon_core.package_identification:_identify(src/yolo_ros/yolo_bringup) by extensions ['ignore', 'ignore_ament_install']
[0.242s] Level 1:colcon.colcon_core.package_identification:_identify(src/yolo_ros/yolo_bringup) by extension 'ignore'
[0.242s] Level 1:colcon.colcon_core.package_identification:_identify(src/yolo_ros/yolo_bringup) by extension 'ignore_ament_install'
[0.242s] Level 1:colcon.colcon_core.package_identification:_identify(src/yolo_ros/yolo_bringup) by extensions ['colcon_pkg']
[0.242s] Level 1:colcon.colcon_core.package_identification:_identify(src/yolo_ros/yolo_bringup) by extension 'colcon_pkg'
[0.242s] Level 1:colcon.colcon_core.package_identification:_identify(src/yolo_ros/yolo_bringup) by extensions ['colcon_meta']
[0.242s] Level 1:colcon.colcon_core.package_identification:_identify(src/yolo_ros/yolo_bringup) by extension 'colcon_meta'
[0.242s] Level 1:colcon.colcon_core.package_identification:_identify(src/yolo_ros/yolo_bringup) by extensions ['ros']
[0.242s] Level 1:colcon.colcon_core.package_identification:_identify(src/yolo_ros/yolo_bringup) by extension 'ros'
[0.243s] DEBUG:colcon.colcon_core.package_identification:Package 'src/yolo_ros/yolo_bringup' with type 'ros.ament_cmake' and name 'yolo_bringup'
[0.243s] Level 1:colcon.colcon_core.package_identification:_identify(src/yolo_ros/yolo_msgs) by extensions ['ignore', 'ignore_ament_install']
[0.243s] Level 1:colcon.colcon_core.package_identification:_identify(src/yolo_ros/yolo_msgs) by extension 'ignore'
[0.243s] Level 1:colcon.colcon_core.package_identification:_identify(src/yolo_ros/yolo_msgs) by extension 'ignore_ament_install'
[0.243s] Level 1:colcon.colcon_core.package_identification:_identify(src/yolo_ros/yolo_msgs) by extensions ['colcon_pkg']
[0.244s] Level 1:colcon.colcon_core.package_identification:_identify(src/yolo_ros/yolo_msgs) by extension 'colcon_pkg'
[0.244s] Level 1:colcon.colcon_core.package_identification:_identify(src/yolo_ros/yolo_msgs) by extensions ['colcon_meta']
[0.244s] Level 1:colcon.colcon_core.package_identification:_identify(src/yolo_ros/yolo_msgs) by extension 'colcon_meta'
[0.244s] Level 1:colcon.colcon_core.package_identification:_identify(src/yolo_ros/yolo_msgs) by extensions ['ros']
[0.244s] Level 1:colcon.colcon_core.package_identification:_identify(src/yolo_ros/yolo_msgs) by extension 'ros'
[0.244s] DEBUG:colcon.colcon_core.package_identification:Package 'src/yolo_ros/yolo_msgs' with type 'ros.ament_cmake' and name 'yolo_msgs'
[0.244s] Level 1:colcon.colcon_core.package_identification:_identify(src/yolo_ros/yolo_ros) by extensions ['ignore', 'ignore_ament_install']
[0.244s] Level 1:colcon.colcon_core.package_identification:_identify(src/yolo_ros/yolo_ros) by extension 'ignore'
[0.244s] Level 1:colcon.colcon_core.package_identification:_identify(src/yolo_ros/yolo_ros) by extension 'ignore_ament_install'
[0.245s] Level 1:colcon.colcon_core.package_identification:_identify(src/yolo_ros/yolo_ros) by extensions ['colcon_pkg']
[0.245s] Level 1:colcon.colcon_core.package_identification:_identify(src/yolo_ros/yolo_ros) by extension 'colcon_pkg'
[0.245s] Level 1:colcon.colcon_core.package_identification:_identify(src/yolo_ros/yolo_ros) by extensions ['colcon_meta']
[0.245s] Level 1:colcon.colcon_core.package_identification:_identify(src/yolo_ros/yolo_ros) by extension 'colcon_meta'
[0.245s] Level 1:colcon.colcon_core.package_identification:_identify(src/yolo_ros/yolo_ros) by extensions ['ros']
[0.245s] Level 1:colcon.colcon_core.package_identification:_identify(src/yolo_ros/yolo_ros) by extension 'ros'
[0.246s] DEBUG:colcon.colcon_core.package_identification:Package 'src/yolo_ros/yolo_ros' with type 'ros.ament_python' and name 'yolo_ros'
[0.246s] Level 1:colcon.colcon_core.package_discovery:discover_packages(recursive) using defaults
[0.246s] Level 1:colcon.colcon_core.package_discovery:discover_packages(ignore) discover
[0.246s] Level 1:colcon.colcon_core.package_discovery:discover_packages(ignore) using defaults
[0.246s] Level 1:colcon.colcon_core.package_discovery:discover_packages(path) discover
[0.246s] Level 1:colcon.colcon_core.package_discovery:discover_packages(path) using defaults
[0.269s] INFO:colcon.colcon_core.package_selection:Skipping package 'realsense2_rviz_plugin' in 'src/realsense-ros/realsense2_rgbd_plugin'
[0.269s] INFO:colcon.colcon_core.package_selection:Skipping package 'realsense2_description' in 'src/realsense-ros/realsense2_description'
[0.269s] INFO:colcon.colcon_core.package_selection:Skipping package 'realsense2_camera' in 'src/realsense-ros/realsense2_camera'
[0.269s] INFO:colcon.colcon_core.package_selection:Skipping package 'grocery_perception' in 'src/grocery_perception'
[0.269s] INFO:colcon.colcon_core.package_selection:Skipping package 'ur3e_demo' in 'src/ur3e_demo'
[0.269s] INFO:colcon.colcon_core.package_selection:Skipping package 'so101_gripper_control' in 'src/so101_gripper_control'
[0.269s] INFO:colcon.colcon_core.package_selection:Skipping package 'realsense2_ros_mqtt_bridge' in 'src/realsense-ros/realsense2_ros_mqtt_bridge'
[0.269s] INFO:colcon.colcon_core.package_selection:Skipping package 'realsense2_camera_msgs' in 'src/realsense-ros/realsense2_camera_msgs'
[0.269s] INFO:colcon.colcon_core.package_selection:Skipping package 'grocery_robot_bringup' in 'src/grocery_robot_bringup'
[0.270s] Level 1:colcon.colcon_core.package_discovery:discover_packages(prefix_path) check parameters
[0.270s] Level 1:colcon.colcon_core.package_discovery:discover_packages(prefix_path) discover
[0.274s] DEBUG:colcon.colcon_installed_package_information.package_discovery:Found 2 installed packages in /home/roboticslab/ros2_ws/install
[0.276s] DEBUG:colcon.colcon_installed_package_information.package_discovery:Found 70 installed packages in /home/roboticslab/ws_moveit/install
[0.279s] DEBUG:colcon.colcon_installed_package_information.package_discovery:Found 526 installed packages in /opt/ros/kilted
[0.281s] Level 1:colcon.colcon_core.package_discovery:discover_packages(prefix_path) using defaults
[0.383s] Level 5:colcon.colcon_core.verb:set package 'yolo_msgs' build argument 'cmake_args' from command line to 'None'
[0.383s] Level 5:colcon.colcon_core.verb:set package 'yolo_msgs' build argument 'cmake_target' from command line to 'None'
[0.383s] Level 5:colcon.colcon_core.verb:set package 'yolo_msgs' build argument 'cmake_target_skip_unavailable' from command line to 'False'
[0.384s] Level 5:colcon.colcon_core.verb:set package 'yolo_msgs' build argument 'cmake_clean_cache' from command line to 'False'
[0.384s] Level 5:colcon.colcon_core.verb:set package 'yolo_msgs' build argument 'cmake_clean_first' from command line to 'False'
[0.384s] Level 5:colcon.colcon_core.verb:set package 'yolo_msgs' build argument 'cmake_force_configure' from command line to 'False'
[0.384s] Level 5:colcon.colcon_core.verb:set package 'yolo_msgs' build argument 'ament_cmake_args' from command line to 'None'
[0.384s] Level 5:colcon.colcon_core.verb:set package 'yolo_msgs' build argument 'catkin_cmake_args' from command line to 'None'
[0.384s] Level 5:colcon.colcon_core.verb:set package 'yolo_msgs' build argument 'catkin_skip_building_tests' from command line to 'False'
[0.384s] DEBUG:colcon.colcon_core.verb:Building package 'yolo_msgs' with the following arguments: {'ament_cmake_args': None, 'build_base': '/home/roboticslab/ros2_ws/build/yolo_msgs', 'catkin_cmake_args': None, 'catkin_skip_building_tests': False, 'cmake_args': None, 'cmake_clean_cache': False, 'cmake_clean_first': False, 'cmake_force_configure': False, 'cmake_target': None, 'cmake_target_skip_unavailable': False, 'install_base': '/home/roboticslab/ros2_ws/install/yolo_msgs', 'merge_install': False, 'path': '/home/roboticslab/ros2_ws/src/yolo_ros/yolo_msgs', 'symlink_install': True, 'test_result_base': None}
[0.384s] Level 5:colcon.colcon_core.verb:set package 'yolo_ros' build argument 'cmake_args' from command line to 'None'
[0.384s] Level 5:colcon.colcon_core.verb:set package 'yolo_ros' build argument 'cmake_target' from command line to 'None'
[0.384s] Level 5:colcon.colcon_core.verb:set package 'yolo_ros' build argument 'cmake_target_skip_unavailable' from command line to 'False'
[0.384s] Level 5:colcon.colcon_core.verb:set package 'yolo_ros' build argument 'cmake_clean_cache' from command line to 'False'
[0.384s] Level 5:colcon.colcon_core.verb:set package 'yolo_ros' build argument 'cmake_clean_first' from command line to 'False'
[0.384s] Level 5:colcon.colcon_core.verb:set package 'yolo_ros' build argument 'cmake_force_configure' from command line to 'False'
[0.384s] Level 5:colcon.colcon_core.verb:set package 'yolo_ros' build argument 'ament_cmake_args' from command line to 'None'
[0.384s] Level 5:colcon.colcon_core.verb:set package 'yolo_ros' build argument 'catkin_cmake_args' from command line to 'None'
[0.384s] Level 5:colcon.colcon_core.verb:set package 'yolo_ros' build argument 'catkin_skip_building_tests' from command line to 'False'
[0.384s] DEBUG:colcon.colcon_core.verb:Building package 'yolo_ros' with the following arguments: {'ament_cmake_args': None, 'build_base': '/home/roboticslab/ros2_ws/build/yolo_ros', 'catkin_cmake_args': None, 'catkin_skip_building_tests': False, 'cmake_args': None, 'cmake_clean_cache': False, 'cmake_clean_first': False, 'cmake_force_configure': False, 'cmake_target': None, 'cmake_target_skip_unavailable': False, 'install_base': '/home/roboticslab/ros2_ws/install/yolo_ros', 'merge_install': False, 'path': '/home/roboticslab/ros2_ws/src/yolo_ros/yolo_ros', 'symlink_install': True, 'test_result_base': None}
[0.385s] Level 5:colcon.colcon_core.verb:set package 'yolo_bringup' build argument 'cmake_args' from command line to 'None'
[0.385s] Level 5:colcon.colcon_core.verb:set package 'yolo_bringup' build argument 'cmake_target' from command line to 'None'
[0.385s] Level 5:colcon.colcon_core.verb:set package 'yolo_bringup' build argument 'cmake_target_skip_unavailable' from command line to 'False'
[0.385s] Level 5:colcon.colcon_core.verb:set package 'yolo_bringup' build argument 'cmake_clean_cache' from command line to 'False'
[0.385s] Level 5:colcon.colcon_core.verb:set package 'yolo_bringup' build argument 'cmake_clean_first' from command line to 'False'
[0.385s] Level 5:colcon.colcon_core.verb:set package 'yolo_bringup' build argument 'cmake_force_configure' from command line to 'False'
[0.385s] Level 5:colcon.colcon_core.verb:set package 'yolo_bringup' build argument 'ament_cmake_args' from command line to 'None'
[0.385s] Level 5:colcon.colcon_core.verb:set package 'yolo_bringup' build argument 'catkin_cmake_args' from command line to 'None'
[0.385s] Level 5:colcon.colcon_core.verb:set package 'yolo_bringup' build argument 'catkin_skip_building_tests' from command line to 'False'
[0.385s] DEBUG:colcon.colcon_core.verb:Building package 'yolo_bringup' with the following arguments: {'ament_cmake_args': None, 'build_base': '/home/roboticslab/ros2_ws/build/yolo_bringup', 'catkin_cmake_args': None, 'catkin_skip_building_tests': False, 'cmake_args': None, 'cmake_clean_cache': False, 'cmake_clean_first': False, 'cmake_force_configure': False, 'cmake_target': None, 'cmake_target_skip_unavailable': False, 'install_base': '/home/roboticslab/ros2_ws/install/yolo_bringup', 'merge_install': False, 'path': '/home/roboticslab/ros2_ws/src/yolo_ros/yolo_bringup', 'symlink_install': True, 'test_result_base': None}
[0.385s] INFO:colcon.colcon_core.executor:Executing jobs using 'parallel' executor
[0.386s] DEBUG:colcon.colcon_parallel_executor.executor.parallel:run_until_complete
[0.386s] INFO:colcon.colcon_ros.task.ament_cmake.build:Building ROS package in '/home/roboticslab/ros2_ws/src/yolo_ros/yolo_msgs' with build type 'ament_cmake'
[0.386s] INFO:colcon.colcon_cmake.task.cmake.build:Building CMake package in '/home/roboticslab/ros2_ws/src/yolo_ros/yolo_msgs'
[0.388s] INFO:colcon.colcon_core.plugin_system:Skipping extension 'colcon_core.shell.bat': Not used on non-Windows systems
[0.389s] INFO:colcon.colcon_core.shell:Skip shell extension 'powershell' for command environment: Not usable outside of PowerShell
[0.389s] DEBUG:colcon.colcon_core.shell:Skip shell extension 'dsv' for command environment
[0.428s] DEBUG:colcon.colcon_core.event_handler.log_command:Invoking command in '/home/roboticslab/ros2_ws/build/yolo_msgs': CMAKE_PREFIX_PATH=${CMAKE_PREFIX_PATH}:/home/roboticslab/ros2_ws/install/so101_gripper_control:/home/roboticslab/ws_moveit/install/moveit_configs_utils:/opt/ros/kilted DEBUGINFOD_URLS=https://debuginfod.ubuntu.com /usr/bin/cmake /home/roboticslab/ros2_ws/src/yolo_ros/yolo_msgs -DAMENT_CMAKE_SYMLINK_INSTALL=1 -DCMAKE_INSTALL_PREFIX=/home/roboticslab/ros2_ws/install/yolo_msgs
[8.269s] DEBUG:colcon.colcon_core.event_handler.log_command:Invoked command in '/home/roboticslab/ros2_ws/build/yolo_msgs' returned '0': CMAKE_PREFIX_PATH=${CMAKE_PREFIX_PATH}:/home/roboticslab/ros2_ws/install/so101_gripper_control:/home/roboticslab/ws_moveit/install/moveit_configs_utils:/opt/ros/kilted DEBUGINFOD_URLS=https://debuginfod.ubuntu.com /usr/bin/cmake /home/roboticslab/ros2_ws/src/yolo_ros/yolo_msgs -DAMENT_CMAKE_SYMLINK_INSTALL=1 -DCMAKE_INSTALL_PREFIX=/home/roboticslab/ros2_ws/install/yolo_msgs
[8.270s] DEBUG:colcon.colcon_core.event_handler.log_command:Invoking command in '/home/roboticslab/ros2_ws/build/yolo_msgs': CMAKE_PREFIX_PATH=${CMAKE_PREFIX_PATH}:/home/roboticslab/ros2_ws/install/so101_gripper_control:/home/roboticslab/ws_moveit/install/moveit_configs_utils:/opt/ros/kilted DEBUGINFOD_URLS=https://debuginfod.ubuntu.com /usr/bin/cmake --build /home/roboticslab/ros2_ws/build/yolo_msgs -- -j4 -l4
[24.697s] DEBUG:colcon.colcon_core.event_handler.log_command:Invoked command in '/home/roboticslab/ros2_ws/build/yolo_msgs' returned '0': CMAKE_PREFIX_PATH=${CMAKE_PREFIX_PATH}:/home/roboticslab/ros2_ws/install/so101_gripper_control:/home/roboticslab/ws_moveit/install/moveit_configs_utils:/opt/ros/kilted DEBUGINFOD_URLS=https://debuginfod.ubuntu.com /usr/bin/cmake --build /home/roboticslab/ros2_ws/build/yolo_msgs -- -j4 -l4
[24.711s] DEBUG:colcon.colcon_core.event_handler.log_command:Invoking command in '/home/roboticslab/ros2_ws/build/yolo_msgs': CMAKE_PREFIX_PATH=${CMAKE_PREFIX_PATH}:/home/roboticslab/ros2_ws/install/so101_gripper_control:/home/roboticslab/ws_moveit/install/moveit_configs_utils:/opt/ros/kilted DEBUGINFOD_URLS=https://debuginfod.ubuntu.com /usr/bin/cmake --install /home/roboticslab/ros2_ws/build/yolo_msgs
[28.797s] Level 1:colcon.colcon_core.environment:create_environment_scripts_only(yolo_msgs)
[28.797s] DEBUG:colcon.colcon_core.event_handler.log_command:Invoked command in '/home/roboticslab/ros2_ws/build/yolo_msgs' returned '0': CMAKE_PREFIX_PATH=${CMAKE_PREFIX_PATH}:/home/roboticslab/ros2_ws/install/so101_gripper_control:/home/roboticslab/ws_moveit/install/moveit_configs_utils:/opt/ros/kilted DEBUGINFOD_URLS=https://debuginfod.ubuntu.com /usr/bin/cmake --install /home/roboticslab/ros2_ws/build/yolo_msgs
[28.799s] Level 1:colcon.colcon_core.environment:checking '/home/roboticslab/ros2_ws/install/yolo_msgs' for CMake module files
[28.800s] Level 1:colcon.colcon_core.environment:checking '/home/roboticslab/ros2_ws/install/yolo_msgs' for CMake config files
[28.802s] Level 1:colcon.colcon_core.shell:create_environment_hook('yolo_msgs', 'cmake_prefix_path')
[28.802s] INFO:colcon.colcon_core.shell:Creating environment hook '/home/roboticslab/ros2_ws/install/yolo_msgs/share/yolo_msgs/hook/cmake_prefix_path.ps1'
[28.813s] INFO:colcon.colcon_core.shell:Creating environment descriptor '/home/roboticslab/ros2_ws/install/yolo_msgs/share/yolo_msgs/hook/cmake_prefix_path.dsv'
[28.819s] INFO:colcon.colcon_core.shell:Creating environment hook '/home/roboticslab/ros2_ws/install/yolo_msgs/share/yolo_msgs/hook/cmake_prefix_path.sh'
[28.820s] Level 1:colcon.colcon_core.environment:checking '/home/roboticslab/ros2_ws/install/yolo_msgs/lib'
[28.820s] Level 1:colcon.colcon_core.shell:create_environment_hook('yolo_msgs', 'ld_library_path_lib')
[28.821s] INFO:colcon.colcon_core.shell:Creating environment hook '/home/roboticslab/ros2_ws/install/yolo_msgs/share/yolo_msgs/hook/ld_library_path_lib.ps1'
[28.821s] INFO:colcon.colcon_core.shell:Creating environment descriptor '/home/roboticslab/ros2_ws/install/yolo_msgs/share/yolo_msgs/hook/ld_library_path_lib.dsv'
[28.821s] INFO:colcon.colcon_core.shell:Creating environment hook '/home/roboticslab/ros2_ws/install/yolo_msgs/share/yolo_msgs/hook/ld_library_path_lib.sh'
[28.822s] Level 1:colcon.colcon_core.environment:checking '/home/roboticslab/ros2_ws/install/yolo_msgs/bin'
[28.822s] Level 1:colcon.colcon_core.environment:checking '/home/roboticslab/ros2_ws/install/yolo_msgs/lib/pkgconfig/yolo_msgs.pc'
[28.822s] Level 1:colcon.colcon_core.environment:checking '/home/roboticslab/ros2_ws/install/yolo_msgs/lib/python3.12/site-packages'
[28.822s] Level 1:colcon.colcon_core.shell:create_environment_hook('yolo_msgs', 'pythonpath')
[28.822s] INFO:colcon.colcon_core.shell:Creating environment hook '/home/roboticslab/ros2_ws/install/yolo_msgs/share/yolo_msgs/hook/pythonpath.ps1'
[28.822s] INFO:colcon.colcon_core.shell:Creating environment descriptor '/home/roboticslab/ros2_ws/install/yolo_msgs/share/yolo_msgs/hook/pythonpath.dsv'
[28.823s] INFO:colcon.colcon_core.shell:Creating environment hook '/home/roboticslab/ros2_ws/install/yolo_msgs/share/yolo_msgs/hook/pythonpath.sh'
[28.823s] Level 1:colcon.colcon_core.environment:checking '/home/roboticslab/ros2_ws/install/yolo_msgs/bin'
[28.824s] INFO:colcon.colcon_core.shell:Creating package script '/home/roboticslab/ros2_ws/install/yolo_msgs/share/yolo_msgs/package.ps1'
[28.825s] INFO:colcon.colcon_core.shell:Creating package descriptor '/home/roboticslab/ros2_ws/install/yolo_msgs/share/yolo_msgs/package.dsv'
[28.825s] INFO:colcon.colcon_core.shell:Creating package script '/home/roboticslab/ros2_ws/install/yolo_msgs/share/yolo_msgs/package.sh'
[28.826s] INFO:colcon.colcon_core.shell:Creating package script '/home/roboticslab/ros2_ws/install/yolo_msgs/share/yolo_msgs/package.bash'
[28.827s] INFO:colcon.colcon_core.shell:Creating package script '/home/roboticslab/ros2_ws/install/yolo_msgs/share/yolo_msgs/package.zsh'
[28.827s] Level 1:colcon.colcon_core.environment:create_file_with_runtime_dependencies(/home/roboticslab/ros2_ws/install/yolo_msgs/share/colcon-core/packages/yolo_msgs)
[28.828s] Level 1:colcon.colcon_core.environment:create_environment_scripts_only(yolo_msgs)
[28.828s] Level 1:colcon.colcon_core.environment:checking '/home/roboticslab/ros2_ws/install/yolo_msgs' for CMake module files
[28.829s] Level 1:colcon.colcon_core.environment:checking '/home/roboticslab/ros2_ws/install/yolo_msgs' for CMake config files
[28.830s] Level 1:colcon.colcon_core.shell:create_environment_hook('yolo_msgs', 'cmake_prefix_path')
[28.830s] INFO:colcon.colcon_core.shell:Creating environment hook '/home/roboticslab/ros2_ws/install/yolo_msgs/share/yolo_msgs/hook/cmake_prefix_path.ps1'
[28.831s] INFO:colcon.colcon_core.shell:Creating environment descriptor '/home/roboticslab/ros2_ws/install/yolo_msgs/share/yolo_msgs/hook/cmake_prefix_path.dsv'
[28.831s] INFO:colcon.colcon_core.shell:Creating environment hook '/home/roboticslab/ros2_ws/install/yolo_msgs/share/yolo_msgs/hook/cmake_prefix_path.sh'
[28.832s] Level 1:colcon.colcon_core.environment:checking '/home/roboticslab/ros2_ws/install/yolo_msgs/lib'
[28.832s] Level 1:colcon.colcon_core.shell:create_environment_hook('yolo_msgs', 'ld_library_path_lib')
[28.832s] INFO:colcon.colcon_core.shell:Creating environment hook '/home/roboticslab/ros2_ws/install/yolo_msgs/share/yolo_msgs/hook/ld_library_path_lib.ps1'
[28.832s] INFO:colcon.colcon_core.shell:Creating environment descriptor '/home/roboticslab/ros2_ws/install/yolo_msgs/share/yolo_msgs/hook/ld_library_path_lib.dsv'
[28.833s] INFO:colcon.colcon_core.shell:Creating environment hook '/home/roboticslab/ros2_ws/install/yolo_msgs/share/yolo_msgs/hook/ld_library_path_lib.sh'
[28.833s] Level 1:colcon.colcon_core.environment:checking '/home/roboticslab/ros2_ws/install/yolo_msgs/bin'
[28.833s] Level 1:colcon.colcon_core.environment:checking '/home/roboticslab/ros2_ws/install/yolo_msgs/lib/pkgconfig/yolo_msgs.pc'
[28.833s] Level 1:colcon.colcon_core.environment:checking '/home/roboticslab/ros2_ws/install/yolo_msgs/lib/python3.12/site-packages'
[28.833s] Level 1:colcon.colcon_core.shell:create_environment_hook('yolo_msgs', 'pythonpath')
[28.834s] INFO:colcon.colcon_core.shell:Creating environment hook '/home/roboticslab/ros2_ws/install/yolo_msgs/share/yolo_msgs/hook/pythonpath.ps1'
[28.834s] INFO:colcon.colcon_core.shell:Creating environment descriptor '/home/roboticslab/ros2_ws/install/yolo_msgs/share/yolo_msgs/hook/pythonpath.dsv'
[28.834s] INFO:colcon.colcon_core.shell:Creating environment hook '/home/roboticslab/ros2_ws/install/yolo_msgs/share/yolo_msgs/hook/pythonpath.sh'
[28.835s] Level 1:colcon.colcon_core.environment:checking '/home/roboticslab/ros2_ws/install/yolo_msgs/bin'
[28.835s] INFO:colcon.colcon_core.shell:Creating package script '/home/roboticslab/ros2_ws/install/yolo_msgs/share/yolo_msgs/package.ps1'
[28.836s] INFO:colcon.colcon_core.shell:Creating package descriptor '/home/roboticslab/ros2_ws/install/yolo_msgs/share/yolo_msgs/package.dsv'
[28.836s] INFO:colcon.colcon_core.shell:Creating package script '/home/roboticslab/ros2_ws/install/yolo_msgs/share/yolo_msgs/package.sh'
[28.837s] INFO:colcon.colcon_core.shell:Creating package script '/home/roboticslab/ros2_ws/install/yolo_msgs/share/yolo_msgs/package.bash'
[28.837s] INFO:colcon.colcon_core.shell:Creating package script '/home/roboticslab/ros2_ws/install/yolo_msgs/share/yolo_msgs/package.zsh'
[28.837s] Level 1:colcon.colcon_core.environment:create_file_with_runtime_dependencies(/home/roboticslab/ros2_ws/install/yolo_msgs/share/colcon-core/packages/yolo_msgs)
[28.838s] INFO:colcon.colcon_ros.task.ament_python.build:Building ROS package in '/home/roboticslab/ros2_ws/src/yolo_ros/yolo_ros' with build type 'ament_python'
[28.838s] Level 1:colcon.colcon_core.shell:create_environment_hook('yolo_ros', 'ament_prefix_path')
[28.838s] INFO:colcon.colcon_core.shell:Creating environment hook '/home/roboticslab/ros2_ws/install/yolo_ros/share/yolo_ros/hook/ament_prefix_path.ps1'
[28.839s] INFO:colcon.colcon_core.shell:Creating environment descriptor '/home/roboticslab/ros2_ws/install/yolo_ros/share/yolo_ros/hook/ament_prefix_path.dsv'
[28.840s] INFO:colcon.colcon_core.shell:Creating environment hook '/home/roboticslab/ros2_ws/install/yolo_ros/share/yolo_ros/hook/ament_prefix_path.sh'
[28.841s] INFO:colcon.colcon_core.shell:Skip shell extension 'powershell' for command environment: Not usable outside of PowerShell
[28.841s] DEBUG:colcon.colcon_core.shell:Skip shell extension 'dsv' for command environment
[29.206s] INFO:colcon.colcon_core.task.python.build:Building Python package in '/home/roboticslab/ros2_ws/src/yolo_ros/yolo_ros'
[29.206s] INFO:colcon.colcon_core.shell:Skip shell extension 'powershell' for command environment: Not usable outside of PowerShell
[29.206s] DEBUG:colcon.colcon_core.shell:Skip shell extension 'dsv' for command environment
[35.039s] DEBUG:colcon.colcon_core.event_handler.log_command:Invoking command in '/home/roboticslab/ros2_ws/build/yolo_ros': AMENT_PREFIX_PATH=/home/roboticslab/ros2_ws/install/yolo_msgs:${AMENT_PREFIX_PATH} CMAKE_PREFIX_PATH=/home/roboticslab/ros2_ws/install/yolo_msgs:${CMAKE_PREFIX_PATH} DEBUGINFOD_URLS=https://debuginfod.ubuntu.com LD_LIBRARY_PATH=/home/roboticslab/ros2_ws/install/yolo_msgs/lib:${LD_LIBRARY_PATH} PYTHONPATH=/home/roboticslab/ros2_ws/build/yolo_ros/prefix_override:/usr/lib/python3/dist-packages/colcon_core/task/python/colcon_distutils_commands:/home/roboticslab/ros2_ws/install/yolo_ros/lib/python3.12/site-packages:/home/roboticslab/ros2_ws/install/yolo_msgs/lib/python3.12/site-packages:${PYTHONPATH} /usr/bin/python3 -W ignore:setup.py install is deprecated -W ignore:easy_install command is deprecated setup.py develop --editable --build-directory /home/roboticslab/ros2_ws/build/yolo_ros/build --no-deps symlink_data
[36.169s] Level 1:colcon.colcon_core.shell:create_environment_hook('yolo_ros', 'pythonpath_develop')
[36.170s] INFO:colcon.colcon_core.shell:Creating environment hook '/home/roboticslab/ros2_ws/build/yolo_ros/share/yolo_ros/hook/pythonpath_develop.ps1'
[36.170s] DEBUG:colcon.colcon_core.event_handler.log_command:Invoked command in '/home/roboticslab/ros2_ws/build/yolo_ros' returned '0': AMENT_PREFIX_PATH=/home/roboticslab/ros2_ws/install/yolo_msgs:${AMENT_PREFIX_PATH} CMAKE_PREFIX_PATH=/home/roboticslab/ros2_ws/install/yolo_msgs:${CMAKE_PREFIX_PATH} DEBUGINFOD_URLS=https://debuginfod.ubuntu.com LD_LIBRARY_PATH=/home/roboticslab/ros2_ws/install/yolo_msgs/lib:${LD_LIBRARY_PATH} PYTHONPATH=/home/roboticslab/ros2_ws/build/yolo_ros/prefix_override:/usr/lib/python3/dist-packages/colcon_core/task/python/colcon_distutils_commands:/home/roboticslab/ros2_ws/install/yolo_ros/lib/python3.12/site-packages:/home/roboticslab/ros2_ws/install/yolo_msgs/lib/python3.12/site-packages:${PYTHONPATH} /usr/bin/python3 -W ignore:setup.py install is deprecated -W ignore:easy_install command is deprecated setup.py develop --editable --build-directory /home/roboticslab/ros2_ws/build/yolo_ros/build --no-deps symlink_data
[36.170s] INFO:colcon.colcon_core.shell:Creating environment descriptor '/home/roboticslab/ros2_ws/build/yolo_ros/share/yolo_ros/hook/pythonpath_develop.dsv'
[36.171s] INFO:colcon.colcon_core.shell:Creating environment hook '/home/roboticslab/ros2_ws/build/yolo_ros/share/yolo_ros/hook/pythonpath_develop.sh'
[36.171s] Level 1:colcon.colcon_core.environment:checking '/home/roboticslab/ros2_ws/install/yolo_ros' for CMake module files
[36.172s] Level 1:colcon.colcon_core.environment:checking '/home/roboticslab/ros2_ws/install/yolo_ros' for CMake config files
[36.172s] Level 1:colcon.colcon_core.environment:checking '/home/roboticslab/ros2_ws/install/yolo_ros/lib'
[36.172s] Level 1:colcon.colcon_core.environment:checking '/home/roboticslab/ros2_ws/install/yolo_ros/bin'
[36.172s] Level 1:colcon.colcon_core.environment:checking '/home/roboticslab/ros2_ws/install/yolo_ros/lib/pkgconfig/yolo_ros.pc'
[36.173s] Level 1:colcon.colcon_core.environment:checking '/home/roboticslab/ros2_ws/install/yolo_ros/lib/python3.12/site-packages'
[36.173s] Level 1:colcon.colcon_core.shell:create_environment_hook('yolo_ros', 'pythonpath')
[36.173s] INFO:colcon.colcon_core.shell:Creating environment hook '/home/roboticslab/ros2_ws/install/yolo_ros/share/yolo_ros/hook/pythonpath.ps1'
[36.173s] INFO:colcon.colcon_core.shell:Creating environment descriptor '/home/roboticslab/ros2_ws/install/yolo_ros/share/yolo_ros/hook/pythonpath.dsv'
[36.174s] INFO:colcon.colcon_core.shell:Creating environment hook '/home/roboticslab/ros2_ws/install/yolo_ros/share/yolo_ros/hook/pythonpath.sh'
[36.174s] Level 1:colcon.colcon_core.environment:checking '/home/roboticslab/ros2_ws/install/yolo_ros/bin'
[36.174s] Level 1:colcon.colcon_core.environment:create_environment_scripts_only(yolo_ros)
[36.174s] INFO:colcon.colcon_core.shell:Creating package script '/home/roboticslab/ros2_ws/install/yolo_ros/share/yolo_ros/package.ps1'
[36.175s] INFO:colcon.colcon_core.shell:Creating package descriptor '/home/roboticslab/ros2_ws/install/yolo_ros/share/yolo_ros/package.dsv'
[36.175s] INFO:colcon.colcon_core.shell:Creating package script '/home/roboticslab/ros2_ws/install/yolo_ros/share/yolo_ros/package.sh'
[36.176s] INFO:colcon.colcon_core.shell:Creating package script '/home/roboticslab/ros2_ws/install/yolo_ros/share/yolo_ros/package.bash'
[36.176s] INFO:colcon.colcon_core.shell:Creating package script '/home/roboticslab/ros2_ws/install/yolo_ros/share/yolo_ros/package.zsh'
[36.177s] Level 1:colcon.colcon_core.environment:create_file_with_runtime_dependencies(/home/roboticslab/ros2_ws/install/yolo_ros/share/colcon-core/packages/yolo_ros)
[36.177s] INFO:colcon.colcon_ros.task.ament_cmake.build:Building ROS package in '/home/roboticslab/ros2_ws/src/yolo_ros/yolo_bringup' with build type 'ament_cmake'
[36.177s] INFO:colcon.colcon_cmake.task.cmake.build:Building CMake package in '/home/roboticslab/ros2_ws/src/yolo_ros/yolo_bringup'
[36.177s] INFO:colcon.colcon_core.shell:Skip shell extension 'powershell' for command environment: Not usable outside of PowerShell
[36.177s] DEBUG:colcon.colcon_core.shell:Skip shell extension 'dsv' for command environment
[36.198s] DEBUG:colcon.colcon_core.event_handler.log_command:Invoking command in '/home/roboticslab/ros2_ws/build/yolo_bringup': AMENT_PREFIX_PATH=/home/roboticslab/ros2_ws/install/yolo_ros:/home/roboticslab/ros2_ws/install/yolo_msgs:${AMENT_PREFIX_PATH} CMAKE_PREFIX_PATH=/home/roboticslab/ros2_ws/install/yolo_msgs:/home/roboticslab/ws_moveit/install/robotiq_hardware_tests:/home/roboticslab/ws_moveit/install/robotiq_driver:/home/roboticslab/ws_moveit/install/serial:/home/roboticslab/ws_moveit/install/moveit2_tutorials:/home/roboticslab/ws_moveit/install/moveit_visual_tools:/home/roboticslab/ws_moveit/install/rviz_visual_tools:/home/roboticslab/ws_moveit/install/moveit_task_constructor_demo:/home/roboticslab/ws_moveit/install/moveit_task_constructor_visualization:/home/roboticslab/ws_moveit/install/moveit_task_constructor_capabilities:/home/roboticslab/ws_moveit/install/moveit_task_constructor_core:/home/roboticslab/ws_moveit/install/rviz_marker_tools:/home/roboticslab/ws_moveit/install/kortex_bringup:/home/roboticslab/ws_moveit/install/kinova_gen3_lite_moveit_config:/home/roboticslab/ws_moveit/install/kinova_gen3_7dof_robotiq_2f_85_moveit_config:/home/roboticslab/ws_moveit/install/kinova_gen3_6dof_robotiq_2f_85_moveit_config:/home/roboticslab/ws_moveit/install/kortex_description:/home/roboticslab/ws_moveit/install/robotiq_description:/home/roboticslab/ws_moveit/install/robotiq_controllers:/home/roboticslab/ws_moveit/install/pilz_industrial_motion_planner_testutils:/home/roboticslab/ws_moveit/install/moveit_runtime:/home/roboticslab/ws_moveit/install/moveit:/home/roboticslab/ws_moveit/install/moveit_planners:/home/roboticslab/ws_moveit/install/pilz_industrial_motion_planner:/home/roboticslab/ws_moveit/install/moveit_task_constructor_msgs:/home/roboticslab/ws_moveit/install/moveit_ros_control_interface:/home/roboticslab/ws_moveit/install/moveit_plugins:/home/roboticslab/ws_moveit/install/moveit_simple_controller_manager:/home/roboticslab/ws_moveit/install/moveit_setup_assistant:/home/roboticslab/ws_moveit/install/moveit_setup_srdf_plugins:/home/roboticslab/ws_moveit/install/moveit_setup_core_plugins:/home/roboticslab/ws_moveit/install/moveit_setup_controllers:/home/roboticslab/ws_moveit/install/moveit_setup_app_plugins:/home/roboticslab/ws_moveit/install/moveit_setup_framework:/home/roboticslab/ws_moveit/install/moveit_servo:/home/roboticslab/ws_moveit/install/moveit_ros_trajectory_cache:/home/roboticslab/ws_moveit/install/moveit_ros:/home/roboticslab/ws_moveit/install/moveit_ros_visualization:/home/roboticslab/ws_moveit/install/moveit_py:/home/roboticslab/ws_moveit/install/moveit_hybrid_planning:/home/roboticslab/ws_moveit/install/moveit_ros_planning_interface:/home/roboticslab/ws_moveit/install/moveit_ros_benchmarks:/home/roboticslab/ws_moveit/install/moveit_ros_warehouse:/home/roboticslab/ws_moveit/install/moveit_ros_robot_interaction:/home/roboticslab/ws_moveit/install/moveit_ros_perception:/home/roboticslab/ws_moveit/install/moveit_resources_prbt_pg70_support:/home/roboticslab/ws_moveit/install/moveit_resources_prbt_moveit_config:/home/roboticslab/ws_moveit/install/moveit_ros_move_group:/home/roboticslab/ws_moveit/install/moveit_planners_ompl:/home/roboticslab/ws_moveit/install/moveit_kinematics:/home/roboticslab/ws_moveit/install/moveit_ros_planning:/home/roboticslab/ws_moveit/install/moveit_ros_occupancy_map_monitor:/home/roboticslab/ws_moveit/install/moveit_resources_prbt_support:/home/roboticslab/ws_moveit/install/moveit_resources_prbt_ikfast_manipulator_plugin:/home/roboticslab/ws_moveit/install/moveit_resources:/home/roboticslab/ws_moveit/install/moveit_resources_pr2_description:/home/roboticslab/ws_moveit/install/moveit_resources_panda_moveit_config:/home/roboticslab/ws_moveit/install/dual_arm_panda_moveit_config:/home/roboticslab/ws_moveit/install/moveit_resources_panda_description:/home/roboticslab/ws_moveit/install/moveit_resources_fanuc_moveit_config:/home/roboticslab/ws_moveit/install/moveit_resources_fanuc_description:/home/roboticslab/ws_moveit/install/moveit_planners_stomp:/home/roboticslab/ws_moveit/install/moveit_planners_chomp:/home/roboticslab/ws_moveit/install/chomp_motion_planner:/home/roboticslab/ws_moveit/install/moveit_core:/home/roboticslab/ws_moveit/install/moveit_msgs:/home/roboticslab/ws_moveit/install/moveit_common:/home/roboticslab/ws_moveit/install/kortex_driver:/home/roboticslab/ws_moveit/install/kortex_api:/opt/ros/kilted/opt/gz_sim_vendor:/opt/ros/kilted/opt/gz_sensors_vendor:/opt/ros/kilted/opt/gz_physics_vendor:/opt/ros/kilted/opt/sdformat_vendor:/opt/ros/kilted/opt/gz_gui_vendor:/opt/ros/kilted/opt/gz_transport_vendor:/opt/ros/kilted/opt/gz_rendering_vendor:/opt/ros/kilted/opt/gz_plugin_vendor:/opt/ros/kilted/opt/gz_fuel_tools_vendor:/opt/ros/kilted/opt/gz_msgs_vendor:/opt/ros/kilted/opt/gz_common_vendor:/opt/ros/kilted/opt/gz_math_vendor:/opt/ros/kilted/opt/gz_utils_vendor:/opt/ros/kilted/opt/gz_tools_vendor:/opt/ros/kilted/opt/gz_ogre_next_vendor:/opt/ros/kilted/opt/gz_dartsim_vendor:/opt/ros/kilted/opt/gz_cmake_vendor:/home/roboticslab/ros2_ws/install/so101_gripper_control:/home/roboticslab/ws_moveit/install/moveit_configs_utils:/opt/ros/kilted DEBUGINFOD_URLS=https://debuginfod.ubuntu.com LD_LIBRARY_PATH=/home/roboticslab/ros2_ws/install/yolo_msgs/lib:${LD_LIBRARY_PATH} PYTHONPATH=/home/roboticslab/ros2_ws/build/yolo_ros:/home/roboticslab/ros2_ws/install/yolo_ros/lib/python3.12/site-packages:/home/roboticslab/ros2_ws/install/yolo_msgs/lib/python3.12/site-packages:${PYTHONPATH} /usr/bin/cmake /home/roboticslab/ros2_ws/src/yolo_ros/yolo_bringup -DAMENT_CMAKE_SYMLINK_INSTALL=1 -DCMAKE_INSTALL_PREFIX=/home/roboticslab/ros2_ws/install/yolo_bringup
[37.232s] DEBUG:colcon.colcon_core.event_handler.log_command:Invoked command in '/home/roboticslab/ros2_ws/build/yolo_bringup' returned '0': AMENT_PREFIX_PATH=/home/roboticslab/ros2_ws/install/yolo_ros:/home/roboticslab/ros2_ws/install/yolo_msgs:${AMENT_PREFIX_PATH} CMAKE_PREFIX_PATH=/home/roboticslab/ros2_ws/install/yolo_msgs:/home/roboticslab/ws_moveit/install/robotiq_hardware_tests:/home/roboticslab/ws_moveit/install/robotiq_driver:/home/roboticslab/ws_moveit/install/serial:/home/roboticslab/ws_moveit/install/moveit2_tutorials:/home/roboticslab/ws_moveit/install/moveit_visual_tools:/home/roboticslab/ws_moveit/install/rviz_visual_tools:/home/roboticslab/ws_moveit/install/moveit_task_constructor_demo:/home/roboticslab/ws_moveit/install/moveit_task_constructor_visualization:/home/roboticslab/ws_moveit/install/moveit_task_constructor_capabilities:/home/roboticslab/ws_moveit/install/moveit_task_constructor_core:/home/roboticslab/ws_moveit/install/rviz_marker_tools:/home/roboticslab/ws_moveit/install/kortex_bringup:/home/roboticslab/ws_moveit/install/kinova_gen3_lite_moveit_config:/home/roboticslab/ws_moveit/install/kinova_gen3_7dof_robotiq_2f_85_moveit_config:/home/roboticslab/ws_moveit/install/kinova_gen3_6dof_robotiq_2f_85_moveit_config:/home/roboticslab/ws_moveit/install/kortex_description:/home/roboticslab/ws_moveit/install/robotiq_description:/home/roboticslab/ws_moveit/install/robotiq_controllers:/home/roboticslab/ws_moveit/install/pilz_industrial_motion_planner_testutils:/home/roboticslab/ws_moveit/install/moveit_runtime:/home/roboticslab/ws_moveit/install/moveit:/home/roboticslab/ws_moveit/install/moveit_planners:/home/roboticslab/ws_moveit/install/pilz_industrial_motion_planner:/home/roboticslab/ws_moveit/install/moveit_task_constructor_msgs:/home/roboticslab/ws_moveit/install/moveit_ros_control_interface:/home/roboticslab/ws_moveit/install/moveit_plugins:/home/roboticslab/ws_moveit/install/moveit_simple_controller_manager:/home/roboticslab/ws_moveit/install/moveit_setup_assistant:/home/roboticslab/ws_moveit/install/moveit_setup_srdf_plugins:/home/roboticslab/ws_moveit/install/moveit_setup_core_plugins:/home/roboticslab/ws_moveit/install/moveit_setup_controllers:/home/roboticslab/ws_moveit/install/moveit_setup_app_plugins:/home/roboticslab/ws_moveit/install/moveit_setup_framework:/home/roboticslab/ws_moveit/install/moveit_servo:/home/roboticslab/ws_moveit/install/moveit_ros_trajectory_cache:/home/roboticslab/ws_moveit/install/moveit_ros:/home/roboticslab/ws_moveit/install/moveit_ros_visualization:/home/roboticslab/ws_moveit/install/moveit_py:/home/roboticslab/ws_moveit/install/moveit_hybrid_planning:/home/roboticslab/ws_moveit/install/moveit_ros_planning_interface:/home/roboticslab/ws_moveit/install/moveit_ros_benchmarks:/home/roboticslab/ws_moveit/install/moveit_ros_warehouse:/home/roboticslab/ws_moveit/install/moveit_ros_robot_interaction:/home/roboticslab/ws_moveit/install/moveit_ros_perception:/home/roboticslab/ws_moveit/install/moveit_resources_prbt_pg70_support:/home/roboticslab/ws_moveit/install/moveit_resources_prbt_moveit_config:/home/roboticslab/ws_moveit/install/moveit_ros_move_group:/home/roboticslab/ws_moveit/install/moveit_planners_ompl:/home/roboticslab/ws_moveit/install/moveit_kinematics:/home/roboticslab/ws_moveit/install/moveit_ros_planning:/home/roboticslab/ws_moveit/install/moveit_ros_occupancy_map_monitor:/home/roboticslab/ws_moveit/install/moveit_resources_prbt_support:/home/roboticslab/ws_moveit/install/moveit_resources_prbt_ikfast_manipulator_plugin:/home/roboticslab/ws_moveit/install/moveit_resources:/home/roboticslab/ws_moveit/install/moveit_resources_pr2_description:/home/roboticslab/ws_moveit/install/moveit_resources_panda_moveit_config:/home/roboticslab/ws_moveit/install/dual_arm_panda_moveit_config:/home/roboticslab/ws_moveit/install/moveit_resources_panda_description:/home/roboticslab/ws_moveit/install/moveit_resources_fanuc_moveit_config:/home/roboticslab/ws_moveit/install/moveit_resources_fanuc_description:/home/roboticslab/ws_moveit/install/moveit_planners_stomp:/home/roboticslab/ws_moveit/install/moveit_planners_chomp:/home/roboticslab/ws_moveit/install/chomp_motion_planner:/home/roboticslab/ws_moveit/install/moveit_core:/home/roboticslab/ws_moveit/install/moveit_msgs:/home/roboticslab/ws_moveit/install/moveit_common:/home/roboticslab/ws_moveit/install/kortex_driver:/home/roboticslab/ws_moveit/install/kortex_api:/opt/ros/kilted/opt/gz_sim_vendor:/opt/ros/kilted/opt/gz_sensors_vendor:/opt/ros/kilted/opt/gz_physics_vendor:/opt/ros/kilted/opt/sdformat_vendor:/opt/ros/kilted/opt/gz_gui_vendor:/opt/ros/kilted/opt/gz_transport_vendor:/opt/ros/kilted/opt/gz_rendering_vendor:/opt/ros/kilted/opt/gz_plugin_vendor:/opt/ros/kilted/opt/gz_fuel_tools_vendor:/opt/ros/kilted/opt/gz_msgs_vendor:/opt/ros/kilted/opt/gz_common_vendor:/opt/ros/kilted/opt/gz_math_vendor:/opt/ros/kilted/opt/gz_utils_vendor:/opt/ros/kilted/opt/gz_tools_vendor:/opt/ros/kilted/opt/gz_ogre_next_vendor:/opt/ros/kilted/opt/gz_dartsim_vendor:/opt/ros/kilted/opt/gz_cmake_vendor:/home/roboticslab/ros2_ws/install/so101_gripper_control:/home/roboticslab/ws_moveit/install/moveit_configs_utils:/opt/ros/kilted DEBUGINFOD_URLS=https://debuginfod.ubuntu.com LD_LIBRARY_PATH=/home/roboticslab/ros2_ws/install/yolo_msgs/lib:${LD_LIBRARY_PATH} PYTHONPATH=/home/roboticslab/ros2_ws/build/yolo_ros:/home/roboticslab/ros2_ws/install/yolo_ros/lib/python3.12/site-packages:/home/roboticslab/ros2_ws/install/yolo_msgs/lib/python3.12/site-packages:${PYTHONPATH} /usr/bin/cmake /home/roboticslab/ros2_ws/src/yolo_ros/yolo_bringup -DAMENT_CMAKE_SYMLINK_INSTALL=1 -DCMAKE_INSTALL_PREFIX=/home/roboticslab/ros2_ws/install/yolo_bringup
[37.233s] DEBUG:colcon.colcon_core.event_handler.log_command:Invoking command in '/home/roboticslab/ros2_ws/build/yolo_bringup': AMENT_PREFIX_PATH=/home/roboticslab/ros2_ws/install/yolo_ros:/home/roboticslab/ros2_ws/install/yolo_msgs:${AMENT_PREFIX_PATH} CMAKE_PREFIX_PATH=/home/roboticslab/ros2_ws/install/yolo_msgs:/home/roboticslab/ws_moveit/install/robotiq_hardware_tests:/home/roboticslab/ws_moveit/install/robotiq_driver:/home/roboticslab/ws_moveit/install/serial:/home/roboticslab/ws_moveit/install/moveit2_tutorials:/home/roboticslab/ws_moveit/install/moveit_visual_tools:/home/roboticslab/ws_moveit/install/rviz_visual_tools:/home/roboticslab/ws_moveit/install/moveit_task_constructor_demo:/home/roboticslab/ws_moveit/install/moveit_task_constructor_visualization:/home/roboticslab/ws_moveit/install/moveit_task_constructor_capabilities:/home/roboticslab/ws_moveit/install/moveit_task_constructor_core:/home/roboticslab/ws_moveit/install/rviz_marker_tools:/home/roboticslab/ws_moveit/install/kortex_bringup:/home/roboticslab/ws_moveit/install/kinova_gen3_lite_moveit_config:/home/roboticslab/ws_moveit/install/kinova_gen3_7dof_robotiq_2f_85_moveit_config:/home/roboticslab/ws_moveit/install/kinova_gen3_6dof_robotiq_2f_85_moveit_config:/home/roboticslab/ws_moveit/install/kortex_description:/home/roboticslab/ws_moveit/install/robotiq_description:/home/roboticslab/ws_moveit/install/robotiq_controllers:/home/roboticslab/ws_moveit/install/pilz_industrial_motion_planner_testutils:/home/roboticslab/ws_moveit/install/moveit_runtime:/home/roboticslab/ws_moveit/install/moveit:/home/roboticslab/ws_moveit/install/moveit_planners:/home/roboticslab/ws_moveit/install/pilz_industrial_motion_planner:/home/roboticslab/ws_moveit/install/moveit_task_constructor_msgs:/home/roboticslab/ws_moveit/install/moveit_ros_control_interface:/home/roboticslab/ws_moveit/install/moveit_plugins:/home/roboticslab/ws_moveit/install/moveit_simple_controller_manager:/home/roboticslab/ws_moveit/install/moveit_setup_assistant:/home/roboticslab/ws_moveit/install/moveit_setup_srdf_plugins:/home/roboticslab/ws_moveit/install/moveit_setup_core_plugins:/home/roboticslab/ws_moveit/install/moveit_setup_controllers:/home/roboticslab/ws_moveit/install/moveit_setup_app_plugins:/home/roboticslab/ws_moveit/install/moveit_setup_framework:/home/roboticslab/ws_moveit/install/moveit_servo:/home/roboticslab/ws_moveit/install/moveit_ros_trajectory_cache:/home/roboticslab/ws_moveit/install/moveit_ros:/home/roboticslab/ws_moveit/install/moveit_ros_visualization:/home/roboticslab/ws_moveit/install/moveit_py:/home/roboticslab/ws_moveit/install/moveit_hybrid_planning:/home/roboticslab/ws_moveit/install/moveit_ros_planning_interface:/home/roboticslab/ws_moveit/install/moveit_ros_benchmarks:/home/roboticslab/ws_moveit/install/moveit_ros_warehouse:/home/roboticslab/ws_moveit/install/moveit_ros_robot_interaction:/home/roboticslab/ws_moveit/install/moveit_ros_perception:/home/roboticslab/ws_moveit/install/moveit_resources_prbt_pg70_support:/home/roboticslab/ws_moveit/install/moveit_resources_prbt_moveit_config:/home/roboticslab/ws_moveit/install/moveit_ros_move_group:/home/roboticslab/ws_moveit/install/moveit_planners_ompl:/home/roboticslab/ws_moveit/install/moveit_kinematics:/home/roboticslab/ws_moveit/install/moveit_ros_planning:/home/roboticslab/ws_moveit/install/moveit_ros_occupancy_map_monitor:/home/roboticslab/ws_moveit/install/moveit_resources_prbt_support:/home/roboticslab/ws_moveit/install/moveit_resources_prbt_ikfast_manipulator_plugin:/home/roboticslab/ws_moveit/install/moveit_resources:/home/roboticslab/ws_moveit/install/moveit_resources_pr2_description:/home/roboticslab/ws_moveit/install/moveit_resources_panda_moveit_config:/home/roboticslab/ws_moveit/install/dual_arm_panda_moveit_config:/home/roboticslab/ws_moveit/install/moveit_resources_panda_description:/home/roboticslab/ws_moveit/install/moveit_resources_fanuc_moveit_config:/home/roboticslab/ws_moveit/install/moveit_resources_fanuc_description:/home/roboticslab/ws_moveit/install/moveit_planners_stomp:/home/roboticslab/ws_moveit/install/moveit_planners_chomp:/home/roboticslab/ws_moveit/install/chomp_motion_planner:/home/roboticslab/ws_moveit/install/moveit_core:/home/roboticslab/ws_moveit/install/moveit_msgs:/home/roboticslab/ws_moveit/install/moveit_common:/home/roboticslab/ws_moveit/install/kortex_driver:/home/roboticslab/ws_moveit/install/kortex_api:/opt/ros/kilted/opt/gz_sim_vendor:/opt/ros/kilted/opt/gz_sensors_vendor:/opt/ros/kilted/opt/gz_physics_vendor:/opt/ros/kilted/opt/sdformat_vendor:/opt/ros/kilted/opt/gz_gui_vendor:/opt/ros/kilted/opt/gz_transport_vendor:/opt/ros/kilted/opt/gz_rendering_vendor:/opt/ros/kilted/opt/gz_plugin_vendor:/opt/ros/kilted/opt/gz_fuel_tools_vendor:/opt/ros/kilted/opt/gz_msgs_vendor:/opt/ros/kilted/opt/gz_common_vendor:/opt/ros/kilted/opt/gz_math_vendor:/opt/ros/kilted/opt/gz_utils_vendor:/opt/ros/kilted/opt/gz_tools_vendor:/opt/ros/kilted/opt/gz_ogre_next_vendor:/opt/ros/kilted/opt/gz_dartsim_vendor:/opt/ros/kilted/opt/gz_cmake_vendor:/home/roboticslab/ros2_ws/install/so101_gripper_control:/home/roboticslab/ws_moveit/install/moveit_configs_utils:/opt/ros/kilted DEBUGINFOD_URLS=https://debuginfod.ubuntu.com LD_LIBRARY_PATH=/home/roboticslab/ros2_ws/install/yolo_msgs/lib:${LD_LIBRARY_PATH} PYTHONPATH=/home/roboticslab/ros2_ws/build/yolo_ros:/home/roboticslab/ros2_ws/install/yolo_ros/lib/python3.12/site-packages:/home/roboticslab/ros2_ws/install/yolo_msgs/lib/python3.12/site-packages:${PYTHONPATH} /usr/bin/cmake --build /home/roboticslab/ros2_ws/build/yolo_bringup -- -j4 -l4
[37.290s] DEBUG:colcon.colcon_core.event_handler.log_command:Invoked command in '/home/roboticslab/ros2_ws/build/yolo_bringup' returned '0': AMENT_PREFIX_PATH=/home/roboticslab/ros2_ws/install/yolo_ros:/home/roboticslab/ros2_ws/install/yolo_msgs:${AMENT_PREFIX_PATH} CMAKE_PREFIX_PATH=/home/roboticslab/ros2_ws/install/yolo_msgs:/home/roboticslab/ws_moveit/install/robotiq_hardware_tests:/home/roboticslab/ws_moveit/install/robotiq_driver:/home/roboticslab/ws_moveit/install/serial:/home/roboticslab/ws_moveit/install/moveit2_tutorials:/home/roboticslab/ws_moveit/install/moveit_visual_tools:/home/roboticslab/ws_moveit/install/rviz_visual_tools:/home/roboticslab/ws_moveit/install/moveit_task_constructor_demo:/home/roboticslab/ws_moveit/install/moveit_task_constructor_visualization:/home/roboticslab/ws_moveit/install/moveit_task_constructor_capabilities:/home/roboticslab/ws_moveit/install/moveit_task_constructor_core:/home/roboticslab/ws_moveit/install/rviz_marker_tools:/home/roboticslab/ws_moveit/install/kortex_bringup:/home/roboticslab/ws_moveit/install/kinova_gen3_lite_moveit_config:/home/roboticslab/ws_moveit/install/kinova_gen3_7dof_robotiq_2f_85_moveit_config:/home/roboticslab/ws_moveit/install/kinova_gen3_6dof_robotiq_2f_85_moveit_config:/home/roboticslab/ws_moveit/install/kortex_description:/home/roboticslab/ws_moveit/install/robotiq_description:/home/roboticslab/ws_moveit/install/robotiq_controllers:/home/roboticslab/ws_moveit/install/pilz_industrial_motion_planner_testutils:/home/roboticslab/ws_moveit/install/moveit_runtime:/home/roboticslab/ws_moveit/install/moveit:/home/roboticslab/ws_moveit/install/moveit_planners:/home/roboticslab/ws_moveit/install/pilz_industrial_motion_planner:/home/roboticslab/ws_moveit/install/moveit_task_constructor_msgs:/home/roboticslab/ws_moveit/install/moveit_ros_control_interface:/home/roboticslab/ws_moveit/install/moveit_plugins:/home/roboticslab/ws_moveit/install/moveit_simple_controller_manager:/home/roboticslab/ws_moveit/install/moveit_setup_assistant:/home/roboticslab/ws_moveit/install/moveit_setup_srdf_plugins:/home/roboticslab/ws_moveit/install/moveit_setup_core_plugins:/home/roboticslab/ws_moveit/install/moveit_setup_controllers:/home/roboticslab/ws_moveit/install/moveit_setup_app_plugins:/home/roboticslab/ws_moveit/install/moveit_setup_framework:/home/roboticslab/ws_moveit/install/moveit_servo:/home/roboticslab/ws_moveit/install/moveit_ros_trajectory_cache:/home/roboticslab/ws_moveit/install/moveit_ros:/home/roboticslab/ws_moveit/install/moveit_ros_visualization:/home/roboticslab/ws_moveit/install/moveit_py:/home/roboticslab/ws_moveit/install/moveit_hybrid_planning:/home/roboticslab/ws_moveit/install/moveit_ros_planning_interface:/home/roboticslab/ws_moveit/install/moveit_ros_benchmarks:/home/roboticslab/ws_moveit/install/moveit_ros_warehouse:/home/roboticslab/ws_moveit/install/moveit_ros_robot_interaction:/home/roboticslab/ws_moveit/install/moveit_ros_perception:/home/roboticslab/ws_moveit/install/moveit_resources_prbt_pg70_support:/home/roboticslab/ws_moveit/install/moveit_resources_prbt_moveit_config:/home/roboticslab/ws_moveit/install/moveit_ros_move_group:/home/roboticslab/ws_moveit/install/moveit_planners_ompl:/home/roboticslab/ws_moveit/install/moveit_kinematics:/home/roboticslab/ws_moveit/install/moveit_ros_planning:/home/roboticslab/ws_moveit/install/moveit_ros_occupancy_map_monitor:/home/roboticslab/ws_moveit/install/moveit_resources_prbt_support:/home/roboticslab/ws_moveit/install/moveit_resources_prbt_ikfast_manipulator_plugin:/home/roboticslab/ws_moveit/install/moveit_resources:/home/roboticslab/ws_moveit/install/moveit_resources_pr2_description:/home/roboticslab/ws_moveit/install/moveit_resources_panda_moveit_config:/home/roboticslab/ws_moveit/install/dual_arm_panda_moveit_config:/home/roboticslab/ws_moveit/install/moveit_resources_panda_description:/home/roboticslab/ws_moveit/install/moveit_resources_fanuc_moveit_config:/home/roboticslab/ws_moveit/install/moveit_resources_fanuc_description:/home/roboticslab/ws_moveit/install/moveit_planners_stomp:/home/roboticslab/ws_moveit/install/moveit_planners_chomp:/home/roboticslab/ws_moveit/install/chomp_motion_planner:/home/roboticslab/ws_moveit/install/moveit_core:/home/roboticslab/ws_moveit/install/moveit_msgs:/home/roboticslab/ws_moveit/install/moveit_common:/home/roboticslab/ws_moveit/install/kortex_driver:/home/roboticslab/ws_moveit/install/kortex_api:/opt/ros/kilted/opt/gz_sim_vendor:/opt/ros/kilted/opt/gz_sensors_vendor:/opt/ros/kilted/opt/gz_physics_vendor:/opt/ros/kilted/opt/sdformat_vendor:/opt/ros/kilted/opt/gz_gui_vendor:/opt/ros/kilted/opt/gz_transport_vendor:/opt/ros/kilted/opt/gz_rendering_vendor:/opt/ros/kilted/opt/gz_plugin_vendor:/opt/ros/kilted/opt/gz_fuel_tools_vendor:/opt/ros/kilted/opt/gz_msgs_vendor:/opt/ros/kilted/opt/gz_common_vendor:/opt/ros/kilted/opt/gz_math_vendor:/opt/ros/kilted/opt/gz_utils_vendor:/opt/ros/kilted/opt/gz_tools_vendor:/opt/ros/kilted/opt/gz_ogre_next_vendor:/opt/ros/kilted/opt/gz_dartsim_vendor:/opt/ros/kilted/opt/gz_cmake_vendor:/home/roboticslab/ros2_ws/install/so101_gripper_control:/home/roboticslab/ws_moveit/install/moveit_configs_utils:/opt/ros/kilted DEBUGINFOD_URLS=https://debuginfod.ubuntu.com LD_LIBRARY_PATH=/home/roboticslab/ros2_ws/install/yolo_msgs/lib:${LD_LIBRARY_PATH} PYTHONPATH=/home/roboticslab/ros2_ws/build/yolo_ros:/home/roboticslab/ros2_ws/install/yolo_ros/lib/python3.12/site-packages:/home/roboticslab/ros2_ws/install/yolo_msgs/lib/python3.12/site-packages:${PYTHONPATH} /usr/bin/cmake --build /home/roboticslab/ros2_ws/build/yolo_bringup -- -j4 -l4
[37.292s] DEBUG:colcon.colcon_core.event_handler.log_command:Invoking command in '/home/roboticslab/ros2_ws/build/yolo_bringup': AMENT_PREFIX_PATH=/home/roboticslab/ros2_ws/install/yolo_ros:/home/roboticslab/ros2_ws/install/yolo_msgs:${AMENT_PREFIX_PATH} CMAKE_PREFIX_PATH=/home/roboticslab/ros2_ws/install/yolo_msgs:/home/roboticslab/ws_moveit/install/robotiq_hardware_tests:/home/roboticslab/ws_moveit/install/robotiq_driver:/home/roboticslab/ws_moveit/install/serial:/home/roboticslab/ws_moveit/install/moveit2_tutorials:/home/roboticslab/ws_moveit/install/moveit_visual_tools:/home/roboticslab/ws_moveit/install/rviz_visual_tools:/home/roboticslab/ws_moveit/install/moveit_task_constructor_demo:/home/roboticslab/ws_moveit/install/moveit_task_constructor_visualization:/home/roboticslab/ws_moveit/install/moveit_task_constructor_capabilities:/home/roboticslab/ws_moveit/install/moveit_task_constructor_core:/home/roboticslab/ws_moveit/install/rviz_marker_tools:/home/roboticslab/ws_moveit/install/kortex_bringup:/home/roboticslab/ws_moveit/install/kinova_gen3_lite_moveit_config:/home/roboticslab/ws_moveit/install/kinova_gen3_7dof_robotiq_2f_85_moveit_config:/home/roboticslab/ws_moveit/install/kinova_gen3_6dof_robotiq_2f_85_moveit_config:/home/roboticslab/ws_moveit/install/kortex_description:/home/roboticslab/ws_moveit/install/robotiq_description:/home/roboticslab/ws_moveit/install/robotiq_controllers:/home/roboticslab/ws_moveit/install/pilz_industrial_motion_planner_testutils:/home/roboticslab/ws_moveit/install/moveit_runtime:/home/roboticslab/ws_moveit/install/moveit:/home/roboticslab/ws_moveit/install/moveit_planners:/home/roboticslab/ws_moveit/install/pilz_industrial_motion_planner:/home/roboticslab/ws_moveit/install/moveit_task_constructor_msgs:/home/roboticslab/ws_moveit/install/moveit_ros_control_interface:/home/roboticslab/ws_moveit/install/moveit_plugins:/home/roboticslab/ws_moveit/install/moveit_simple_controller_manager:/home/roboticslab/ws_moveit/install/moveit_setup_assistant:/home/roboticslab/ws_moveit/install/moveit_setup_srdf_plugins:/home/roboticslab/ws_moveit/install/moveit_setup_core_plugins:/home/roboticslab/ws_moveit/install/moveit_setup_controllers:/home/roboticslab/ws_moveit/install/moveit_setup_app_plugins:/home/roboticslab/ws_moveit/install/moveit_setup_framework:/home/roboticslab/ws_moveit/install/moveit_servo:/home/roboticslab/ws_moveit/install/moveit_ros_trajectory_cache:/home/roboticslab/ws_moveit/install/moveit_ros:/home/roboticslab/ws_moveit/install/moveit_ros_visualization:/home/roboticslab/ws_moveit/install/moveit_py:/home/roboticslab/ws_moveit/install/moveit_hybrid_planning:/home/roboticslab/ws_moveit/install/moveit_ros_planning_interface:/home/roboticslab/ws_moveit/install/moveit_ros_benchmarks:/home/roboticslab/ws_moveit/install/moveit_ros_warehouse:/home/roboticslab/ws_moveit/install/moveit_ros_robot_interaction:/home/roboticslab/ws_moveit/install/moveit_ros_perception:/home/roboticslab/ws_moveit/install/moveit_resources_prbt_pg70_support:/home/roboticslab/ws_moveit/install/moveit_resources_prbt_moveit_config:/home/roboticslab/ws_moveit/install/moveit_ros_move_group:/home/roboticslab/ws_moveit/install/moveit_planners_ompl:/home/roboticslab/ws_moveit/install/moveit_kinematics:/home/roboticslab/ws_moveit/install/moveit_ros_planning:/home/roboticslab/ws_moveit/install/moveit_ros_occupancy_map_monitor:/home/roboticslab/ws_moveit/install/moveit_resources_prbt_support:/home/roboticslab/ws_moveit/install/moveit_resources_prbt_ikfast_manipulator_plugin:/home/roboticslab/ws_moveit/install/moveit_resources:/home/roboticslab/ws_moveit/install/moveit_resources_pr2_description:/home/roboticslab/ws_moveit/install/moveit_resources_panda_moveit_config:/home/roboticslab/ws_moveit/install/dual_arm_panda_moveit_config:/home/roboticslab/ws_moveit/install/moveit_resources_panda_description:/home/roboticslab/ws_moveit/install/moveit_resources_fanuc_moveit_config:/home/roboticslab/ws_moveit/install/moveit_resources_fanuc_description:/home/roboticslab/ws_moveit/install/moveit_planners_stomp:/home/roboticslab/ws_moveit/install/moveit_planners_chomp:/home/roboticslab/ws_moveit/install/chomp_motion_planner:/home/roboticslab/ws_moveit/install/moveit_core:/home/roboticslab/ws_moveit/install/moveit_msgs:/home/roboticslab/ws_moveit/install/moveit_common:/home/roboticslab/ws_moveit/install/kortex_driver:/home/roboticslab/ws_moveit/install/kortex_api:/opt/ros/kilted/opt/gz_sim_vendor:/opt/ros/kilted/opt/gz_sensors_vendor:/opt/ros/kilted/opt/gz_physics_vendor:/opt/ros/kilted/opt/sdformat_vendor:/opt/ros/kilted/opt/gz_gui_vendor:/opt/ros/kilted/opt/gz_transport_vendor:/opt/ros/kilted/opt/gz_rendering_vendor:/opt/ros/kilted/opt/gz_plugin_vendor:/opt/ros/kilted/opt/gz_fuel_tools_vendor:/opt/ros/kilted/opt/gz_msgs_vendor:/opt/ros/kilted/opt/gz_common_vendor:/opt/ros/kilted/opt/gz_math_vendor:/opt/ros/kilted/opt/gz_utils_vendor:/opt/ros/kilted/opt/gz_tools_vendor:/opt/ros/kilted/opt/gz_ogre_next_vendor:/opt/ros/kilted/opt/gz_dartsim_vendor:/opt/ros/kilted/opt/gz_cmake_vendor:/home/roboticslab/ros2_ws/install/so101_gripper_control:/home/roboticslab/ws_moveit/install/moveit_configs_utils:/opt/ros/kilted DEBUGINFOD_URLS=https://debuginfod.ubuntu.com LD_LIBRARY_PATH=/home/roboticslab/ros2_ws/install/yolo_msgs/lib:${LD_LIBRARY_PATH} PYTHONPATH=/home/roboticslab/ros2_ws/build/yolo_ros:/home/roboticslab/ros2_ws/install/yolo_ros/lib/python3.12/site-packages:/home/roboticslab/ros2_ws/install/yolo_msgs/lib/python3.12/site-packages:${PYTHONPATH} /usr/bin/cmake --install /home/roboticslab/ros2_ws/build/yolo_bringup
[37.668s] Level 1:colcon.colcon_core.environment:create_environment_scripts_only(yolo_bringup)
[37.668s] Level 1:colcon.colcon_core.environment:checking '/home/roboticslab/ros2_ws/install/yolo_bringup' for CMake module files
[37.669s] DEBUG:colcon.colcon_core.event_handler.log_command:Invoked command in '/home/roboticslab/ros2_ws/build/yolo_bringup' returned '0': AMENT_PREFIX_PATH=/home/roboticslab/ros2_ws/install/yolo_ros:/home/roboticslab/ros2_ws/install/yolo_msgs:${AMENT_PREFIX_PATH} CMAKE_PREFIX_PATH=/home/roboticslab/ros2_ws/install/yolo_msgs:/home/roboticslab/ws_moveit/install/robotiq_hardware_tests:/home/roboticslab/ws_moveit/install/robotiq_driver:/home/roboticslab/ws_moveit/install/serial:/home/roboticslab/ws_moveit/install/moveit2_tutorials:/home/roboticslab/ws_moveit/install/moveit_visual_tools:/home/roboticslab/ws_moveit/install/rviz_visual_tools:/home/roboticslab/ws_moveit/install/moveit_task_constructor_demo:/home/roboticslab/ws_moveit/install/moveit_task_constructor_visualization:/home/roboticslab/ws_moveit/install/moveit_task_constructor_capabilities:/home/roboticslab/ws_moveit/install/moveit_task_constructor_core:/home/roboticslab/ws_moveit/install/rviz_marker_tools:/home/roboticslab/ws_moveit/install/kortex_bringup:/home/roboticslab/ws_moveit/install/kinova_gen3_lite_moveit_config:/home/roboticslab/ws_moveit/install/kinova_gen3_7dof_robotiq_2f_85_moveit_config:/home/roboticslab/ws_moveit/install/kinova_gen3_6dof_robotiq_2f_85_moveit_config:/home/roboticslab/ws_moveit/install/kortex_description:/home/roboticslab/ws_moveit/install/robotiq_description:/home/roboticslab/ws_moveit/install/robotiq_controllers:/home/roboticslab/ws_moveit/install/pilz_industrial_motion_planner_testutils:/home/roboticslab/ws_moveit/install/moveit_runtime:/home/roboticslab/ws_moveit/install/moveit:/home/roboticslab/ws_moveit/install/moveit_planners:/home/roboticslab/ws_moveit/install/pilz_industrial_motion_planner:/home/roboticslab/ws_moveit/install/moveit_task_constructor_msgs:/home/roboticslab/ws_moveit/install/moveit_ros_control_interface:/home/roboticslab/ws_moveit/install/moveit_plugins:/home/roboticslab/ws_moveit/install/moveit_simple_controller_manager:/home/roboticslab/ws_moveit/install/moveit_setup_assistant:/home/roboticslab/ws_moveit/install/moveit_setup_srdf_plugins:/home/roboticslab/ws_moveit/install/moveit_setup_core_plugins:/home/roboticslab/ws_moveit/install/moveit_setup_controllers:/home/roboticslab/ws_moveit/install/moveit_setup_app_plugins:/home/roboticslab/ws_moveit/install/moveit_setup_framework:/home/roboticslab/ws_moveit/install/moveit_servo:/home/roboticslab/ws_moveit/install/moveit_ros_trajectory_cache:/home/roboticslab/ws_moveit/install/moveit_ros:/home/roboticslab/ws_moveit/install/moveit_ros_visualization:/home/roboticslab/ws_moveit/install/moveit_py:/home/roboticslab/ws_moveit/install/moveit_hybrid_planning:/home/roboticslab/ws_moveit/install/moveit_ros_planning_interface:/home/roboticslab/ws_moveit/install/moveit_ros_benchmarks:/home/roboticslab/ws_moveit/install/moveit_ros_warehouse:/home/roboticslab/ws_moveit/install/moveit_ros_robot_interaction:/home/roboticslab/ws_moveit/install/moveit_ros_perception:/home/roboticslab/ws_moveit/install/moveit_resources_prbt_pg70_support:/home/roboticslab/ws_moveit/install/moveit_resources_prbt_moveit_config:/home/roboticslab/ws_moveit/install/moveit_ros_move_group:/home/roboticslab/ws_moveit/install/moveit_planners_ompl:/home/roboticslab/ws_moveit/install/moveit_kinematics:/home/roboticslab/ws_moveit/install/moveit_ros_planning:/home/roboticslab/ws_moveit/install/moveit_ros_occupancy_map_monitor:/home/roboticslab/ws_moveit/install/moveit_resources_prbt_support:/home/roboticslab/ws_moveit/install/moveit_resources_prbt_ikfast_manipulator_plugin:/home/roboticslab/ws_moveit/install/moveit_resources:/home/roboticslab/ws_moveit/install/moveit_resources_pr2_description:/home/roboticslab/ws_moveit/install/moveit_resources_panda_moveit_config:/home/roboticslab/ws_moveit/install/dual_arm_panda_moveit_config:/home/roboticslab/ws_moveit/install/moveit_resources_panda_description:/home/roboticslab/ws_moveit/install/moveit_resources_fanuc_moveit_config:/home/roboticslab/ws_moveit/install/moveit_resources_fanuc_description:/home/roboticslab/ws_moveit/install/moveit_planners_stomp:/home/roboticslab/ws_moveit/install/moveit_planners_chomp:/home/roboticslab/ws_moveit/install/chomp_motion_planner:/home/roboticslab/ws_moveit/install/moveit_core:/home/roboticslab/ws_moveit/install/moveit_msgs:/home/roboticslab/ws_moveit/install/moveit_common:/home/roboticslab/ws_moveit/install/kortex_driver:/home/roboticslab/ws_moveit/install/kortex_api:/opt/ros/kilted/opt/gz_sim_vendor:/opt/ros/kilted/opt/gz_sensors_vendor:/opt/ros/kilted/opt/gz_physics_vendor:/opt/ros/kilted/opt/sdformat_vendor:/opt/ros/kilted/opt/gz_gui_vendor:/opt/ros/kilted/opt/gz_transport_vendor:/opt/ros/kilted/opt/gz_rendering_vendor:/opt/ros/kilted/opt/gz_plugin_vendor:/opt/ros/kilted/opt/gz_fuel_tools_vendor:/opt/ros/kilted/opt/gz_msgs_vendor:/opt/ros/kilted/opt/gz_common_vendor:/opt/ros/kilted/opt/gz_math_vendor:/opt/ros/kilted/opt/gz_utils_vendor:/opt/ros/kilted/opt/gz_tools_vendor:/opt/ros/kilted/opt/gz_ogre_next_vendor:/opt/ros/kilted/opt/gz_dartsim_vendor:/opt/ros/kilted/opt/gz_cmake_vendor:/home/roboticslab/ros2_ws/install/so101_gripper_control:/home/roboticslab/ws_moveit/install/moveit_configs_utils:/opt/ros/kilted DEBUGINFOD_URLS=https://debuginfod.ubuntu.com LD_LIBRARY_PATH=/home/roboticslab/ros2_ws/install/yolo_msgs/lib:${LD_LIBRARY_PATH} PYTHONPATH=/home/roboticslab/ros2_ws/build/yolo_ros:/home/roboticslab/ros2_ws/install/yolo_ros/lib/python3.12/site-packages:/home/roboticslab/ros2_ws/install/yolo_msgs/lib/python3.12/site-packages:${PYTHONPATH} /usr/bin/cmake --install /home/roboticslab/ros2_ws/build/yolo_bringup
[37.669s] Level 1:colcon.colcon_core.environment:checking '/home/roboticslab/ros2_ws/install/yolo_bringup' for CMake config files
[37.669s] Level 1:colcon.colcon_core.shell:create_environment_hook('yolo_bringup', 'cmake_prefix_path')
[37.670s] INFO:colcon.colcon_core.shell:Creating environment hook '/home/roboticslab/ros2_ws/install/yolo_bringup/share/yolo_bringup/hook/cmake_prefix_path.ps1'
[37.670s] INFO:colcon.colcon_core.shell:Creating environment descriptor '/home/roboticslab/ros2_ws/install/yolo_bringup/share/yolo_bringup/hook/cmake_prefix_path.dsv'
[37.670s] INFO:colcon.colcon_core.shell:Creating environment hook '/home/roboticslab/ros2_ws/install/yolo_bringup/share/yolo_bringup/hook/cmake_prefix_path.sh'
[37.671s] Level 1:colcon.colcon_core.environment:checking '/home/roboticslab/ros2_ws/install/yolo_bringup/bin'
[37.671s] Level 1:colcon.colcon_core.environment:checking '/home/roboticslab/ros2_ws/install/yolo_bringup/lib/pkgconfig/yolo_bringup.pc'
[37.671s] Level 1:colcon.colcon_core.environment:checking '/home/roboticslab/ros2_ws/install/yolo_bringup/lib/python3.12/site-packages'
[37.672s] Level 1:colcon.colcon_core.environment:checking '/home/roboticslab/ros2_ws/install/yolo_bringup/bin'
[37.672s] INFO:colcon.colcon_core.shell:Creating package script '/home/roboticslab/ros2_ws/install/yolo_bringup/share/yolo_bringup/package.ps1'
[37.673s] INFO:colcon.colcon_core.shell:Creating package descriptor '/home/roboticslab/ros2_ws/install/yolo_bringup/share/yolo_bringup/package.dsv'
[37.673s] INFO:colcon.colcon_core.shell:Creating package script '/home/roboticslab/ros2_ws/install/yolo_bringup/share/yolo_bringup/package.sh'
[37.674s] INFO:colcon.colcon_core.shell:Creating package script '/home/roboticslab/ros2_ws/install/yolo_bringup/share/yolo_bringup/package.bash'
[37.674s] INFO:colcon.colcon_core.shell:Creating package script '/home/roboticslab/ros2_ws/install/yolo_bringup/share/yolo_bringup/package.zsh'
[37.675s] Level 1:colcon.colcon_core.environment:create_file_with_runtime_dependencies(/home/roboticslab/ros2_ws/install/yolo_bringup/share/colcon-core/packages/yolo_bringup)
[37.675s] Level 1:colcon.colcon_core.environment:create_environment_scripts_only(yolo_bringup)
[37.675s] Level 1:colcon.colcon_core.environment:checking '/home/roboticslab/ros2_ws/install/yolo_bringup' for CMake module files
[37.676s] Level 1:colcon.colcon_core.environment:checking '/home/roboticslab/ros2_ws/install/yolo_bringup' for CMake config files
[37.676s] Level 1:colcon.colcon_core.shell:create_environment_hook('yolo_bringup', 'cmake_prefix_path')
[37.676s] INFO:colcon.colcon_core.shell:Creating environment hook '/home/roboticslab/ros2_ws/install/yolo_bringup/share/yolo_bringup/hook/cmake_prefix_path.ps1'
[37.677s] INFO:colcon.colcon_core.shell:Creating environment descriptor '/home/roboticslab/ros2_ws/install/yolo_bringup/share/yolo_bringup/hook/cmake_prefix_path.dsv'
[37.677s] INFO:colcon.colcon_core.shell:Creating environment hook '/home/roboticslab/ros2_ws/install/yolo_bringup/share/yolo_bringup/hook/cmake_prefix_path.sh'
[37.678s] Level 1:colcon.colcon_core.environment:checking '/home/roboticslab/ros2_ws/install/yolo_bringup/bin'
[37.678s] Level 1:colcon.colcon_core.environment:checking '/home/roboticslab/ros2_ws/install/yolo_bringup/lib/pkgconfig/yolo_bringup.pc'
[37.678s] Level 1:colcon.colcon_core.environment:checking '/home/roboticslab/ros2_ws/install/yolo_bringup/lib/python3.12/site-packages'
[37.678s] Level 1:colcon.colcon_core.environment:checking '/home/roboticslab/ros2_ws/install/yolo_bringup/bin'
[37.679s] INFO:colcon.colcon_core.shell:Creating package script '/home/roboticslab/ros2_ws/install/yolo_bringup/share/yolo_bringup/package.ps1'
[37.679s] INFO:colcon.colcon_core.shell:Creating package descriptor '/home/roboticslab/ros2_ws/install/yolo_bringup/share/yolo_bringup/package.dsv'
[37.680s] INFO:colcon.colcon_core.shell:Creating package script '/home/roboticslab/ros2_ws/install/yolo_bringup/share/yolo_bringup/package.sh'
[37.680s] INFO:colcon.colcon_core.shell:Creating package script '/home/roboticslab/ros2_ws/install/yolo_bringup/share/yolo_bringup/package.bash'
[37.680s] INFO:colcon.colcon_core.shell:Creating package script '/home/roboticslab/ros2_ws/install/yolo_bringup/share/yolo_bringup/package.zsh'
[37.681s] Level 1:colcon.colcon_core.environment:create_file_with_runtime_dependencies(/home/roboticslab/ros2_ws/install/yolo_bringup/share/colcon-core/packages/yolo_bringup)
[37.681s] DEBUG:colcon.colcon_parallel_executor.executor.parallel:closing loop
[37.682s] DEBUG:colcon.colcon_parallel_executor.executor.parallel:loop closed
[37.682s] DEBUG:colcon.colcon_parallel_executor.executor.parallel:run_until_complete finished with '0'
[37.682s] DEBUG:colcon.colcon_core.event_reactor:joining thread
[37.689s] INFO:colcon.colcon_core.plugin_system:Skipping extension 'colcon_notification.desktop_notification.terminal_notifier': Not used on non-Darwin systems
[37.689s] INFO:colcon.colcon_core.plugin_system:Skipping extension 'colcon_notification.desktop_notification.win32': Not used on non-Windows systems
[37.689s] INFO:colcon.colcon_notification.desktop_notification:Sending desktop notification using 'notify2'
[37.707s] DEBUG:colcon.colcon_core.event_reactor:joined thread
[37.707s] INFO:colcon.colcon_core.shell:Creating prefix script '/home/roboticslab/ros2_ws/install/local_setup.ps1'
[37.709s] INFO:colcon.colcon_core.shell:Creating prefix util module '/home/roboticslab/ros2_ws/install/_local_setup_util_ps1.py'
[37.711s] INFO:colcon.colcon_core.shell:Creating prefix chain script '/home/roboticslab/ros2_ws/install/setup.ps1'
[37.716s] INFO:colcon.colcon_core.shell:Creating prefix script '/home/roboticslab/ros2_ws/install/local_setup.sh'
[37.716s] INFO:colcon.colcon_core.shell:Creating prefix util module '/home/roboticslab/ros2_ws/install/_local_setup_util_sh.py'
[37.717s] INFO:colcon.colcon_core.shell:Creating prefix chain script '/home/roboticslab/ros2_ws/install/setup.sh'
[37.720s] INFO:colcon.colcon_core.shell:Creating prefix script '/home/roboticslab/ros2_ws/install/local_setup.bash'
[37.721s] INFO:colcon.colcon_core.shell:Creating prefix chain script '/home/roboticslab/ros2_ws/install/setup.bash'
[37.725s] INFO:colcon.colcon_core.shell:Creating prefix script '/home/roboticslab/ros2_ws/install/local_setup.zsh'
[37.726s] INFO:colcon.colcon_core.shell:Creating prefix chain script '/home/roboticslab/ros2_ws/install/setup.zsh'
