[0.087s] Invoking command in '/home/roboticslab/ros2_ws/build/yolo_msgs': CMAKE_PREFIX_PATH=${CMAKE_PREFIX_PATH}:/home/roboticslab/ros2_ws/install/yolo_ros:/home/roboticslab/ros2_ws/install/so101_gripper_control:/home/roboticslab/ws_moveit/install/moveit_configs_utils:/opt/ros/kilted DEBUGINFOD_URLS=https://debuginfod.ubuntu.com /usr/bin/cmake --build /home/roboticslab/ros2_ws/build/yolo_msgs -- -j4 -l4
[0.206s] [  1%] Built target yolo_msgs__rs
[0.214s] [  2%] Built target yolo_msgs__rosidl_generator_type_description
[0.231s] [  2%] Built target ament_cmake_python_symlink_yolo_msgs
[0.280s] [  2%] Built target yolo_msgs__cpp
[0.328s] [ 28%] Built target yolo_msgs__rosidl_generator_c
[0.465s] [ 37%] Built target yolo_msgs__rosidl_typesupport_introspection_c
[0.485s] [ 47%] Built target yolo_msgs__rosidl_typesupport_fastrtps_c
[0.492s] [ 57%] Built target yolo_msgs__rosidl_typesupport_c
[0.561s] [ 67%] Built target yolo_msgs__rosidl_typesupport_fastrtps_cpp
[0.564s] [ 81%] Built target yolo_msgs__rosidl_typesupport_cpp
[0.565s] [ 86%] Built target yolo_msgs__rosidl_typesupport_introspection_cpp
[0.598s] [ 86%] Built target yolo_msgs
[0.631s] [ 87%] Built target yolo_msgs__py
[0.665s] running egg_info
[0.708s] writing yolo_msgs.egg-info/PKG-INFO
[0.708s] writing dependency_links to yolo_msgs.egg-info/dependency_links.txt
[0.708s] writing top-level names to yolo_msgs.egg-info/top_level.txt
[0.727s] [ 96%] Built target yolo_msgs__rosidl_generator_py
[0.765s] [100%] Built target yolo_msgs_s__rosidl_typesupport_fastrtps_c
[0.765s] [100%] Built target yolo_msgs_s__rosidl_typesupport_c
[0.765s] [100%] Built target yolo_msgs_s__rosidl_typesupport_introspection_c
[0.831s] reading manifest file 'yolo_msgs.egg-info/SOURCES.txt'
[0.843s] writing manifest file 'yolo_msgs.egg-info/SOURCES.txt'
[0.886s] [100%] Built target ament_cmake_python_build_yolo_msgs_egg
[0.905s] Invoked command in '/home/roboticslab/ros2_ws/build/yolo_msgs' returned '0': CMAKE_PREFIX_PATH=${CMAKE_PREFIX_PATH}:/home/roboticslab/ros2_ws/install/yolo_ros:/home/roboticslab/ros2_ws/install/so101_gripper_control:/home/roboticslab/ws_moveit/install/moveit_configs_utils:/opt/ros/kilted DEBUGINFOD_URLS=https://debuginfod.ubuntu.com /usr/bin/cmake --build /home/roboticslab/ros2_ws/build/yolo_msgs -- -j4 -l4
[0.941s] Invoking command in '/home/roboticslab/ros2_ws/build/yolo_msgs': CMAKE_PREFIX_PATH=${CMAKE_PREFIX_PATH}:/home/roboticslab/ros2_ws/install/yolo_ros:/home/roboticslab/ros2_ws/install/so101_gripper_control:/home/roboticslab/ws_moveit/install/moveit_configs_utils:/opt/ros/kilted DEBUGINFOD_URLS=https://debuginfod.ubuntu.com /usr/bin/cmake --install /home/roboticslab/ros2_ws/build/yolo_msgs
[0.955s] -- Install configuration: ""
[0.956s] -- Execute custom install script
[0.957s] -- Up-to-date symlink: /home/roboticslab/ros2_ws/install/yolo_msgs/share/ament_index/resource_index/rosidl_interfaces/yolo_msgs
[0.957s] -- Up-to-date symlink: /home/roboticslab/ros2_ws/install/yolo_msgs/share/yolo_msgs/msg/Point2D.json
[0.958s] -- Up-to-date symlink: /home/roboticslab/ros2_ws/install/yolo_msgs/share/yolo_msgs/msg/Vector2.json
[0.958s] -- Up-to-date symlink: /home/roboticslab/ros2_ws/install/yolo_msgs/share/yolo_msgs/msg/Pose2D.json
[0.958s] -- Up-to-date symlink: /home/roboticslab/ros2_ws/install/yolo_msgs/share/yolo_msgs/msg/BoundingBox2D.json
[0.959s] -- Up-to-date symlink: /home/roboticslab/ros2_ws/install/yolo_msgs/share/yolo_msgs/msg/BoundingBox3D.json
[0.959s] -- Up-to-date symlink: /home/roboticslab/ros2_ws/install/yolo_msgs/share/yolo_msgs/msg/Mask.json
[0.960s] -- Up-to-date symlink: /home/roboticslab/ros2_ws/install/yolo_msgs/share/yolo_msgs/msg/KeyPoint2D.json
[0.960s] -- Up-to-date symlink: /home/roboticslab/ros2_ws/install/yolo_msgs/share/yolo_msgs/msg/KeyPoint2DArray.json
[0.960s] -- Up-to-date symlink: /home/roboticslab/ros2_ws/install/yolo_msgs/share/yolo_msgs/msg/KeyPoint3D.json
[0.961s] -- Up-to-date symlink: /home/roboticslab/ros2_ws/install/yolo_msgs/share/yolo_msgs/msg/KeyPoint3DArray.json
[0.961s] -- Up-to-date symlink: /home/roboticslab/ros2_ws/install/yolo_msgs/share/yolo_msgs/msg/Detection.json
[0.961s] -- Up-to-date symlink: /home/roboticslab/ros2_ws/install/yolo_msgs/share/yolo_msgs/msg/DetectionArray.json
[0.962s] -- Up-to-date symlink: /home/roboticslab/ros2_ws/install/yolo_msgs/share/yolo_msgs/srv/SetClasses.json
[0.963s] -- Up-to-date symlink: /home/roboticslab/ros2_ws/install/yolo_msgs/include/yolo_msgs/yolo_msgs/msg/bounding_box2_d.h
[0.963s] -- Up-to-date symlink: /home/roboticslab/ros2_ws/install/yolo_msgs/include/yolo_msgs/yolo_msgs/msg/bounding_box3_d.h
[0.963s] -- Up-to-date symlink: /home/roboticslab/ros2_ws/install/yolo_msgs/include/yolo_msgs/yolo_msgs/msg/detail/bounding_box2_d__functions.h
[0.963s] -- Up-to-date symlink: /home/roboticslab/ros2_ws/install/yolo_msgs/include/yolo_msgs/yolo_msgs/msg/detail/bounding_box2_d__struct.h
[0.963s] -- Up-to-date symlink: /home/roboticslab/ros2_ws/install/yolo_msgs/include/yolo_msgs/yolo_msgs/msg/detail/bounding_box2_d__type_support.h
[0.963s] -- Up-to-date symlink: /home/roboticslab/ros2_ws/install/yolo_msgs/include/yolo_msgs/yolo_msgs/msg/detail/bounding_box3_d__functions.h
[0.964s] -- Up-to-date symlink: /home/roboticslab/ros2_ws/install/yolo_msgs/include/yolo_msgs/yolo_msgs/msg/detail/bounding_box3_d__struct.h
[0.964s] -- Up-to-date symlink: /home/roboticslab/ros2_ws/install/yolo_msgs/include/yolo_msgs/yolo_msgs/msg/detail/bounding_box3_d__type_support.h
[0.964s] -- Up-to-date symlink: /home/roboticslab/ros2_ws/install/yolo_msgs/include/yolo_msgs/yolo_msgs/msg/detail/detection__functions.h
[0.964s] -- Up-to-date symlink: /home/roboticslab/ros2_ws/install/yolo_msgs/include/yolo_msgs/yolo_msgs/msg/detail/detection__struct.h
[0.964s] -- Up-to-date symlink: /home/roboticslab/ros2_ws/install/yolo_msgs/include/yolo_msgs/yolo_msgs/msg/detail/detection__type_support.h
[0.964s] -- Up-to-date symlink: /home/roboticslab/ros2_ws/install/yolo_msgs/include/yolo_msgs/yolo_msgs/msg/detail/detection_array__functions.h
[0.964s] -- Up-to-date symlink: /home/roboticslab/ros2_ws/install/yolo_msgs/include/yolo_msgs/yolo_msgs/msg/detail/detection_array__struct.h
[0.964s] -- Up-to-date symlink: /home/roboticslab/ros2_ws/install/yolo_msgs/include/yolo_msgs/yolo_msgs/msg/detail/detection_array__type_support.h
[0.965s] -- Up-to-date symlink: /home/roboticslab/ros2_ws/install/yolo_msgs/include/yolo_msgs/yolo_msgs/msg/detail/key_point2_d__functions.h
[0.965s] -- Up-to-date symlink: /home/roboticslab/ros2_ws/install/yolo_msgs/include/yolo_msgs/yolo_msgs/msg/detail/key_point2_d__struct.h
[0.965s] -- Up-to-date symlink: /home/roboticslab/ros2_ws/install/yolo_msgs/include/yolo_msgs/yolo_msgs/msg/detail/key_point2_d__type_support.h
[0.965s] -- Up-to-date symlink: /home/roboticslab/ros2_ws/install/yolo_msgs/include/yolo_msgs/yolo_msgs/msg/detail/key_point2_d_array__functions.h
[0.965s] -- Up-to-date symlink: /home/roboticslab/ros2_ws/install/yolo_msgs/include/yolo_msgs/yolo_msgs/msg/detail/key_point2_d_array__struct.h
[0.965s] -- Up-to-date symlink: /home/roboticslab/ros2_ws/install/yolo_msgs/include/yolo_msgs/yolo_msgs/msg/detail/key_point2_d_array__type_support.h
[0.965s] -- Up-to-date symlink: /home/roboticslab/ros2_ws/install/yolo_msgs/include/yolo_msgs/yolo_msgs/msg/detail/key_point3_d__functions.h
[0.965s] -- Up-to-date symlink: /home/roboticslab/ros2_ws/install/yolo_msgs/include/yolo_msgs/yolo_msgs/msg/detail/key_point3_d__struct.h
[0.966s] -- Up-to-date symlink: /home/roboticslab/ros2_ws/install/yolo_msgs/include/yolo_msgs/yolo_msgs/msg/detail/key_point3_d__type_support.h
[0.966s] -- Up-to-date symlink: /home/roboticslab/ros2_ws/install/yolo_msgs/include/yolo_msgs/yolo_msgs/msg/detail/key_point3_d_array__functions.h
[0.966s] -- Up-to-date symlink: /home/roboticslab/ros2_ws/install/yolo_msgs/include/yolo_msgs/yolo_msgs/msg/detail/key_point3_d_array__struct.h
[0.966s] -- Up-to-date symlink: /home/roboticslab/ros2_ws/install/yolo_msgs/include/yolo_msgs/yolo_msgs/msg/detail/key_point3_d_array__type_support.h
[0.966s] -- Up-to-date symlink: /home/roboticslab/ros2_ws/install/yolo_msgs/include/yolo_msgs/yolo_msgs/msg/detail/mask__functions.h
[0.966s] -- Up-to-date symlink: /home/roboticslab/ros2_ws/install/yolo_msgs/include/yolo_msgs/yolo_msgs/msg/detail/mask__struct.h
[0.966s] -- Up-to-date symlink: /home/roboticslab/ros2_ws/install/yolo_msgs/include/yolo_msgs/yolo_msgs/msg/detail/mask__type_support.h
[0.966s] -- Up-to-date symlink: /home/roboticslab/ros2_ws/install/yolo_msgs/include/yolo_msgs/yolo_msgs/msg/detail/point2_d__functions.h
[0.967s] -- Up-to-date symlink: /home/roboticslab/ros2_ws/install/yolo_msgs/include/yolo_msgs/yolo_msgs/msg/detail/point2_d__struct.h
[0.967s] -- Up-to-date symlink: /home/roboticslab/ros2_ws/install/yolo_msgs/include/yolo_msgs/yolo_msgs/msg/detail/point2_d__type_support.h
[0.967s] -- Up-to-date symlink: /home/roboticslab/ros2_ws/install/yolo_msgs/include/yolo_msgs/yolo_msgs/msg/detail/pose2_d__functions.h
[0.967s] -- Up-to-date symlink: /home/roboticslab/ros2_ws/install/yolo_msgs/include/yolo_msgs/yolo_msgs/msg/detail/pose2_d__struct.h
[0.967s] -- Up-to-date symlink: /home/roboticslab/ros2_ws/install/yolo_msgs/include/yolo_msgs/yolo_msgs/msg/detail/pose2_d__type_support.h
[0.967s] -- Up-to-date symlink: /home/roboticslab/ros2_ws/install/yolo_msgs/include/yolo_msgs/yolo_msgs/msg/detail/vector2__functions.h
[0.967s] -- Up-to-date symlink: /home/roboticslab/ros2_ws/install/yolo_msgs/include/yolo_msgs/yolo_msgs/msg/detail/vector2__struct.h
[0.968s] -- Up-to-date symlink: /home/roboticslab/ros2_ws/install/yolo_msgs/include/yolo_msgs/yolo_msgs/msg/detail/vector2__type_support.h
[0.968s] -- Up-to-date symlink: /home/roboticslab/ros2_ws/install/yolo_msgs/include/yolo_msgs/yolo_msgs/msg/detection.h
[0.968s] -- Up-to-date symlink: /home/roboticslab/ros2_ws/install/yolo_msgs/include/yolo_msgs/yolo_msgs/msg/detection_array.h
[0.968s] -- Up-to-date symlink: /home/roboticslab/ros2_ws/install/yolo_msgs/include/yolo_msgs/yolo_msgs/msg/key_point2_d.h
[0.968s] -- Up-to-date symlink: /home/roboticslab/ros2_ws/install/yolo_msgs/include/yolo_msgs/yolo_msgs/msg/key_point2_d_array.h
[0.968s] -- Up-to-date symlink: /home/roboticslab/ros2_ws/install/yolo_msgs/include/yolo_msgs/yolo_msgs/msg/key_point3_d.h
[0.968s] -- Up-to-date symlink: /home/roboticslab/ros2_ws/install/yolo_msgs/include/yolo_msgs/yolo_msgs/msg/key_point3_d_array.h
[0.968s] -- Up-to-date symlink: /home/roboticslab/ros2_ws/install/yolo_msgs/include/yolo_msgs/yolo_msgs/msg/mask.h
[0.968s] -- Up-to-date symlink: /home/roboticslab/ros2_ws/install/yolo_msgs/include/yolo_msgs/yolo_msgs/msg/point2_d.h
[0.969s] -- Up-to-date symlink: /home/roboticslab/ros2_ws/install/yolo_msgs/include/yolo_msgs/yolo_msgs/msg/pose2_d.h
[0.969s] -- Up-to-date symlink: /home/roboticslab/ros2_ws/install/yolo_msgs/include/yolo_msgs/yolo_msgs/msg/rosidl_generator_c__visibility_control.h
[0.969s] -- Up-to-date symlink: /home/roboticslab/ros2_ws/install/yolo_msgs/include/yolo_msgs/yolo_msgs/msg/vector2.h
[0.969s] -- Up-to-date symlink: /home/roboticslab/ros2_ws/install/yolo_msgs/include/yolo_msgs/yolo_msgs/srv/detail/set_classes__functions.h
[0.969s] -- Up-to-date symlink: /home/roboticslab/ros2_ws/install/yolo_msgs/include/yolo_msgs/yolo_msgs/srv/detail/set_classes__struct.h
[0.969s] -- Up-to-date symlink: /home/roboticslab/ros2_ws/install/yolo_msgs/include/yolo_msgs/yolo_msgs/srv/detail/set_classes__type_support.h
[0.969s] -- Up-to-date symlink: /home/roboticslab/ros2_ws/install/yolo_msgs/include/yolo_msgs/yolo_msgs/srv/set_classes.h
[0.970s] -- Up-to-date symlink: /home/roboticslab/ros2_ws/install/yolo_msgs/share/yolo_msgs/environment/library_path.sh
[0.970s] -- Up-to-date symlink: /home/roboticslab/ros2_ws/install/yolo_msgs/share/yolo_msgs/environment/library_path.dsv
[0.971s] -- Up-to-date symlink: /home/roboticslab/ros2_ws/install/yolo_msgs/include/yolo_msgs/yolo_msgs/msg/detail/bounding_box2_d__rosidl_typesupport_fastrtps_c.h
[0.971s] -- Up-to-date symlink: /home/roboticslab/ros2_ws/install/yolo_msgs/include/yolo_msgs/yolo_msgs/msg/detail/bounding_box3_d__rosidl_typesupport_fastrtps_c.h
[0.971s] -- Up-to-date symlink: /home/roboticslab/ros2_ws/install/yolo_msgs/include/yolo_msgs/yolo_msgs/msg/detail/detection__rosidl_typesupport_fastrtps_c.h
[0.972s] -- Up-to-date symlink: /home/roboticslab/ros2_ws/install/yolo_msgs/include/yolo_msgs/yolo_msgs/msg/detail/detection_array__rosidl_typesupport_fastrtps_c.h
[0.972s] -- Up-to-date symlink: /home/roboticslab/ros2_ws/install/yolo_msgs/include/yolo_msgs/yolo_msgs/msg/detail/key_point2_d__rosidl_typesupport_fastrtps_c.h
[0.972s] -- Up-to-date symlink: /home/roboticslab/ros2_ws/install/yolo_msgs/include/yolo_msgs/yolo_msgs/msg/detail/key_point2_d_array__rosidl_typesupport_fastrtps_c.h
[0.972s] -- Up-to-date symlink: /home/roboticslab/ros2_ws/install/yolo_msgs/include/yolo_msgs/yolo_msgs/msg/detail/key_point3_d__rosidl_typesupport_fastrtps_c.h
[0.972s] -- Up-to-date symlink: /home/roboticslab/ros2_ws/install/yolo_msgs/include/yolo_msgs/yolo_msgs/msg/detail/key_point3_d_array__rosidl_typesupport_fastrtps_c.h
[0.972s] -- Up-to-date symlink: /home/roboticslab/ros2_ws/install/yolo_msgs/include/yolo_msgs/yolo_msgs/msg/detail/mask__rosidl_typesupport_fastrtps_c.h
[0.972s] -- Up-to-date symlink: /home/roboticslab/ros2_ws/install/yolo_msgs/include/yolo_msgs/yolo_msgs/msg/detail/point2_d__rosidl_typesupport_fastrtps_c.h
[0.972s] -- Up-to-date symlink: /home/roboticslab/ros2_ws/install/yolo_msgs/include/yolo_msgs/yolo_msgs/msg/detail/pose2_d__rosidl_typesupport_fastrtps_c.h
[0.973s] -- Up-to-date symlink: /home/roboticslab/ros2_ws/install/yolo_msgs/include/yolo_msgs/yolo_msgs/msg/detail/vector2__rosidl_typesupport_fastrtps_c.h
[0.973s] -- Up-to-date symlink: /home/roboticslab/ros2_ws/install/yolo_msgs/include/yolo_msgs/yolo_msgs/msg/rosidl_typesupport_fastrtps_c__visibility_control.h
[0.973s] -- Up-to-date symlink: /home/roboticslab/ros2_ws/install/yolo_msgs/include/yolo_msgs/yolo_msgs/srv/detail/set_classes__rosidl_typesupport_fastrtps_c.h
[0.973s] -- Up-to-date symlink: /home/roboticslab/ros2_ws/install/yolo_msgs/include/yolo_msgs/yolo_msgs/msg/detail/bounding_box2_d__rosidl_typesupport_introspection_c.h
[0.974s] -- Up-to-date symlink: /home/roboticslab/ros2_ws/install/yolo_msgs/include/yolo_msgs/yolo_msgs/msg/detail/bounding_box3_d__rosidl_typesupport_introspection_c.h
[0.974s] -- Up-to-date symlink: /home/roboticslab/ros2_ws/install/yolo_msgs/include/yolo_msgs/yolo_msgs/msg/detail/detection__rosidl_typesupport_introspection_c.h
[0.974s] -- Up-to-date symlink: /home/roboticslab/ros2_ws/install/yolo_msgs/include/yolo_msgs/yolo_msgs/msg/detail/detection_array__rosidl_typesupport_introspection_c.h
[0.974s] -- Up-to-date symlink: /home/roboticslab/ros2_ws/install/yolo_msgs/include/yolo_msgs/yolo_msgs/msg/detail/key_point2_d__rosidl_typesupport_introspection_c.h
[0.974s] -- Up-to-date symlink: /home/roboticslab/ros2_ws/install/yolo_msgs/include/yolo_msgs/yolo_msgs/msg/detail/key_point2_d_array__rosidl_typesupport_introspection_c.h
[0.974s] -- Up-to-date symlink: /home/roboticslab/ros2_ws/install/yolo_msgs/include/yolo_msgs/yolo_msgs/msg/detail/key_point3_d__rosidl_typesupport_introspection_c.h
[0.974s] -- Up-to-date symlink: /home/roboticslab/ros2_ws/install/yolo_msgs/include/yolo_msgs/yolo_msgs/msg/detail/key_point3_d_array__rosidl_typesupport_introspection_c.h
[0.974s] -- Up-to-date symlink: /home/roboticslab/ros2_ws/install/yolo_msgs/include/yolo_msgs/yolo_msgs/msg/detail/mask__rosidl_typesupport_introspection_c.h
[0.975s] -- Up-to-date symlink: /home/roboticslab/ros2_ws/install/yolo_msgs/include/yolo_msgs/yolo_msgs/msg/detail/point2_d__rosidl_typesupport_introspection_c.h
[0.975s] -- Up-to-date symlink: /home/roboticslab/ros2_ws/install/yolo_msgs/include/yolo_msgs/yolo_msgs/msg/detail/pose2_d__rosidl_typesupport_introspection_c.h
[0.975s] -- Up-to-date symlink: /home/roboticslab/ros2_ws/install/yolo_msgs/include/yolo_msgs/yolo_msgs/msg/detail/vector2__rosidl_typesupport_introspection_c.h
[0.975s] -- Up-to-date symlink: /home/roboticslab/ros2_ws/install/yolo_msgs/include/yolo_msgs/yolo_msgs/msg/rosidl_typesupport_introspection_c__visibility_control.h
[0.975s] -- Up-to-date symlink: /home/roboticslab/ros2_ws/install/yolo_msgs/include/yolo_msgs/yolo_msgs/srv/detail/set_classes__rosidl_typesupport_introspection_c.h
[0.976s] -- Up-to-date symlink: /home/roboticslab/ros2_ws/install/yolo_msgs/include/yolo_msgs/yolo_msgs/msg/bounding_box2_d.hpp
[0.976s] -- Up-to-date symlink: /home/roboticslab/ros2_ws/install/yolo_msgs/include/yolo_msgs/yolo_msgs/msg/bounding_box3_d.hpp
[0.976s] -- Up-to-date symlink: /home/roboticslab/ros2_ws/install/yolo_msgs/include/yolo_msgs/yolo_msgs/msg/detail/bounding_box2_d__builder.hpp
[0.976s] -- Up-to-date symlink: /home/roboticslab/ros2_ws/install/yolo_msgs/include/yolo_msgs/yolo_msgs/msg/detail/bounding_box2_d__struct.hpp
[0.977s] -- Up-to-date symlink: /home/roboticslab/ros2_ws/install/yolo_msgs/include/yolo_msgs/yolo_msgs/msg/detail/bounding_box2_d__traits.hpp
[0.977s] -- Up-to-date symlink: /home/roboticslab/ros2_ws/install/yolo_msgs/include/yolo_msgs/yolo_msgs/msg/detail/bounding_box2_d__type_support.hpp
[0.977s] -- Up-to-date symlink: /home/roboticslab/ros2_ws/install/yolo_msgs/include/yolo_msgs/yolo_msgs/msg/detail/bounding_box3_d__builder.hpp
[0.977s] -- Up-to-date symlink: /home/roboticslab/ros2_ws/install/yolo_msgs/include/yolo_msgs/yolo_msgs/msg/detail/bounding_box3_d__struct.hpp
[0.977s] -- Up-to-date symlink: /home/roboticslab/ros2_ws/install/yolo_msgs/include/yolo_msgs/yolo_msgs/msg/detail/bounding_box3_d__traits.hpp
[0.977s] -- Up-to-date symlink: /home/roboticslab/ros2_ws/install/yolo_msgs/include/yolo_msgs/yolo_msgs/msg/detail/bounding_box3_d__type_support.hpp
[0.977s] -- Up-to-date symlink: /home/roboticslab/ros2_ws/install/yolo_msgs/include/yolo_msgs/yolo_msgs/msg/detail/detection__builder.hpp
[0.977s] -- Up-to-date symlink: /home/roboticslab/ros2_ws/install/yolo_msgs/include/yolo_msgs/yolo_msgs/msg/detail/detection__struct.hpp
[0.978s] -- Up-to-date symlink: /home/roboticslab/ros2_ws/install/yolo_msgs/include/yolo_msgs/yolo_msgs/msg/detail/detection__traits.hpp
[0.978s] -- Up-to-date symlink: /home/roboticslab/ros2_ws/install/yolo_msgs/include/yolo_msgs/yolo_msgs/msg/detail/detection__type_support.hpp
[0.978s] -- Up-to-date symlink: /home/roboticslab/ros2_ws/install/yolo_msgs/include/yolo_msgs/yolo_msgs/msg/detail/detection_array__builder.hpp
[0.978s] -- Up-to-date symlink: /home/roboticslab/ros2_ws/install/yolo_msgs/include/yolo_msgs/yolo_msgs/msg/detail/detection_array__struct.hpp
[0.978s] -- Up-to-date symlink: /home/roboticslab/ros2_ws/install/yolo_msgs/include/yolo_msgs/yolo_msgs/msg/detail/detection_array__traits.hpp
[0.978s] -- Up-to-date symlink: /home/roboticslab/ros2_ws/install/yolo_msgs/include/yolo_msgs/yolo_msgs/msg/detail/detection_array__type_support.hpp
[0.978s] -- Up-to-date symlink: /home/roboticslab/ros2_ws/install/yolo_msgs/include/yolo_msgs/yolo_msgs/msg/detail/key_point2_d__builder.hpp
[0.978s] -- Up-to-date symlink: /home/roboticslab/ros2_ws/install/yolo_msgs/include/yolo_msgs/yolo_msgs/msg/detail/key_point2_d__struct.hpp
[0.978s] -- Up-to-date symlink: /home/roboticslab/ros2_ws/install/yolo_msgs/include/yolo_msgs/yolo_msgs/msg/detail/key_point2_d__traits.hpp
[0.979s] -- Up-to-date symlink: /home/roboticslab/ros2_ws/install/yolo_msgs/include/yolo_msgs/yolo_msgs/msg/detail/key_point2_d__type_support.hpp
[0.979s] -- Up-to-date symlink: /home/roboticslab/ros2_ws/install/yolo_msgs/include/yolo_msgs/yolo_msgs/msg/detail/key_point2_d_array__builder.hpp
[0.979s] -- Up-to-date symlink: /home/roboticslab/ros2_ws/install/yolo_msgs/include/yolo_msgs/yolo_msgs/msg/detail/key_point2_d_array__struct.hpp
[0.979s] -- Up-to-date symlink: /home/roboticslab/ros2_ws/install/yolo_msgs/include/yolo_msgs/yolo_msgs/msg/detail/key_point2_d_array__traits.hpp
[0.979s] -- Up-to-date symlink: /home/roboticslab/ros2_ws/install/yolo_msgs/include/yolo_msgs/yolo_msgs/msg/detail/key_point2_d_array__type_support.hpp
[0.979s] -- Up-to-date symlink: /home/roboticslab/ros2_ws/install/yolo_msgs/include/yolo_msgs/yolo_msgs/msg/detail/key_point3_d__builder.hpp
[0.979s] -- Up-to-date symlink: /home/roboticslab/ros2_ws/install/yolo_msgs/include/yolo_msgs/yolo_msgs/msg/detail/key_point3_d__struct.hpp
[0.979s] -- Up-to-date symlink: /home/roboticslab/ros2_ws/install/yolo_msgs/include/yolo_msgs/yolo_msgs/msg/detail/key_point3_d__traits.hpp
[0.980s] -- Up-to-date symlink: /home/roboticslab/ros2_ws/install/yolo_msgs/include/yolo_msgs/yolo_msgs/msg/detail/key_point3_d__type_support.hpp
[0.980s] -- Up-to-date symlink: /home/roboticslab/ros2_ws/install/yolo_msgs/include/yolo_msgs/yolo_msgs/msg/detail/key_point3_d_array__builder.hpp
[0.980s] -- Up-to-date symlink: /home/roboticslab/ros2_ws/install/yolo_msgs/include/yolo_msgs/yolo_msgs/msg/detail/key_point3_d_array__struct.hpp
[0.980s] -- Up-to-date symlink: /home/roboticslab/ros2_ws/install/yolo_msgs/include/yolo_msgs/yolo_msgs/msg/detail/key_point3_d_array__traits.hpp
[0.980s] -- Up-to-date symlink: /home/roboticslab/ros2_ws/install/yolo_msgs/include/yolo_msgs/yolo_msgs/msg/detail/key_point3_d_array__type_support.hpp
[0.980s] -- Up-to-date symlink: /home/roboticslab/ros2_ws/install/yolo_msgs/include/yolo_msgs/yolo_msgs/msg/detail/mask__builder.hpp
[0.981s] -- Up-to-date symlink: /home/roboticslab/ros2_ws/install/yolo_msgs/include/yolo_msgs/yolo_msgs/msg/detail/mask__struct.hpp
[0.981s] -- Up-to-date symlink: /home/roboticslab/ros2_ws/install/yolo_msgs/include/yolo_msgs/yolo_msgs/msg/detail/mask__traits.hpp
[0.981s] -- Up-to-date symlink: /home/roboticslab/ros2_ws/install/yolo_msgs/include/yolo_msgs/yolo_msgs/msg/detail/mask__type_support.hpp
[0.981s] -- Up-to-date symlink: /home/roboticslab/ros2_ws/install/yolo_msgs/include/yolo_msgs/yolo_msgs/msg/detail/point2_d__builder.hpp
[0.981s] -- Up-to-date symlink: /home/roboticslab/ros2_ws/install/yolo_msgs/include/yolo_msgs/yolo_msgs/msg/detail/point2_d__struct.hpp
[0.981s] -- Up-to-date symlink: /home/roboticslab/ros2_ws/install/yolo_msgs/include/yolo_msgs/yolo_msgs/msg/detail/point2_d__traits.hpp
[0.981s] -- Up-to-date symlink: /home/roboticslab/ros2_ws/install/yolo_msgs/include/yolo_msgs/yolo_msgs/msg/detail/point2_d__type_support.hpp
[0.981s] -- Up-to-date symlink: /home/roboticslab/ros2_ws/install/yolo_msgs/include/yolo_msgs/yolo_msgs/msg/detail/pose2_d__builder.hpp
[0.981s] -- Up-to-date symlink: /home/roboticslab/ros2_ws/install/yolo_msgs/include/yolo_msgs/yolo_msgs/msg/detail/pose2_d__struct.hpp
[0.981s] -- Up-to-date symlink: /home/roboticslab/ros2_ws/install/yolo_msgs/include/yolo_msgs/yolo_msgs/msg/detail/pose2_d__traits.hpp
[0.982s] -- Up-to-date symlink: /home/roboticslab/ros2_ws/install/yolo_msgs/include/yolo_msgs/yolo_msgs/msg/detail/pose2_d__type_support.hpp
[0.982s] -- Up-to-date symlink: /home/roboticslab/ros2_ws/install/yolo_msgs/include/yolo_msgs/yolo_msgs/msg/detail/vector2__builder.hpp
[0.982s] -- Up-to-date symlink: /home/roboticslab/ros2_ws/install/yolo_msgs/include/yolo_msgs/yolo_msgs/msg/detail/vector2__struct.hpp
[0.982s] -- Up-to-date symlink: /home/roboticslab/ros2_ws/install/yolo_msgs/include/yolo_msgs/yolo_msgs/msg/detail/vector2__traits.hpp
[0.982s] -- Up-to-date symlink: /home/roboticslab/ros2_ws/install/yolo_msgs/include/yolo_msgs/yolo_msgs/msg/detail/vector2__type_support.hpp
[0.982s] -- Up-to-date symlink: /home/roboticslab/ros2_ws/install/yolo_msgs/include/yolo_msgs/yolo_msgs/msg/detection.hpp
[0.982s] -- Up-to-date symlink: /home/roboticslab/ros2_ws/install/yolo_msgs/include/yolo_msgs/yolo_msgs/msg/detection_array.hpp
[0.982s] -- Up-to-date symlink: /home/roboticslab/ros2_ws/install/yolo_msgs/include/yolo_msgs/yolo_msgs/msg/key_point2_d.hpp
[0.982s] -- Up-to-date symlink: /home/roboticslab/ros2_ws/install/yolo_msgs/include/yolo_msgs/yolo_msgs/msg/key_point2_d_array.hpp
[0.983s] -- Up-to-date symlink: /home/roboticslab/ros2_ws/install/yolo_msgs/include/yolo_msgs/yolo_msgs/msg/key_point3_d.hpp
[0.983s] -- Up-to-date symlink: /home/roboticslab/ros2_ws/install/yolo_msgs/include/yolo_msgs/yolo_msgs/msg/key_point3_d_array.hpp
[0.983s] -- Up-to-date symlink: /home/roboticslab/ros2_ws/install/yolo_msgs/include/yolo_msgs/yolo_msgs/msg/mask.hpp
[0.983s] -- Up-to-date symlink: /home/roboticslab/ros2_ws/install/yolo_msgs/include/yolo_msgs/yolo_msgs/msg/point2_d.hpp
[0.983s] -- Up-to-date symlink: /home/roboticslab/ros2_ws/install/yolo_msgs/include/yolo_msgs/yolo_msgs/msg/pose2_d.hpp
[0.983s] -- Up-to-date symlink: /home/roboticslab/ros2_ws/install/yolo_msgs/include/yolo_msgs/yolo_msgs/msg/rosidl_generator_cpp__visibility_control.hpp
[0.983s] -- Up-to-date symlink: /home/roboticslab/ros2_ws/install/yolo_msgs/include/yolo_msgs/yolo_msgs/msg/vector2.hpp
[0.983s] -- Up-to-date symlink: /home/roboticslab/ros2_ws/install/yolo_msgs/include/yolo_msgs/yolo_msgs/srv/detail/set_classes__builder.hpp
[0.983s] -- Up-to-date symlink: /home/roboticslab/ros2_ws/install/yolo_msgs/include/yolo_msgs/yolo_msgs/srv/detail/set_classes__struct.hpp
[0.983s] -- Up-to-date symlink: /home/roboticslab/ros2_ws/install/yolo_msgs/include/yolo_msgs/yolo_msgs/srv/detail/set_classes__traits.hpp
[0.984s] -- Up-to-date symlink: /home/roboticslab/ros2_ws/install/yolo_msgs/include/yolo_msgs/yolo_msgs/srv/detail/set_classes__type_support.hpp
[0.984s] -- Up-to-date symlink: /home/roboticslab/ros2_ws/install/yolo_msgs/include/yolo_msgs/yolo_msgs/srv/set_classes.hpp
[0.985s] -- Up-to-date symlink: /home/roboticslab/ros2_ws/install/yolo_msgs/include/yolo_msgs/yolo_msgs/msg/detail/bounding_box2_d__rosidl_typesupport_fastrtps_cpp.hpp
[0.985s] -- Up-to-date symlink: /home/roboticslab/ros2_ws/install/yolo_msgs/include/yolo_msgs/yolo_msgs/msg/detail/bounding_box3_d__rosidl_typesupport_fastrtps_cpp.hpp
[0.985s] -- Up-to-date symlink: /home/roboticslab/ros2_ws/install/yolo_msgs/include/yolo_msgs/yolo_msgs/msg/detail/detection__rosidl_typesupport_fastrtps_cpp.hpp
[0.985s] -- Up-to-date symlink: /home/roboticslab/ros2_ws/install/yolo_msgs/include/yolo_msgs/yolo_msgs/msg/detail/detection_array__rosidl_typesupport_fastrtps_cpp.hpp
[0.985s] -- Up-to-date symlink: /home/roboticslab/ros2_ws/install/yolo_msgs/include/yolo_msgs/yolo_msgs/msg/detail/key_point2_d__rosidl_typesupport_fastrtps_cpp.hpp
[0.985s] -- Up-to-date symlink: /home/roboticslab/ros2_ws/install/yolo_msgs/include/yolo_msgs/yolo_msgs/msg/detail/key_point2_d_array__rosidl_typesupport_fastrtps_cpp.hpp
[0.985s] -- Up-to-date symlink: /home/roboticslab/ros2_ws/install/yolo_msgs/include/yolo_msgs/yolo_msgs/msg/detail/key_point3_d__rosidl_typesupport_fastrtps_cpp.hpp
[0.986s] -- Up-to-date symlink: /home/roboticslab/ros2_ws/install/yolo_msgs/include/yolo_msgs/yolo_msgs/msg/detail/key_point3_d_array__rosidl_typesupport_fastrtps_cpp.hpp
[0.986s] -- Up-to-date symlink: /home/roboticslab/ros2_ws/install/yolo_msgs/include/yolo_msgs/yolo_msgs/msg/detail/mask__rosidl_typesupport_fastrtps_cpp.hpp
[0.986s] -- Up-to-date symlink: /home/roboticslab/ros2_ws/install/yolo_msgs/include/yolo_msgs/yolo_msgs/msg/detail/point2_d__rosidl_typesupport_fastrtps_cpp.hpp
[0.986s] -- Up-to-date symlink: /home/roboticslab/ros2_ws/install/yolo_msgs/include/yolo_msgs/yolo_msgs/msg/detail/pose2_d__rosidl_typesupport_fastrtps_cpp.hpp
[0.986s] -- Up-to-date symlink: /home/roboticslab/ros2_ws/install/yolo_msgs/include/yolo_msgs/yolo_msgs/msg/detail/vector2__rosidl_typesupport_fastrtps_cpp.hpp
[0.986s] -- Up-to-date symlink: /home/roboticslab/ros2_ws/install/yolo_msgs/include/yolo_msgs/yolo_msgs/msg/rosidl_typesupport_fastrtps_cpp__visibility_control.h
[0.986s] -- Up-to-date symlink: /home/roboticslab/ros2_ws/install/yolo_msgs/include/yolo_msgs/yolo_msgs/srv/detail/set_classes__rosidl_typesupport_fastrtps_cpp.hpp
[0.987s] -- Up-to-date symlink: /home/roboticslab/ros2_ws/install/yolo_msgs/include/yolo_msgs/yolo_msgs/msg/detail/bounding_box2_d__rosidl_typesupport_introspection_cpp.hpp
[0.987s] -- Up-to-date symlink: /home/roboticslab/ros2_ws/install/yolo_msgs/include/yolo_msgs/yolo_msgs/msg/detail/bounding_box3_d__rosidl_typesupport_introspection_cpp.hpp
[0.987s] -- Up-to-date symlink: /home/roboticslab/ros2_ws/install/yolo_msgs/include/yolo_msgs/yolo_msgs/msg/detail/detection__rosidl_typesupport_introspection_cpp.hpp
[0.987s] -- Up-to-date symlink: /home/roboticslab/ros2_ws/install/yolo_msgs/include/yolo_msgs/yolo_msgs/msg/detail/detection_array__rosidl_typesupport_introspection_cpp.hpp
[0.987s] -- Up-to-date symlink: /home/roboticslab/ros2_ws/install/yolo_msgs/include/yolo_msgs/yolo_msgs/msg/detail/key_point2_d__rosidl_typesupport_introspection_cpp.hpp
[0.987s] -- Up-to-date symlink: /home/roboticslab/ros2_ws/install/yolo_msgs/include/yolo_msgs/yolo_msgs/msg/detail/key_point2_d_array__rosidl_typesupport_introspection_cpp.hpp
[0.988s] -- Up-to-date symlink: /home/roboticslab/ros2_ws/install/yolo_msgs/include/yolo_msgs/yolo_msgs/msg/detail/key_point3_d__rosidl_typesupport_introspection_cpp.hpp
[0.988s] -- Up-to-date symlink: /home/roboticslab/ros2_ws/install/yolo_msgs/include/yolo_msgs/yolo_msgs/msg/detail/key_point3_d_array__rosidl_typesupport_introspection_cpp.hpp
[0.988s] -- Up-to-date symlink: /home/roboticslab/ros2_ws/install/yolo_msgs/include/yolo_msgs/yolo_msgs/msg/detail/mask__rosidl_typesupport_introspection_cpp.hpp
[0.988s] -- Up-to-date symlink: /home/roboticslab/ros2_ws/install/yolo_msgs/include/yolo_msgs/yolo_msgs/msg/detail/point2_d__rosidl_typesupport_introspection_cpp.hpp
[0.988s] -- Up-to-date symlink: /home/roboticslab/ros2_ws/install/yolo_msgs/include/yolo_msgs/yolo_msgs/msg/detail/pose2_d__rosidl_typesupport_introspection_cpp.hpp
[0.988s] -- Up-to-date symlink: /home/roboticslab/ros2_ws/install/yolo_msgs/include/yolo_msgs/yolo_msgs/msg/detail/vector2__rosidl_typesupport_introspection_cpp.hpp
[0.989s] -- Up-to-date symlink: /home/roboticslab/ros2_ws/install/yolo_msgs/include/yolo_msgs/yolo_msgs/srv/detail/set_classes__rosidl_typesupport_introspection_cpp.hpp
[0.989s] -- Up-to-date symlink: /home/roboticslab/ros2_ws/install/yolo_msgs/share/yolo_msgs/environment/pythonpath.sh
[0.989s] -- Up-to-date symlink: /home/roboticslab/ros2_ws/install/yolo_msgs/share/yolo_msgs/environment/pythonpath.dsv
[0.990s] -- Up-to-date symlink: /home/roboticslab/ros2_ws/install/yolo_msgs/lib/python3.12/site-packages/yolo_msgs-4.5.1-py3.12.egg-info/PKG-INFO
[1.000s] -- Up-to-date symlink: /home/roboticslab/ros2_ws/install/yolo_msgs/lib/python3.12/site-packages/yolo_msgs-4.5.1-py3.12.egg-info/SOURCES.txt
[1.001s] -- Up-to-date symlink: /home/roboticslab/ros2_ws/install/yolo_msgs/lib/python3.12/site-packages/yolo_msgs-4.5.1-py3.12.egg-info/dependency_links.txt
[1.001s] -- Up-to-date symlink: /home/roboticslab/ros2_ws/install/yolo_msgs/lib/python3.12/site-packages/yolo_msgs-4.5.1-py3.12.egg-info/top_level.txt
[1.002s] -- Up-to-date symlink: /home/roboticslab/ros2_ws/install/yolo_msgs/lib/python3.12/site-packages/yolo_msgs/__init__.py
[1.003s] -- Up-to-date symlink: /home/roboticslab/ros2_ws/install/yolo_msgs/lib/python3.12/site-packages/yolo_msgs/_yolo_msgs_s.ep.rosidl_typesupport_c.c
[1.003s] -- Up-to-date symlink: /home/roboticslab/ros2_ws/install/yolo_msgs/lib/python3.12/site-packages/yolo_msgs/_yolo_msgs_s.ep.rosidl_typesupport_fastrtps_c.c
[1.003s] -- Up-to-date symlink: /home/roboticslab/ros2_ws/install/yolo_msgs/lib/python3.12/site-packages/yolo_msgs/_yolo_msgs_s.ep.rosidl_typesupport_introspection_c.c
[1.003s] -- Up-to-date symlink: /home/roboticslab/ros2_ws/install/yolo_msgs/lib/python3.12/site-packages/yolo_msgs/msg/__init__.py
[1.003s] -- Up-to-date symlink: /home/roboticslab/ros2_ws/install/yolo_msgs/lib/python3.12/site-packages/yolo_msgs/msg/_bounding_box2_d.py
[1.003s] -- Up-to-date symlink: /home/roboticslab/ros2_ws/install/yolo_msgs/lib/python3.12/site-packages/yolo_msgs/msg/_bounding_box2_d_s.c
[1.003s] -- Up-to-date symlink: /home/roboticslab/ros2_ws/install/yolo_msgs/lib/python3.12/site-packages/yolo_msgs/msg/_bounding_box3_d.py
[1.004s] -- Up-to-date symlink: /home/roboticslab/ros2_ws/install/yolo_msgs/lib/python3.12/site-packages/yolo_msgs/msg/_bounding_box3_d_s.c
[1.004s] -- Up-to-date symlink: /home/roboticslab/ros2_ws/install/yolo_msgs/lib/python3.12/site-packages/yolo_msgs/msg/_detection.py
[1.004s] -- Up-to-date symlink: /home/roboticslab/ros2_ws/install/yolo_msgs/lib/python3.12/site-packages/yolo_msgs/msg/_detection_array.py
[1.004s] -- Up-to-date symlink: /home/roboticslab/ros2_ws/install/yolo_msgs/lib/python3.12/site-packages/yolo_msgs/msg/_detection_array_s.c
[1.004s] -- Up-to-date symlink: /home/roboticslab/ros2_ws/install/yolo_msgs/lib/python3.12/site-packages/yolo_msgs/msg/_detection_s.c
[1.004s] -- Up-to-date symlink: /home/roboticslab/ros2_ws/install/yolo_msgs/lib/python3.12/site-packages/yolo_msgs/msg/_key_point2_d.py
[1.004s] -- Up-to-date symlink: /home/roboticslab/ros2_ws/install/yolo_msgs/lib/python3.12/site-packages/yolo_msgs/msg/_key_point2_d_array.py
[1.005s] -- Up-to-date symlink: /home/roboticslab/ros2_ws/install/yolo_msgs/lib/python3.12/site-packages/yolo_msgs/msg/_key_point2_d_array_s.c
[1.005s] -- Up-to-date symlink: /home/roboticslab/ros2_ws/install/yolo_msgs/lib/python3.12/site-packages/yolo_msgs/msg/_key_point2_d_s.c
[1.005s] -- Up-to-date symlink: /home/roboticslab/ros2_ws/install/yolo_msgs/lib/python3.12/site-packages/yolo_msgs/msg/_key_point3_d.py
[1.005s] -- Up-to-date symlink: /home/roboticslab/ros2_ws/install/yolo_msgs/lib/python3.12/site-packages/yolo_msgs/msg/_key_point3_d_array.py
[1.005s] -- Up-to-date symlink: /home/roboticslab/ros2_ws/install/yolo_msgs/lib/python3.12/site-packages/yolo_msgs/msg/_key_point3_d_array_s.c
[1.006s] -- Up-to-date symlink: /home/roboticslab/ros2_ws/install/yolo_msgs/lib/python3.12/site-packages/yolo_msgs/msg/_key_point3_d_s.c
[1.006s] -- Up-to-date symlink: /home/roboticslab/ros2_ws/install/yolo_msgs/lib/python3.12/site-packages/yolo_msgs/msg/_mask.py
[1.006s] -- Up-to-date symlink: /home/roboticslab/ros2_ws/install/yolo_msgs/lib/python3.12/site-packages/yolo_msgs/msg/_mask_s.c
[1.006s] -- Up-to-date symlink: /home/roboticslab/ros2_ws/install/yolo_msgs/lib/python3.12/site-packages/yolo_msgs/msg/_point2_d.py
[1.006s] -- Up-to-date symlink: /home/roboticslab/ros2_ws/install/yolo_msgs/lib/python3.12/site-packages/yolo_msgs/msg/_point2_d_s.c
[1.006s] -- Up-to-date symlink: /home/roboticslab/ros2_ws/install/yolo_msgs/lib/python3.12/site-packages/yolo_msgs/msg/_pose2_d.py
[1.006s] -- Up-to-date symlink: /home/roboticslab/ros2_ws/install/yolo_msgs/lib/python3.12/site-packages/yolo_msgs/msg/_pose2_d_s.c
[1.006s] -- Up-to-date symlink: /home/roboticslab/ros2_ws/install/yolo_msgs/lib/python3.12/site-packages/yolo_msgs/msg/_vector2.py
[1.006s] -- Up-to-date symlink: /home/roboticslab/ros2_ws/install/yolo_msgs/lib/python3.12/site-packages/yolo_msgs/msg/_vector2_s.c
[1.006s] -- Up-to-date symlink: /home/roboticslab/ros2_ws/install/yolo_msgs/lib/python3.12/site-packages/yolo_msgs/srv/__init__.py
[1.006s] -- Up-to-date symlink: /home/roboticslab/ros2_ws/install/yolo_msgs/lib/python3.12/site-packages/yolo_msgs/srv/_set_classes.py
[1.006s] -- Up-to-date symlink: /home/roboticslab/ros2_ws/install/yolo_msgs/lib/python3.12/site-packages/yolo_msgs/srv/_set_classes_s.c
[1.007s] -- Up-to-date symlink: /home/roboticslab/ros2_ws/install/yolo_msgs/lib/python3.12/site-packages/yolo_msgs/yolo_msgs_s__rosidl_typesupport_c.so
[1.007s] -- Up-to-date symlink: /home/roboticslab/ros2_ws/install/yolo_msgs/lib/python3.12/site-packages/yolo_msgs/yolo_msgs_s__rosidl_typesupport_fastrtps_c.so
[1.007s] -- Up-to-date symlink: /home/roboticslab/ros2_ws/install/yolo_msgs/lib/python3.12/site-packages/yolo_msgs/yolo_msgs_s__rosidl_typesupport_introspection_c.so
[1.007s] -- Up-to-date symlink: /home/roboticslab/ros2_ws/install/yolo_msgs/lib/python3.12/site-packages/yolo_msgs/yolo_msgs_s__rosidl_typesupport_fastrtps_c.so
[1.007s] -- Up-to-date symlink: /home/roboticslab/ros2_ws/install/yolo_msgs/lib/python3.12/site-packages/yolo_msgs/yolo_msgs_s__rosidl_typesupport_introspection_c.so
[1.007s] -- Up-to-date symlink: /home/roboticslab/ros2_ws/install/yolo_msgs/lib/python3.12/site-packages/yolo_msgs/yolo_msgs_s__rosidl_typesupport_c.so
[1.008s] -- Up-to-date symlink: /home/roboticslab/ros2_ws/install/yolo_msgs/share/ament_index/resource_index/rust_packages/yolo_msgs
[1.008s] -- Up-to-date symlink: /home/roboticslab/ros2_ws/install/yolo_msgs/share/yolo_msgs/rust/Cargo.toml
[1.008s] -- Up-to-date symlink: /home/roboticslab/ros2_ws/install/yolo_msgs/share/yolo_msgs/rust/build.rs
[1.009s] -- Up-to-date symlink: /home/roboticslab/ros2_ws/install/yolo_msgs/share/yolo_msgs/rust/src/lib.rs
[1.009s] -- Up-to-date symlink: /home/roboticslab/ros2_ws/install/yolo_msgs/share/yolo_msgs/rust/src/msg.rs
[1.009s] -- Up-to-date symlink: /home/roboticslab/ros2_ws/install/yolo_msgs/share/yolo_msgs/rust/src/msg/rmw.rs
[1.009s] -- Up-to-date symlink: /home/roboticslab/ros2_ws/install/yolo_msgs/share/yolo_msgs/rust/src/srv.rs
[1.010s] -- Up-to-date symlink: /home/roboticslab/ros2_ws/install/yolo_msgs/share/yolo_msgs/rust/src/srv/rmw.rs
[1.010s] -- Up-to-date symlink: /home/roboticslab/ros2_ws/install/yolo_msgs/share/yolo_msgs/msg/Point2D.idl
[1.010s] -- Up-to-date symlink: /home/roboticslab/ros2_ws/install/yolo_msgs/share/yolo_msgs/msg/Vector2.idl
[1.010s] -- Up-to-date symlink: /home/roboticslab/ros2_ws/install/yolo_msgs/share/yolo_msgs/msg/Pose2D.idl
[1.011s] -- Up-to-date symlink: /home/roboticslab/ros2_ws/install/yolo_msgs/share/yolo_msgs/msg/BoundingBox2D.idl
[1.011s] -- Up-to-date symlink: /home/roboticslab/ros2_ws/install/yolo_msgs/share/yolo_msgs/msg/BoundingBox3D.idl
[1.012s] -- Up-to-date symlink: /home/roboticslab/ros2_ws/install/yolo_msgs/share/yolo_msgs/msg/Mask.idl
[1.012s] -- Up-to-date symlink: /home/roboticslab/ros2_ws/install/yolo_msgs/share/yolo_msgs/msg/KeyPoint2D.idl
[1.012s] -- Up-to-date symlink: /home/roboticslab/ros2_ws/install/yolo_msgs/share/yolo_msgs/msg/KeyPoint2DArray.idl
[1.013s] -- Up-to-date symlink: /home/roboticslab/ros2_ws/install/yolo_msgs/share/yolo_msgs/msg/KeyPoint3D.idl
[1.024s] -- Up-to-date symlink: /home/roboticslab/ros2_ws/install/yolo_msgs/share/yolo_msgs/msg/KeyPoint3DArray.idl
[1.025s] -- Up-to-date symlink: /home/roboticslab/ros2_ws/install/yolo_msgs/share/yolo_msgs/msg/Detection.idl
[1.025s] -- Up-to-date symlink: /home/roboticslab/ros2_ws/install/yolo_msgs/share/yolo_msgs/msg/DetectionArray.idl
[1.026s] -- Up-to-date symlink: /home/roboticslab/ros2_ws/install/yolo_msgs/share/yolo_msgs/srv/SetClasses.idl
[1.026s] -- Up-to-date symlink: /home/roboticslab/ros2_ws/install/yolo_msgs/share/yolo_msgs/msg/Point2D.msg
[1.026s] -- Up-to-date symlink: /home/roboticslab/ros2_ws/install/yolo_msgs/share/yolo_msgs/msg/Vector2.msg
[1.026s] -- Up-to-date symlink: /home/roboticslab/ros2_ws/install/yolo_msgs/share/yolo_msgs/msg/Pose2D.msg
[1.027s] -- Up-to-date symlink: /home/roboticslab/ros2_ws/install/yolo_msgs/share/yolo_msgs/msg/BoundingBox2D.msg
[1.027s] -- Up-to-date symlink: /home/roboticslab/ros2_ws/install/yolo_msgs/share/yolo_msgs/msg/BoundingBox3D.msg
[1.027s] -- Up-to-date symlink: /home/roboticslab/ros2_ws/install/yolo_msgs/share/yolo_msgs/msg/Mask.msg
[1.028s] -- Up-to-date symlink: /home/roboticslab/ros2_ws/install/yolo_msgs/share/yolo_msgs/msg/KeyPoint2D.msg
[1.028s] -- Up-to-date symlink: /home/roboticslab/ros2_ws/install/yolo_msgs/share/yolo_msgs/msg/KeyPoint2DArray.msg
[1.028s] -- Up-to-date symlink: /home/roboticslab/ros2_ws/install/yolo_msgs/share/yolo_msgs/msg/KeyPoint3D.msg
[1.029s] -- Up-to-date symlink: /home/roboticslab/ros2_ws/install/yolo_msgs/share/yolo_msgs/msg/KeyPoint3DArray.msg
[1.029s] -- Up-to-date symlink: /home/roboticslab/ros2_ws/install/yolo_msgs/share/yolo_msgs/msg/Detection.msg
[1.029s] -- Up-to-date symlink: /home/roboticslab/ros2_ws/install/yolo_msgs/share/yolo_msgs/msg/DetectionArray.msg
[1.029s] -- Up-to-date symlink: /home/roboticslab/ros2_ws/install/yolo_msgs/share/yolo_msgs/srv/SetClasses.srv
[1.030s] -- Up-to-date symlink: /home/roboticslab/ros2_ws/install/yolo_msgs/share/ament_index/resource_index/package_run_dependencies/yolo_msgs
[1.030s] -- Up-to-date symlink: /home/roboticslab/ros2_ws/install/yolo_msgs/share/ament_index/resource_index/parent_prefix_path/yolo_msgs
[1.030s] -- Up-to-date symlink: /home/roboticslab/ros2_ws/install/yolo_msgs/share/yolo_msgs/environment/ament_prefix_path.sh
[1.031s] -- Up-to-date symlink: /home/roboticslab/ros2_ws/install/yolo_msgs/share/yolo_msgs/environment/ament_prefix_path.dsv
[1.031s] -- Up-to-date symlink: /home/roboticslab/ros2_ws/install/yolo_msgs/share/yolo_msgs/environment/path.sh
[1.031s] -- Up-to-date symlink: /home/roboticslab/ros2_ws/install/yolo_msgs/share/yolo_msgs/environment/path.dsv
[1.031s] -- Up-to-date symlink: /home/roboticslab/ros2_ws/install/yolo_msgs/share/yolo_msgs/local_setup.bash
[1.032s] -- Up-to-date symlink: /home/roboticslab/ros2_ws/install/yolo_msgs/share/yolo_msgs/local_setup.sh
[1.032s] -- Up-to-date symlink: /home/roboticslab/ros2_ws/install/yolo_msgs/share/yolo_msgs/local_setup.zsh
[1.032s] -- Up-to-date symlink: /home/roboticslab/ros2_ws/install/yolo_msgs/share/yolo_msgs/local_setup.dsv
[1.032s] -- Symlinking: /home/roboticslab/ros2_ws/install/yolo_msgs/share/yolo_msgs/package.dsv
[1.047s] -- Up-to-date symlink: /home/roboticslab/ros2_ws/install/yolo_msgs/share/ament_index/resource_index/packages/yolo_msgs
[1.047s] -- Up-to-date symlink: /home/roboticslab/ros2_ws/install/yolo_msgs/share/yolo_msgs/cmake/rosidl_cmake-extras.cmake
[1.047s] -- Up-to-date symlink: /home/roboticslab/ros2_ws/install/yolo_msgs/share/yolo_msgs/cmake/ament_cmake_export_dependencies-extras.cmake
[1.048s] -- Up-to-date symlink: /home/roboticslab/ros2_ws/install/yolo_msgs/share/yolo_msgs/cmake/ament_cmake_export_include_directories-extras.cmake
[1.048s] -- Up-to-date symlink: /home/roboticslab/ros2_ws/install/yolo_msgs/share/yolo_msgs/cmake/ament_cmake_export_libraries-extras.cmake
[1.048s] -- Up-to-date symlink: /home/roboticslab/ros2_ws/install/yolo_msgs/share/yolo_msgs/cmake/ament_cmake_export_targets-extras.cmake
[1.049s] -- Up-to-date symlink: /home/roboticslab/ros2_ws/install/yolo_msgs/share/yolo_msgs/cmake/rosidl_cmake_export_typesupport_targets-extras.cmake
[1.049s] -- Up-to-date symlink: /home/roboticslab/ros2_ws/install/yolo_msgs/share/yolo_msgs/cmake/rosidl_cmake_export_typesupport_libraries-extras.cmake
[1.049s] -- Up-to-date symlink: /home/roboticslab/ros2_ws/install/yolo_msgs/share/yolo_msgs/cmake/yolo_msgsConfig.cmake
[1.049s] -- Up-to-date symlink: /home/roboticslab/ros2_ws/install/yolo_msgs/share/yolo_msgs/cmake/yolo_msgsConfig-version.cmake
[1.050s] -- Up-to-date symlink: /home/roboticslab/ros2_ws/install/yolo_msgs/share/yolo_msgs/package.xml
[1.064s] -- Up-to-date: /home/roboticslab/ros2_ws/install/yolo_msgs/lib/libyolo_msgs__rosidl_generator_c.so
[1.070s] -- Up-to-date: /home/roboticslab/ros2_ws/install/yolo_msgs/lib/libyolo_msgs__rosidl_typesupport_fastrtps_c.so
[1.077s] -- Up-to-date: /home/roboticslab/ros2_ws/install/yolo_msgs/lib/libyolo_msgs__rosidl_typesupport_introspection_c.so
[1.078s] -- Up-to-date: /home/roboticslab/ros2_ws/install/yolo_msgs/lib/libyolo_msgs__rosidl_typesupport_c.so
[1.079s] -- Up-to-date: /home/roboticslab/ros2_ws/install/yolo_msgs/lib/libyolo_msgs__rosidl_typesupport_fastrtps_cpp.so
[1.091s] -- Up-to-date: /home/roboticslab/ros2_ws/install/yolo_msgs/lib/libyolo_msgs__rosidl_typesupport_introspection_cpp.so
[1.097s] -- Up-to-date: /home/roboticslab/ros2_ws/install/yolo_msgs/lib/libyolo_msgs__rosidl_typesupport_cpp.so
[1.166s] Listing '/home/roboticslab/ros2_ws/install/yolo_msgs/lib/python3.12/site-packages/yolo_msgs'...
[1.166s] Listing '/home/roboticslab/ros2_ws/install/yolo_msgs/lib/python3.12/site-packages/yolo_msgs/msg'...
[1.166s] Listing '/home/roboticslab/ros2_ws/install/yolo_msgs/lib/python3.12/site-packages/yolo_msgs/srv'...
[1.194s] -- Up-to-date: /home/roboticslab/ros2_ws/install/yolo_msgs/lib/libyolo_msgs__rosidl_generator_py.so
[1.196s] -- Up-to-date: /home/roboticslab/ros2_ws/install/yolo_msgs/share/yolo_msgs/cmake/export_yolo_msgs__rosidl_generator_cExport.cmake
[1.196s] -- Up-to-date: /home/roboticslab/ros2_ws/install/yolo_msgs/share/yolo_msgs/cmake/export_yolo_msgs__rosidl_generator_cExport-noconfig.cmake
[1.196s] -- Up-to-date: /home/roboticslab/ros2_ws/install/yolo_msgs/share/yolo_msgs/cmake/export_yolo_msgs__rosidl_typesupport_fastrtps_cExport.cmake
[1.196s] -- Up-to-date: /home/roboticslab/ros2_ws/install/yolo_msgs/share/yolo_msgs/cmake/export_yolo_msgs__rosidl_typesupport_fastrtps_cExport-noconfig.cmake
[1.197s] -- Up-to-date: /home/roboticslab/ros2_ws/install/yolo_msgs/share/yolo_msgs/cmake/yolo_msgs__rosidl_typesupport_introspection_cExport.cmake
[1.197s] -- Up-to-date: /home/roboticslab/ros2_ws/install/yolo_msgs/share/yolo_msgs/cmake/yolo_msgs__rosidl_typesupport_introspection_cExport-noconfig.cmake
[1.197s] -- Up-to-date: /home/roboticslab/ros2_ws/install/yolo_msgs/share/yolo_msgs/cmake/yolo_msgs__rosidl_typesupport_cExport.cmake
[1.197s] -- Up-to-date: /home/roboticslab/ros2_ws/install/yolo_msgs/share/yolo_msgs/cmake/yolo_msgs__rosidl_typesupport_cExport-noconfig.cmake
[1.198s] -- Up-to-date: /home/roboticslab/ros2_ws/install/yolo_msgs/share/yolo_msgs/cmake/export_yolo_msgs__rosidl_generator_cppExport.cmake
[1.198s] -- Up-to-date: /home/roboticslab/ros2_ws/install/yolo_msgs/share/yolo_msgs/cmake/export_yolo_msgs__rosidl_typesupport_fastrtps_cppExport.cmake
[1.198s] -- Up-to-date: /home/roboticslab/ros2_ws/install/yolo_msgs/share/yolo_msgs/cmake/export_yolo_msgs__rosidl_typesupport_fastrtps_cppExport-noconfig.cmake
[1.199s] -- Up-to-date: /home/roboticslab/ros2_ws/install/yolo_msgs/share/yolo_msgs/cmake/yolo_msgs__rosidl_typesupport_introspection_cppExport.cmake
[1.199s] -- Up-to-date: /home/roboticslab/ros2_ws/install/yolo_msgs/share/yolo_msgs/cmake/yolo_msgs__rosidl_typesupport_introspection_cppExport-noconfig.cmake
[1.199s] -- Up-to-date: /home/roboticslab/ros2_ws/install/yolo_msgs/share/yolo_msgs/cmake/yolo_msgs__rosidl_typesupport_cppExport.cmake
[1.199s] -- Up-to-date: /home/roboticslab/ros2_ws/install/yolo_msgs/share/yolo_msgs/cmake/yolo_msgs__rosidl_typesupport_cppExport-noconfig.cmake
[1.199s] -- Up-to-date: /home/roboticslab/ros2_ws/install/yolo_msgs/share/yolo_msgs/cmake/export_yolo_msgs__rosidl_generator_pyExport.cmake
[1.200s] -- Up-to-date: /home/roboticslab/ros2_ws/install/yolo_msgs/share/yolo_msgs/cmake/export_yolo_msgs__rosidl_generator_pyExport-noconfig.cmake
[1.202s] Invoked command in '/home/roboticslab/ros2_ws/build/yolo_msgs' returned '0': CMAKE_PREFIX_PATH=${CMAKE_PREFIX_PATH}:/home/roboticslab/ros2_ws/install/yolo_ros:/home/roboticslab/ros2_ws/install/so101_gripper_control:/home/roboticslab/ws_moveit/install/moveit_configs_utils:/opt/ros/kilted DEBUGINFOD_URLS=https://debuginfod.ubuntu.com /usr/bin/cmake --install /home/roboticslab/ros2_ws/build/yolo_msgs
