running develop
running egg_info
creating so101_gripper_control.egg-info
writing so101_gripper_control.egg-info/PKG-INFO
writing dependency_links to so101_gripper_control.egg-info/dependency_links.txt
writing entry points to so101_gripper_control.egg-info/entry_points.txt
writing requirements to so101_gripper_control.egg-info/requires.txt
writing top-level names to so101_gripper_control.egg-info/top_level.txt
writing manifest file 'so101_gripper_control.egg-info/SOURCES.txt'
reading manifest file 'so101_gripper_control.egg-info/SOURCES.txt'
writing manifest file 'so101_gripper_control.egg-info/SOURCES.txt'
running build_ext
Creating /home/roboticslab/ros2_ws/install/so101_gripper_control/lib/python3.12/site-packages/so101-gripper-control.egg-link (link to .)
Installing gripper_node script to /home/roboticslab/ros2_ws/install/so101_gripper_control/lib/so101_gripper_control

Installed /home/roboticslab/ros2_ws/build/so101_gripper_control
running symlink_data
creating /home/roboticslab/ros2_ws/install/so101_gripper_control/share/ament_index
creating /home/roboticslab/ros2_ws/install/so101_gripper_control/share/ament_index/resource_index
creating /home/roboticslab/ros2_ws/install/so101_gripper_control/share/ament_index/resource_index/packages
symbolically linking /home/roboticslab/ros2_ws/build/so101_gripper_control/resource/so101_gripper_control -> /home/roboticslab/ros2_ws/install/so101_gripper_control/share/ament_index/resource_index/packages
symbolically linking /home/roboticslab/ros2_ws/build/so101_gripper_control/package.xml -> /home/roboticslab/ros2_ws/install/so101_gripper_control/share/so101_gripper_control
