[6.200s] Invoking command in '/home/roboticslab/ros2_ws/build/yolo_ros': AMENT_PREFIX_PATH=/home/roboticslab/ros2_ws/install/yolo_msgs:${AMENT_PREFIX_PATH} CMAKE_PREFIX_PATH=/home/roboticslab/ros2_ws/install/yolo_msgs:${CMAKE_PREFIX_PATH} DEBUGINFOD_URLS=https://debuginfod.ubuntu.com LD_LIBRARY_PATH=/home/roboticslab/ros2_ws/install/yolo_msgs/lib:${LD_LIBRARY_PATH} PYTHONPATH=/home/roboticslab/ros2_ws/build/yolo_ros/prefix_override:/usr/lib/python3/dist-packages/colcon_core/task/python/colcon_distutils_commands:/home/roboticslab/ros2_ws/install/yolo_ros/lib/python3.12/site-packages:/home/roboticslab/ros2_ws/install/yolo_msgs/lib/python3.12/site-packages:${PYTHONPATH} /usr/bin/python3 -W ignore:setup.py install is deprecated -W ignore:easy_install command is deprecated setup.py develop --editable --build-directory /home/roboticslab/ros2_ws/build/yolo_ros/build --no-deps symlink_data
[6.710s] running develop
[7.112s] running egg_info
[7.112s] creating yolo_ros.egg-info
[7.151s] writing yolo_ros.egg-info/PKG-INFO
[7.151s] writing dependency_links to yolo_ros.egg-info/dependency_links.txt
[7.151s] writing entry points to yolo_ros.egg-info/entry_points.txt
[7.152s] writing requirements to yolo_ros.egg-info/requires.txt
[7.152s] writing top-level names to yolo_ros.egg-info/top_level.txt
[7.152s] writing manifest file 'yolo_ros.egg-info/SOURCES.txt'
[7.245s] reading manifest file 'yolo_ros.egg-info/SOURCES.txt'
[7.246s] writing manifest file 'yolo_ros.egg-info/SOURCES.txt'
[7.286s] running build_ext
[7.286s] Creating /home/roboticslab/ros2_ws/install/yolo_ros/lib/python3.12/site-packages/yolo-ros.egg-link (link to .)
[7.287s] Installing debug_node script to /home/roboticslab/ros2_ws/install/yolo_ros/lib/yolo_ros
[7.287s] Installing detect_3d_node script to /home/roboticslab/ros2_ws/install/yolo_ros/lib/yolo_ros
[7.287s] Installing tracking_node script to /home/roboticslab/ros2_ws/install/yolo_ros/lib/yolo_ros
[7.288s] Installing yolo_node script to /home/roboticslab/ros2_ws/install/yolo_ros/lib/yolo_ros
[7.288s] 
[7.288s] Installed /home/roboticslab/ros2_ws/build/yolo_ros
[7.288s] running symlink_data
[7.288s] creating /home/roboticslab/ros2_ws/install/yolo_ros/share/ament_index
[7.288s] creating /home/roboticslab/ros2_ws/install/yolo_ros/share/ament_index/resource_index
[7.288s] creating /home/roboticslab/ros2_ws/install/yolo_ros/share/ament_index/resource_index/packages
[7.288s] symbolically linking /home/roboticslab/ros2_ws/build/yolo_ros/resource/yolo_ros -> /home/roboticslab/ros2_ws/install/yolo_ros/share/ament_index/resource_index/packages
[7.288s] symbolically linking /home/roboticslab/ros2_ws/build/yolo_ros/package.xml -> /home/roboticslab/ros2_ws/install/yolo_ros/share/yolo_ros
[7.331s] Invoked command in '/home/roboticslab/ros2_ws/build/yolo_ros' returned '0': AMENT_PREFIX_PATH=/home/roboticslab/ros2_ws/install/yolo_msgs:${AMENT_PREFIX_PATH} CMAKE_PREFIX_PATH=/home/roboticslab/ros2_ws/install/yolo_msgs:${CMAKE_PREFIX_PATH} DEBUGINFOD_URLS=https://debuginfod.ubuntu.com LD_LIBRARY_PATH=/home/roboticslab/ros2_ws/install/yolo_msgs/lib:${LD_LIBRARY_PATH} PYTHONPATH=/home/roboticslab/ros2_ws/build/yolo_ros/prefix_override:/usr/lib/python3/dist-packages/colcon_core/task/python/colcon_distutils_commands:/home/roboticslab/ros2_ws/install/yolo_ros/lib/python3.12/site-packages:/home/roboticslab/ros2_ws/install/yolo_msgs/lib/python3.12/site-packages:${PYTHONPATH} /usr/bin/python3 -W ignore:setup.py install is deprecated -W ignore:easy_install command is deprecated setup.py develop --editable --build-directory /home/roboticslab/ros2_ws/build/yolo_ros/build --no-deps symlink_data
