/home/roboticslab/ros2_ws/install/grocery_perception/lib/python3.12/site-packages/grocery_perception/pick_executor.py
/home/roboticslab/ros2_ws/install/grocery_perception/lib/python3.12/site-packages/grocery_perception/object_pose_transformer.py
/home/roboticslab/ros2_ws/install/grocery_perception/lib/python3.12/site-packages/grocery_perception/object_pose_estimator.py
/home/roboticslab/ros2_ws/install/grocery_perception/lib/python3.12/site-packages/grocery_perception/pre_grasp_moveit_action_client.py
/home/roboticslab/ros2_ws/install/grocery_perception/lib/python3.12/site-packages/grocery_perception/ik_checker.py
/home/roboticslab/ros2_ws/install/grocery_perception/lib/python3.12/site-packages/grocery_perception/__init__.py
/home/roboticslab/ros2_ws/install/grocery_perception/lib/python3.12/site-packages/grocery_perception/pick_planner.py
/home/roboticslab/ros2_ws/install/grocery_perception/lib/python3.12/site-packages/grocery_perception/py.typed
/home/roboticslab/ros2_ws/install/grocery_perception/lib/python3.12/site-packages/grocery_perception/__pycache__/pick_executor.cpython-312.pyc
/home/roboticslab/ros2_ws/install/grocery_perception/lib/python3.12/site-packages/grocery_perception/__pycache__/object_pose_transformer.cpython-312.pyc
/home/roboticslab/ros2_ws/install/grocery_perception/lib/python3.12/site-packages/grocery_perception/__pycache__/object_pose_estimator.cpython-312.pyc
/home/roboticslab/ros2_ws/install/grocery_perception/lib/python3.12/site-packages/grocery_perception/__pycache__/pre_grasp_moveit_action_client.cpython-312.pyc
/home/roboticslab/ros2_ws/install/grocery_perception/lib/python3.12/site-packages/grocery_perception/__pycache__/ik_checker.cpython-312.pyc
/home/roboticslab/ros2_ws/install/grocery_perception/lib/python3.12/site-packages/grocery_perception/__pycache__/__init__.cpython-312.pyc
/home/roboticslab/ros2_ws/install/grocery_perception/lib/python3.12/site-packages/grocery_perception/__pycache__/pick_planner.cpython-312.pyc
/home/roboticslab/ros2_ws/install/grocery_perception/share/ament_index/resource_index/packages/grocery_perception
/home/roboticslab/ros2_ws/install/grocery_perception/share/grocery_perception/package.xml
/home/roboticslab/ros2_ws/install/grocery_perception/lib/python3.12/site-packages/grocery_perception-0.0.0-py3.12.egg-info/PKG-INFO
/home/roboticslab/ros2_ws/install/grocery_perception/lib/python3.12/site-packages/grocery_perception-0.0.0-py3.12.egg-info/zip-safe
/home/roboticslab/ros2_ws/install/grocery_perception/lib/python3.12/site-packages/grocery_perception-0.0.0-py3.12.egg-info/dependency_links.txt
/home/roboticslab/ros2_ws/install/grocery_perception/lib/python3.12/site-packages/grocery_perception-0.0.0-py3.12.egg-info/entry_points.txt
/home/roboticslab/ros2_ws/install/grocery_perception/lib/python3.12/site-packages/grocery_perception-0.0.0-py3.12.egg-info/top_level.txt
/home/roboticslab/ros2_ws/install/grocery_perception/lib/python3.12/site-packages/grocery_perception-0.0.0-py3.12.egg-info/SOURCES.txt
/home/roboticslab/ros2_ws/install/grocery_perception/lib/python3.12/site-packages/grocery_perception-0.0.0-py3.12.egg-info/requires.txt
/home/roboticslab/ros2_ws/install/grocery_perception/lib/grocery_perception/ik_checker
/home/roboticslab/ros2_ws/install/grocery_perception/lib/grocery_perception/object_pose_estimator
/home/roboticslab/ros2_ws/install/grocery_perception/lib/grocery_perception/object_pose_transformer
/home/roboticslab/ros2_ws/install/grocery_perception/lib/grocery_perception/pick_executor
/home/roboticslab/ros2_ws/install/grocery_perception/lib/grocery_perception/pick_planner
