[0.193s] DEBUG:colcon:Command line arguments: ['/usr/bin/colcon', 'build', '--symlink-install', '--packages-select', 'grocery_perception']
[0.193s] DEBUG:colcon:Parsed command line arguments: Namespace(log_base=None, log_level=None, verb_name='build', build_base='build', install_base='install', merge_install=False, symlink_install=True, test_result_base=None, continue_on_error=False, executor='parallel', parallel_workers=4, event_handlers=None, ignore_user_meta=False, metas=['./colcon.meta'], base_paths=['.'], packages_ignore=None, packages_ignore_regex=None, paths=None, packages_up_to=None, packages_up_to_regex=None, packages_above=None, packages_above_and_dependencies=None, packages_above_depth=None, packages_select_by_dep=None, packages_skip_by_dep=None, packages_skip_up_to=None, packages_select_build_failed=False, packages_skip_build_finished=False, packages_select_test_failures=False, packages_skip_test_passed=False, packages_select=['grocery_perception'], packages_skip=None, packages_select_regex=None, packages_skip_regex=None, packages_start=None, packages_end=None, allow_overriding=[], cmake_args=None, cmake_target=None, cmake_target_skip_unavailable=False, cmake_clean_cache=False, cmake_clean_first=False, cmake_force_configure=False, ament_cmake_args=None, catkin_cmake_args=None, catkin_skip_building_tests=False, mixin_files=None, mixin=None, verb_parser=<colcon_mixin.mixin.mixin_argument.MixinArgumentDecorator object at 0x747869aed790>, verb_extension=<colcon_core.verb.build.BuildVerb object at 0x747869aed460>, main=<bound method BuildVerb.main of <colcon_core.verb.build.BuildVerb object at 0x747869aed460>>, mixin_verb=('build',))
[0.248s] Level 1:colcon.colcon_core.package_discovery:discover_packages(colcon_meta) check parameters
[0.248s] Level 1:colcon.colcon_core.package_discovery:discover_packages(recursive) check parameters
[0.248s] Level 1:colcon.colcon_core.package_discovery:discover_packages(ignore) check parameters
[0.248s] Level 1:colcon.colcon_core.package_discovery:discover_packages(path) check parameters
[0.248s] Level 1:colcon.colcon_core.package_discovery:discover_packages(colcon_meta) discover
[0.248s] Level 1:colcon.colcon_core.package_discovery:discover_packages(recursive) discover
[0.248s] INFO:colcon.colcon_core.package_discovery:Crawling recursively for packages in '/home/roboticslab/ros2_ws'
[0.248s] Level 1:colcon.colcon_core.package_identification:_identify(.) by extensions ['ignore', 'ignore_ament_install']
[0.249s] Level 1:colcon.colcon_core.package_identification:_identify(.) by extension 'ignore'
[0.249s] Level 1:colcon.colcon_core.package_identification:_identify(.) by extension 'ignore_ament_install'
[0.249s] Level 1:colcon.colcon_core.package_identification:_identify(.) by extensions ['colcon_pkg']
[0.249s] Level 1:colcon.colcon_core.package_identification:_identify(.) by extension 'colcon_pkg'
[0.249s] Level 1:colcon.colcon_core.package_identification:_identify(.) by extensions ['colcon_meta']
[0.249s] Level 1:colcon.colcon_core.package_identification:_identify(.) by extension 'colcon_meta'
[0.249s] Level 1:colcon.colcon_core.package_identification:_identify(.) by extensions ['ros']
[0.249s] Level 1:colcon.colcon_core.package_identification:_identify(.) by extension 'ros'
[0.284s] Level 1:colcon.colcon_core.package_identification:_identify(.) by extensions ['cmake', 'python']
[0.284s] Level 1:colcon.colcon_core.package_identification:_identify(.) by extension 'cmake'
[0.284s] Level 1:colcon.colcon_core.package_identification:_identify(.) by extension 'python'
[0.284s] Level 1:colcon.colcon_core.package_identification:_identify(.) by extensions ['python_setup_py']
[0.284s] Level 1:colcon.colcon_core.package_identification:_identify(.) by extension 'python_setup_py'
[0.284s] Level 1:colcon.colcon_core.package_identification:_identify(build) by extensions ['ignore', 'ignore_ament_install']
[0.285s] Level 1:colcon.colcon_core.package_identification:_identify(build) by extension 'ignore'
[0.285s] Level 1:colcon.colcon_core.package_identification:_identify(build) ignored
[0.285s] Level 1:colcon.colcon_core.package_identification:_identify(install) by extensions ['ignore', 'ignore_ament_install']
[0.285s] Level 1:colcon.colcon_core.package_identification:_identify(install) by extension 'ignore'
[0.285s] Level 1:colcon.colcon_core.package_identification:_identify(install) ignored
[0.285s] Level 1:colcon.colcon_core.package_identification:_identify(log) by extensions ['ignore', 'ignore_ament_install']
[0.285s] Level 1:colcon.colcon_core.package_identification:_identify(log) by extension 'ignore'
[0.285s] Level 1:colcon.colcon_core.package_identification:_identify(log) ignored
[0.285s] Level 1:colcon.colcon_core.package_identification:_identify(src) by extensions ['ignore', 'ignore_ament_install']
[0.285s] Level 1:colcon.colcon_core.package_identification:_identify(src) by extension 'ignore'
[0.286s] Level 1:colcon.colcon_core.package_identification:_identify(src) by extension 'ignore_ament_install'
[0.286s] Level 1:colcon.colcon_core.package_identification:_identify(src) by extensions ['colcon_pkg']
[0.286s] Level 1:colcon.colcon_core.package_identification:_identify(src) by extension 'colcon_pkg'
[0.286s] Level 1:colcon.colcon_core.package_identification:_identify(src) by extensions ['colcon_meta']
[0.286s] Level 1:colcon.colcon_core.package_identification:_identify(src) by extension 'colcon_meta'
[0.286s] Level 1:colcon.colcon_core.package_identification:_identify(src) by extensions ['ros']
[0.286s] Level 1:colcon.colcon_core.package_identification:_identify(src) by extension 'ros'
[0.286s] Level 1:colcon.colcon_core.package_identification:_identify(src) by extensions ['cmake', 'python']
[0.286s] Level 1:colcon.colcon_core.package_identification:_identify(src) by extension 'cmake'
[0.286s] Level 1:colcon.colcon_core.package_identification:_identify(src) by extension 'python'
[0.286s] Level 1:colcon.colcon_core.package_identification:_identify(src) by extensions ['python_setup_py']
[0.286s] Level 1:colcon.colcon_core.package_identification:_identify(src) by extension 'python_setup_py'
[0.286s] Level 1:colcon.colcon_core.package_identification:_identify(src/build) by extensions ['ignore', 'ignore_ament_install']
[0.286s] Level 1:colcon.colcon_core.package_identification:_identify(src/build) by extension 'ignore'
[0.286s] Level 1:colcon.colcon_core.package_identification:_identify(src/build) ignored
[0.286s] Level 1:colcon.colcon_core.package_identification:_identify(src/grocery_perception) by extensions ['ignore', 'ignore_ament_install']
[0.287s] Level 1:colcon.colcon_core.package_identification:_identify(src/grocery_perception) by extension 'ignore'
[0.287s] Level 1:colcon.colcon_core.package_identification:_identify(src/grocery_perception) by extension 'ignore_ament_install'
[0.287s] Level 1:colcon.colcon_core.package_identification:_identify(src/grocery_perception) by extensions ['colcon_pkg']
[0.287s] Level 1:colcon.colcon_core.package_identification:_identify(src/grocery_perception) by extension 'colcon_pkg'
[0.287s] Level 1:colcon.colcon_core.package_identification:_identify(src/grocery_perception) by extensions ['colcon_meta']
[0.287s] Level 1:colcon.colcon_core.package_identification:_identify(src/grocery_perception) by extension 'colcon_meta'
[0.287s] Level 1:colcon.colcon_core.package_identification:_identify(src/grocery_perception) by extensions ['ros']
[0.287s] Level 1:colcon.colcon_core.package_identification:_identify(src/grocery_perception) by extension 'ros'
[0.291s] DEBUG:colcon.colcon_core.package_identification:Package 'src/grocery_perception' with type 'ros.ament_python' and name 'grocery_perception'
[0.291s] Level 1:colcon.colcon_core.package_identification:_identify(src/grocery_robot_bringup) by extensions ['ignore', 'ignore_ament_install']
[0.292s] Level 1:colcon.colcon_core.package_identification:_identify(src/grocery_robot_bringup) by extension 'ignore'
[0.292s] Level 1:colcon.colcon_core.package_identification:_identify(src/grocery_robot_bringup) by extension 'ignore_ament_install'
[0.292s] Level 1:colcon.colcon_core.package_identification:_identify(src/grocery_robot_bringup) by extensions ['colcon_pkg']
[0.292s] Level 1:colcon.colcon_core.package_identification:_identify(src/grocery_robot_bringup) by extension 'colcon_pkg'
[0.292s] Level 1:colcon.colcon_core.package_identification:_identify(src/grocery_robot_bringup) by extensions ['colcon_meta']
[0.292s] Level 1:colcon.colcon_core.package_identification:_identify(src/grocery_robot_bringup) by extension 'colcon_meta'
[0.292s] Level 1:colcon.colcon_core.package_identification:_identify(src/grocery_robot_bringup) by extensions ['ros']
[0.292s] Level 1:colcon.colcon_core.package_identification:_identify(src/grocery_robot_bringup) by extension 'ros'
[0.292s] DEBUG:colcon.colcon_core.package_identification:Package 'src/grocery_robot_bringup' with type 'ros.ament_python' and name 'grocery_robot_bringup'
[0.293s] Level 1:colcon.colcon_core.package_identification:_identify(src/install) by extensions ['ignore', 'ignore_ament_install']
[0.293s] Level 1:colcon.colcon_core.package_identification:_identify(src/install) by extension 'ignore'
[0.293s] Level 1:colcon.colcon_core.package_identification:_identify(src/install) ignored
[0.293s] Level 1:colcon.colcon_core.package_identification:_identify(src/log) by extensions ['ignore', 'ignore_ament_install']
[0.293s] Level 1:colcon.colcon_core.package_identification:_identify(src/log) by extension 'ignore'
[0.293s] Level 1:colcon.colcon_core.package_identification:_identify(src/log) ignored
[0.293s] Level 1:colcon.colcon_core.package_identification:_identify(src/realsense-ros) by extensions ['ignore', 'ignore_ament_install']
[0.293s] Level 1:colcon.colcon_core.package_identification:_identify(src/realsense-ros) by extension 'ignore'
[0.293s] Level 1:colcon.colcon_core.package_identification:_identify(src/realsense-ros) by extension 'ignore_ament_install'
[0.293s] Level 1:colcon.colcon_core.package_identification:_identify(src/realsense-ros) by extensions ['colcon_pkg']
[0.293s] Level 1:colcon.colcon_core.package_identification:_identify(src/realsense-ros) by extension 'colcon_pkg'
[0.294s] Level 1:colcon.colcon_core.package_identification:_identify(src/realsense-ros) by extensions ['colcon_meta']
[0.294s] Level 1:colcon.colcon_core.package_identification:_identify(src/realsense-ros) by extension 'colcon_meta'
[0.294s] Level 1:colcon.colcon_core.package_identification:_identify(src/realsense-ros) by extensions ['ros']
[0.294s] Level 1:colcon.colcon_core.package_identification:_identify(src/realsense-ros) by extension 'ros'
[0.294s] Level 1:colcon.colcon_core.package_identification:_identify(src/realsense-ros) by extensions ['cmake', 'python']
[0.294s] Level 1:colcon.colcon_core.package_identification:_identify(src/realsense-ros) by extension 'cmake'
[0.294s] Level 1:colcon.colcon_core.package_identification:_identify(src/realsense-ros) by extension 'python'
[0.294s] Level 1:colcon.colcon_core.package_identification:_identify(src/realsense-ros) by extensions ['python_setup_py']
[0.294s] Level 1:colcon.colcon_core.package_identification:_identify(src/realsense-ros) by extension 'python_setup_py'
[0.294s] Level 1:colcon.colcon_core.package_identification:_identify(src/realsense-ros/realsense2_camera) by extensions ['ignore', 'ignore_ament_install']
[0.294s] Level 1:colcon.colcon_core.package_identification:_identify(src/realsense-ros/realsense2_camera) by extension 'ignore'
[0.294s] Level 1:colcon.colcon_core.package_identification:_identify(src/realsense-ros/realsense2_camera) by extension 'ignore_ament_install'
[0.294s] Level 1:colcon.colcon_core.package_identification:_identify(src/realsense-ros/realsense2_camera) by extensions ['colcon_pkg']
[0.294s] Level 1:colcon.colcon_core.package_identification:_identify(src/realsense-ros/realsense2_camera) by extension 'colcon_pkg'
[0.294s] Level 1:colcon.colcon_core.package_identification:_identify(src/realsense-ros/realsense2_camera) by extensions ['colcon_meta']
[0.294s] Level 1:colcon.colcon_core.package_identification:_identify(src/realsense-ros/realsense2_camera) by extension 'colcon_meta'
[0.294s] Level 1:colcon.colcon_core.package_identification:_identify(src/realsense-ros/realsense2_camera) by extensions ['ros']
[0.295s] Level 1:colcon.colcon_core.package_identification:_identify(src/realsense-ros/realsense2_camera) by extension 'ros'
[0.302s] DEBUG:colcon.colcon_core.package_identification:Package 'src/realsense-ros/realsense2_camera' with type 'ros.ament_cmake' and name 'realsense2_camera'
[0.302s] Level 1:colcon.colcon_core.package_identification:_identify(src/realsense-ros/realsense2_camera_msgs) by extensions ['ignore', 'ignore_ament_install']
[0.302s] Level 1:colcon.colcon_core.package_identification:_identify(src/realsense-ros/realsense2_camera_msgs) by extension 'ignore'
[0.302s] Level 1:colcon.colcon_core.package_identification:_identify(src/realsense-ros/realsense2_camera_msgs) by extension 'ignore_ament_install'
[0.302s] Level 1:colcon.colcon_core.package_identification:_identify(src/realsense-ros/realsense2_camera_msgs) by extensions ['colcon_pkg']
[0.302s] Level 1:colcon.colcon_core.package_identification:_identify(src/realsense-ros/realsense2_camera_msgs) by extension 'colcon_pkg'
[0.303s] Level 1:colcon.colcon_core.package_identification:_identify(src/realsense-ros/realsense2_camera_msgs) by extensions ['colcon_meta']
[0.303s] Level 1:colcon.colcon_core.package_identification:_identify(src/realsense-ros/realsense2_camera_msgs) by extension 'colcon_meta'
[0.303s] Level 1:colcon.colcon_core.package_identification:_identify(src/realsense-ros/realsense2_camera_msgs) by extensions ['ros']
[0.303s] Level 1:colcon.colcon_core.package_identification:_identify(src/realsense-ros/realsense2_camera_msgs) by extension 'ros'
[0.303s] DEBUG:colcon.colcon_core.package_identification:Package 'src/realsense-ros/realsense2_camera_msgs' with type 'ros.ament_cmake' and name 'realsense2_camera_msgs'
[0.304s] Level 1:colcon.colcon_core.package_identification:_identify(src/realsense-ros/realsense2_description) by extensions ['ignore', 'ignore_ament_install']
[0.304s] Level 1:colcon.colcon_core.package_identification:_identify(src/realsense-ros/realsense2_description) by extension 'ignore'
[0.304s] Level 1:colcon.colcon_core.package_identification:_identify(src/realsense-ros/realsense2_description) by extension 'ignore_ament_install'
[0.304s] Level 1:colcon.colcon_core.package_identification:_identify(src/realsense-ros/realsense2_description) by extensions ['colcon_pkg']
[0.304s] Level 1:colcon.colcon_core.package_identification:_identify(src/realsense-ros/realsense2_description) by extension 'colcon_pkg'
[0.304s] Level 1:colcon.colcon_core.package_identification:_identify(src/realsense-ros/realsense2_description) by extensions ['colcon_meta']
[0.304s] Level 1:colcon.colcon_core.package_identification:_identify(src/realsense-ros/realsense2_description) by extension 'colcon_meta'
[0.304s] Level 1:colcon.colcon_core.package_identification:_identify(src/realsense-ros/realsense2_description) by extensions ['ros']
[0.304s] Level 1:colcon.colcon_core.package_identification:_identify(src/realsense-ros/realsense2_description) by extension 'ros'
[0.305s] DEBUG:colcon.colcon_core.package_identification:Package 'src/realsense-ros/realsense2_description' with type 'ros.ament_cmake' and name 'realsense2_description'
[0.305s] Level 1:colcon.colcon_core.package_identification:_identify(src/realsense-ros/realsense2_rgbd_plugin) by extensions ['ignore', 'ignore_ament_install']
[0.305s] Level 1:colcon.colcon_core.package_identification:_identify(src/realsense-ros/realsense2_rgbd_plugin) by extension 'ignore'
[0.305s] Level 1:colcon.colcon_core.package_identification:_identify(src/realsense-ros/realsense2_rgbd_plugin) by extension 'ignore_ament_install'
[0.305s] Level 1:colcon.colcon_core.package_identification:_identify(src/realsense-ros/realsense2_rgbd_plugin) by extensions ['colcon_pkg']
[0.305s] Level 1:colcon.colcon_core.package_identification:_identify(src/realsense-ros/realsense2_rgbd_plugin) by extension 'colcon_pkg'
[0.305s] Level 1:colcon.colcon_core.package_identification:_identify(src/realsense-ros/realsense2_rgbd_plugin) by extensions ['colcon_meta']
[0.305s] Level 1:colcon.colcon_core.package_identification:_identify(src/realsense-ros/realsense2_rgbd_plugin) by extension 'colcon_meta'
[0.305s] Level 1:colcon.colcon_core.package_identification:_identify(src/realsense-ros/realsense2_rgbd_plugin) by extensions ['ros']
[0.306s] Level 1:colcon.colcon_core.package_identification:_identify(src/realsense-ros/realsense2_rgbd_plugin) by extension 'ros'
[0.306s] DEBUG:colcon.colcon_core.package_identification:Package 'src/realsense-ros/realsense2_rgbd_plugin' with type 'ros.ament_cmake' and name 'realsense2_rviz_plugin'
[0.307s] Level 1:colcon.colcon_core.package_identification:_identify(src/realsense-ros/realsense2_ros_mqtt_bridge) by extensions ['ignore', 'ignore_ament_install']
[0.307s] Level 1:colcon.colcon_core.package_identification:_identify(src/realsense-ros/realsense2_ros_mqtt_bridge) by extension 'ignore'
[0.307s] Level 1:colcon.colcon_core.package_identification:_identify(src/realsense-ros/realsense2_ros_mqtt_bridge) by extension 'ignore_ament_install'
[0.307s] Level 1:colcon.colcon_core.package_identification:_identify(src/realsense-ros/realsense2_ros_mqtt_bridge) by extensions ['colcon_pkg']
[0.307s] Level 1:colcon.colcon_core.package_identification:_identify(src/realsense-ros/realsense2_ros_mqtt_bridge) by extension 'colcon_pkg'
[0.307s] Level 1:colcon.colcon_core.package_identification:_identify(src/realsense-ros/realsense2_ros_mqtt_bridge) by extensions ['colcon_meta']
[0.307s] Level 1:colcon.colcon_core.package_identification:_identify(src/realsense-ros/realsense2_ros_mqtt_bridge) by extension 'colcon_meta'
[0.307s] Level 1:colcon.colcon_core.package_identification:_identify(src/realsense-ros/realsense2_ros_mqtt_bridge) by extensions ['ros']
[0.307s] Level 1:colcon.colcon_core.package_identification:_identify(src/realsense-ros/realsense2_ros_mqtt_bridge) by extension 'ros'
[0.308s] DEBUG:colcon.colcon_core.package_identification:Package 'src/realsense-ros/realsense2_ros_mqtt_bridge' with type 'ros.ament_python' and name 'realsense2_ros_mqtt_bridge'
[0.308s] Level 1:colcon.colcon_core.package_identification:_identify(src/realsense-ros/res) by extensions ['ignore', 'ignore_ament_install']
[0.308s] Level 1:colcon.colcon_core.package_identification:_identify(src/realsense-ros/res) by extension 'ignore'
[0.308s] Level 1:colcon.colcon_core.package_identification:_identify(src/realsense-ros/res) by extension 'ignore_ament_install'
[0.308s] Level 1:colcon.colcon_core.package_identification:_identify(src/realsense-ros/res) by extensions ['colcon_pkg']
[0.308s] Level 1:colcon.colcon_core.package_identification:_identify(src/realsense-ros/res) by extension 'colcon_pkg'
[0.309s] Level 1:colcon.colcon_core.package_identification:_identify(src/realsense-ros/res) by extensions ['colcon_meta']
[0.309s] Level 1:colcon.colcon_core.package_identification:_identify(src/realsense-ros/res) by extension 'colcon_meta'
[0.309s] Level 1:colcon.colcon_core.package_identification:_identify(src/realsense-ros/res) by extensions ['ros']
[0.309s] Level 1:colcon.colcon_core.package_identification:_identify(src/realsense-ros/res) by extension 'ros'
[0.309s] Level 1:colcon.colcon_core.package_identification:_identify(src/realsense-ros/res) by extensions ['cmake', 'python']
[0.309s] Level 1:colcon.colcon_core.package_identification:_identify(src/realsense-ros/res) by extension 'cmake'
[0.309s] Level 1:colcon.colcon_core.package_identification:_identify(src/realsense-ros/res) by extension 'python'
[0.309s] Level 1:colcon.colcon_core.package_identification:_identify(src/realsense-ros/res) by extensions ['python_setup_py']
[0.309s] Level 1:colcon.colcon_core.package_identification:_identify(src/realsense-ros/res) by extension 'python_setup_py'
[0.309s] Level 1:colcon.colcon_core.package_identification:_identify(src/realsense-ros/scripts) by extensions ['ignore', 'ignore_ament_install']
[0.309s] Level 1:colcon.colcon_core.package_identification:_identify(src/realsense-ros/scripts) by extension 'ignore'
[0.309s] Level 1:colcon.colcon_core.package_identification:_identify(src/realsense-ros/scripts) by extension 'ignore_ament_install'
[0.309s] Level 1:colcon.colcon_core.package_identification:_identify(src/realsense-ros/scripts) by extensions ['colcon_pkg']
[0.309s] Level 1:colcon.colcon_core.package_identification:_identify(src/realsense-ros/scripts) by extension 'colcon_pkg'
[0.309s] Level 1:colcon.colcon_core.package_identification:_identify(src/realsense-ros/scripts) by extensions ['colcon_meta']
[0.309s] Level 1:colcon.colcon_core.package_identification:_identify(src/realsense-ros/scripts) by extension 'colcon_meta'
[0.310s] Level 1:colcon.colcon_core.package_identification:_identify(src/realsense-ros/scripts) by extensions ['ros']
[0.310s] Level 1:colcon.colcon_core.package_identification:_identify(src/realsense-ros/scripts) by extension 'ros'
[0.310s] Level 1:colcon.colcon_core.package_identification:_identify(src/realsense-ros/scripts) by extensions ['cmake', 'python']
[0.310s] Level 1:colcon.colcon_core.package_identification:_identify(src/realsense-ros/scripts) by extension 'cmake'
[0.310s] Level 1:colcon.colcon_core.package_identification:_identify(src/realsense-ros/scripts) by extension 'python'
[0.310s] Level 1:colcon.colcon_core.package_identification:_identify(src/realsense-ros/scripts) by extensions ['python_setup_py']
[0.310s] Level 1:colcon.colcon_core.package_identification:_identify(src/realsense-ros/scripts) by extension 'python_setup_py'
[0.310s] Level 1:colcon.colcon_core.package_identification:_identify(src/so101_gripper_control) by extensions ['ignore', 'ignore_ament_install']
[0.310s] Level 1:colcon.colcon_core.package_identification:_identify(src/so101_gripper_control) by extension 'ignore'
[0.310s] Level 1:colcon.colcon_core.package_identification:_identify(src/so101_gripper_control) by extension 'ignore_ament_install'
[0.310s] Level 1:colcon.colcon_core.package_identification:_identify(src/so101_gripper_control) by extensions ['colcon_pkg']
[0.310s] Level 1:colcon.colcon_core.package_identification:_identify(src/so101_gripper_control) by extension 'colcon_pkg'
[0.310s] Level 1:colcon.colcon_core.package_identification:_identify(src/so101_gripper_control) by extensions ['colcon_meta']
[0.310s] Level 1:colcon.colcon_core.package_identification:_identify(src/so101_gripper_control) by extension 'colcon_meta'
[0.310s] Level 1:colcon.colcon_core.package_identification:_identify(src/so101_gripper_control) by extensions ['ros']
[0.310s] Level 1:colcon.colcon_core.package_identification:_identify(src/so101_gripper_control) by extension 'ros'
[0.311s] DEBUG:colcon.colcon_core.package_identification:Package 'src/so101_gripper_control' with type 'ros.ament_python' and name 'so101_gripper_control'
[0.311s] Level 1:colcon.colcon_core.package_identification:_identify(src/ur3e_demo) by extensions ['ignore', 'ignore_ament_install']
[0.311s] Level 1:colcon.colcon_core.package_identification:_identify(src/ur3e_demo) by extension 'ignore'
[0.311s] Level 1:colcon.colcon_core.package_identification:_identify(src/ur3e_demo) by extension 'ignore_ament_install'
[0.312s] Level 1:colcon.colcon_core.package_identification:_identify(src/ur3e_demo) by extensions ['colcon_pkg']
[0.312s] Level 1:colcon.colcon_core.package_identification:_identify(src/ur3e_demo) by extension 'colcon_pkg'
[0.312s] Level 1:colcon.colcon_core.package_identification:_identify(src/ur3e_demo) by extensions ['colcon_meta']
[0.312s] Level 1:colcon.colcon_core.package_identification:_identify(src/ur3e_demo) by extension 'colcon_meta'
[0.312s] Level 1:colcon.colcon_core.package_identification:_identify(src/ur3e_demo) by extensions ['ros']
[0.312s] Level 1:colcon.colcon_core.package_identification:_identify(src/ur3e_demo) by extension 'ros'
[0.312s] DEBUG:colcon.colcon_core.package_identification:Package 'src/ur3e_demo' with type 'ros.ament_python' and name 'ur3e_demo'
[0.312s] Level 1:colcon.colcon_core.package_identification:_identify(src/yolo_ros) by extensions ['ignore', 'ignore_ament_install']
[0.313s] Level 1:colcon.colcon_core.package_identification:_identify(src/yolo_ros) by extension 'ignore'
[0.313s] Level 1:colcon.colcon_core.package_identification:_identify(src/yolo_ros) by extension 'ignore_ament_install'
[0.313s] Level 1:colcon.colcon_core.package_identification:_identify(src/yolo_ros) by extensions ['colcon_pkg']
[0.313s] Level 1:colcon.colcon_core.package_identification:_identify(src/yolo_ros) by extension 'colcon_pkg'
[0.313s] Level 1:colcon.colcon_core.package_identification:_identify(src/yolo_ros) by extensions ['colcon_meta']
[0.313s] Level 1:colcon.colcon_core.package_identification:_identify(src/yolo_ros) by extension 'colcon_meta'
[0.313s] Level 1:colcon.colcon_core.package_identification:_identify(src/yolo_ros) by extensions ['ros']
[0.313s] Level 1:colcon.colcon_core.package_identification:_identify(src/yolo_ros) by extension 'ros'
[0.313s] Level 1:colcon.colcon_core.package_identification:_identify(src/yolo_ros) by extensions ['cmake', 'python']
[0.313s] Level 1:colcon.colcon_core.package_identification:_identify(src/yolo_ros) by extension 'cmake'
[0.313s] Level 1:colcon.colcon_core.package_identification:_identify(src/yolo_ros) by extension 'python'
[0.313s] Level 1:colcon.colcon_core.package_identification:_identify(src/yolo_ros) by extensions ['python_setup_py']
[0.313s] Level 1:colcon.colcon_core.package_identification:_identify(src/yolo_ros) by extension 'python_setup_py'
[0.313s] Level 1:colcon.colcon_core.package_identification:_identify(src/yolo_ros/docs) by extensions ['ignore', 'ignore_ament_install']
[0.313s] Level 1:colcon.colcon_core.package_identification:_identify(src/yolo_ros/docs) by extension 'ignore'
[0.314s] Level 1:colcon.colcon_core.package_identification:_identify(src/yolo_ros/docs) by extension 'ignore_ament_install'
[0.314s] Level 1:colcon.colcon_core.package_identification:_identify(src/yolo_ros/docs) by extensions ['colcon_pkg']
[0.314s] Level 1:colcon.colcon_core.package_identification:_identify(src/yolo_ros/docs) by extension 'colcon_pkg'
[0.314s] Level 1:colcon.colcon_core.package_identification:_identify(src/yolo_ros/docs) by extensions ['colcon_meta']
[0.314s] Level 1:colcon.colcon_core.package_identification:_identify(src/yolo_ros/docs) by extension 'colcon_meta'
[0.314s] Level 1:colcon.colcon_core.package_identification:_identify(src/yolo_ros/docs) by extensions ['ros']
[0.314s] Level 1:colcon.colcon_core.package_identification:_identify(src/yolo_ros/docs) by extension 'ros'
[0.314s] Level 1:colcon.colcon_core.package_identification:_identify(src/yolo_ros/docs) by extensions ['cmake', 'python']
[0.314s] Level 1:colcon.colcon_core.package_identification:_identify(src/yolo_ros/docs) by extension 'cmake'
[0.314s] Level 1:colcon.colcon_core.package_identification:_identify(src/yolo_ros/docs) by extension 'python'
[0.314s] Level 1:colcon.colcon_core.package_identification:_identify(src/yolo_ros/docs) by extensions ['python_setup_py']
[0.314s] Level 1:colcon.colcon_core.package_identification:_identify(src/yolo_ros/docs) by extension 'python_setup_py'
[0.314s] Level 1:colcon.colcon_core.package_identification:_identify(src/yolo_ros/yolo_bringup) by extensions ['ignore', 'ignore_ament_install']
[0.314s] Level 1:colcon.colcon_core.package_identification:_identify(src/yolo_ros/yolo_bringup) by extension 'ignore'
[0.314s] Level 1:colcon.colcon_core.package_identification:_identify(src/yolo_ros/yolo_bringup) by extension 'ignore_ament_install'
[0.315s] Level 1:colcon.colcon_core.package_identification:_identify(src/yolo_ros/yolo_bringup) by extensions ['colcon_pkg']
[0.315s] Level 1:colcon.colcon_core.package_identification:_identify(src/yolo_ros/yolo_bringup) by extension 'colcon_pkg'
[0.315s] Level 1:colcon.colcon_core.package_identification:_identify(src/yolo_ros/yolo_bringup) by extensions ['colcon_meta']
[0.315s] Level 1:colcon.colcon_core.package_identification:_identify(src/yolo_ros/yolo_bringup) by extension 'colcon_meta'
[0.315s] Level 1:colcon.colcon_core.package_identification:_identify(src/yolo_ros/yolo_bringup) by extensions ['ros']
[0.315s] Level 1:colcon.colcon_core.package_identification:_identify(src/yolo_ros/yolo_bringup) by extension 'ros'
[0.315s] DEBUG:colcon.colcon_core.package_identification:Package 'src/yolo_ros/yolo_bringup' with type 'ros.ament_cmake' and name 'yolo_bringup'
[0.316s] Level 1:colcon.colcon_core.package_identification:_identify(src/yolo_ros/yolo_msgs) by extensions ['ignore', 'ignore_ament_install']
[0.316s] Level 1:colcon.colcon_core.package_identification:_identify(src/yolo_ros/yolo_msgs) by extension 'ignore'
[0.316s] Level 1:colcon.colcon_core.package_identification:_identify(src/yolo_ros/yolo_msgs) by extension 'ignore_ament_install'
[0.316s] Level 1:colcon.colcon_core.package_identification:_identify(src/yolo_ros/yolo_msgs) by extensions ['colcon_pkg']
[0.316s] Level 1:colcon.colcon_core.package_identification:_identify(src/yolo_ros/yolo_msgs) by extension 'colcon_pkg'
[0.316s] Level 1:colcon.colcon_core.package_identification:_identify(src/yolo_ros/yolo_msgs) by extensions ['colcon_meta']
[0.316s] Level 1:colcon.colcon_core.package_identification:_identify(src/yolo_ros/yolo_msgs) by extension 'colcon_meta'
[0.316s] Level 1:colcon.colcon_core.package_identification:_identify(src/yolo_ros/yolo_msgs) by extensions ['ros']
[0.316s] Level 1:colcon.colcon_core.package_identification:_identify(src/yolo_ros/yolo_msgs) by extension 'ros'
[0.317s] DEBUG:colcon.colcon_core.package_identification:Package 'src/yolo_ros/yolo_msgs' with type 'ros.ament_cmake' and name 'yolo_msgs'
[0.317s] Level 1:colcon.colcon_core.package_identification:_identify(src/yolo_ros/yolo_ros) by extensions ['ignore', 'ignore_ament_install']
[0.317s] Level 1:colcon.colcon_core.package_identification:_identify(src/yolo_ros/yolo_ros) by extension 'ignore'
[0.317s] Level 1:colcon.colcon_core.package_identification:_identify(src/yolo_ros/yolo_ros) by extension 'ignore_ament_install'
[0.317s] Level 1:colcon.colcon_core.package_identification:_identify(src/yolo_ros/yolo_ros) by extensions ['colcon_pkg']
[0.317s] Level 1:colcon.colcon_core.package_identification:_identify(src/yolo_ros/yolo_ros) by extension 'colcon_pkg'
[0.317s] Level 1:colcon.colcon_core.package_identification:_identify(src/yolo_ros/yolo_ros) by extensions ['colcon_meta']
[0.317s] Level 1:colcon.colcon_core.package_identification:_identify(src/yolo_ros/yolo_ros) by extension 'colcon_meta'
[0.317s] Level 1:colcon.colcon_core.package_identification:_identify(src/yolo_ros/yolo_ros) by extensions ['ros']
[0.317s] Level 1:colcon.colcon_core.package_identification:_identify(src/yolo_ros/yolo_ros) by extension 'ros'
[0.319s] DEBUG:colcon.colcon_core.package_identification:Package 'src/yolo_ros/yolo_ros' with type 'ros.ament_python' and name 'yolo_ros'
[0.319s] Level 1:colcon.colcon_core.package_discovery:discover_packages(recursive) using defaults
[0.319s] Level 1:colcon.colcon_core.package_discovery:discover_packages(ignore) discover
[0.319s] Level 1:colcon.colcon_core.package_discovery:discover_packages(ignore) using defaults
[0.319s] Level 1:colcon.colcon_core.package_discovery:discover_packages(path) discover
[0.319s] Level 1:colcon.colcon_core.package_discovery:discover_packages(path) using defaults
[0.347s] INFO:colcon.colcon_core.package_selection:Skipping not selected package 'grocery_robot_bringup' in 'src/grocery_robot_bringup'
[0.347s] INFO:colcon.colcon_core.package_selection:Skipping not selected package 'realsense2_camera_msgs' in 'src/realsense-ros/realsense2_camera_msgs'
[0.347s] INFO:colcon.colcon_core.package_selection:Skipping not selected package 'realsense2_ros_mqtt_bridge' in 'src/realsense-ros/realsense2_ros_mqtt_bridge'
[0.347s] INFO:colcon.colcon_core.package_selection:Skipping not selected package 'so101_gripper_control' in 'src/so101_gripper_control'
[0.347s] INFO:colcon.colcon_core.package_selection:Skipping not selected package 'ur3e_demo' in 'src/ur3e_demo'
[0.347s] INFO:colcon.colcon_core.package_selection:Skipping not selected package 'yolo_msgs' in 'src/yolo_ros/yolo_msgs'
[0.347s] INFO:colcon.colcon_core.package_selection:Skipping not selected package 'realsense2_camera' in 'src/realsense-ros/realsense2_camera'
[0.347s] INFO:colcon.colcon_core.package_selection:Skipping not selected package 'realsense2_description' in 'src/realsense-ros/realsense2_description'
[0.347s] INFO:colcon.colcon_core.package_selection:Skipping not selected package 'realsense2_rviz_plugin' in 'src/realsense-ros/realsense2_rgbd_plugin'
[0.347s] INFO:colcon.colcon_core.package_selection:Skipping not selected package 'yolo_ros' in 'src/yolo_ros/yolo_ros'
[0.347s] INFO:colcon.colcon_core.package_selection:Skipping not selected package 'yolo_bringup' in 'src/yolo_ros/yolo_bringup'
[0.348s] Level 1:colcon.colcon_core.package_discovery:discover_packages(prefix_path) check parameters
[0.348s] Level 1:colcon.colcon_core.package_discovery:discover_packages(prefix_path) discover
[0.354s] DEBUG:colcon.colcon_installed_package_information.package_discovery:Found 6 installed packages in /home/roboticslab/ros2_ws/install
[0.357s] DEBUG:colcon.colcon_installed_package_information.package_discovery:Found 70 installed packages in /home/roboticslab/ws_moveit/install
[0.361s] DEBUG:colcon.colcon_installed_package_information.package_discovery:Found 531 installed packages in /opt/ros/kilted
[0.364s] Level 1:colcon.colcon_core.package_discovery:discover_packages(prefix_path) using defaults
[0.491s] Level 5:colcon.colcon_core.verb:set package 'grocery_perception' build argument 'cmake_args' from command line to 'None'
[0.491s] Level 5:colcon.colcon_core.verb:set package 'grocery_perception' build argument 'cmake_target' from command line to 'None'
[0.491s] Level 5:colcon.colcon_core.verb:set package 'grocery_perception' build argument 'cmake_target_skip_unavailable' from command line to 'False'
[0.491s] Level 5:colcon.colcon_core.verb:set package 'grocery_perception' build argument 'cmake_clean_cache' from command line to 'False'
[0.491s] Level 5:colcon.colcon_core.verb:set package 'grocery_perception' build argument 'cmake_clean_first' from command line to 'False'
[0.491s] Level 5:colcon.colcon_core.verb:set package 'grocery_perception' build argument 'cmake_force_configure' from command line to 'False'
[0.491s] Level 5:colcon.colcon_core.verb:set package 'grocery_perception' build argument 'ament_cmake_args' from command line to 'None'
[0.491s] Level 5:colcon.colcon_core.verb:set package 'grocery_perception' build argument 'catkin_cmake_args' from command line to 'None'
[0.491s] Level 5:colcon.colcon_core.verb:set package 'grocery_perception' build argument 'catkin_skip_building_tests' from command line to 'False'
[0.491s] DEBUG:colcon.colcon_core.verb:Building package 'grocery_perception' with the following arguments: {'ament_cmake_args': None, 'build_base': '/home/roboticslab/ros2_ws/build/grocery_perception', 'catkin_cmake_args': None, 'catkin_skip_building_tests': False, 'cmake_args': None, 'cmake_clean_cache': False, 'cmake_clean_first': False, 'cmake_force_configure': False, 'cmake_target': None, 'cmake_target_skip_unavailable': False, 'install_base': '/home/roboticslab/ros2_ws/install/grocery_perception', 'merge_install': False, 'path': '/home/roboticslab/ros2_ws/src/grocery_perception', 'symlink_install': True, 'test_result_base': None}
[0.492s] INFO:colcon.colcon_core.executor:Executing jobs using 'parallel' executor
[0.492s] DEBUG:colcon.colcon_parallel_executor.executor.parallel:run_until_complete
[0.493s] INFO:colcon.colcon_ros.task.ament_python.build:Building ROS package in '/home/roboticslab/ros2_ws/src/grocery_perception' with build type 'ament_python'
[0.493s] Level 1:colcon.colcon_core.shell:create_environment_hook('grocery_perception', 'ament_prefix_path')
[0.496s] INFO:colcon.colcon_core.plugin_system:Skipping extension 'colcon_core.shell.bat': Not used on non-Windows systems
[0.496s] INFO:colcon.colcon_core.shell:Creating environment hook '/home/roboticslab/ros2_ws/install/grocery_perception/share/grocery_perception/hook/ament_prefix_path.ps1'
[0.497s] INFO:colcon.colcon_core.shell:Creating environment descriptor '/home/roboticslab/ros2_ws/install/grocery_perception/share/grocery_perception/hook/ament_prefix_path.dsv'
[0.497s] INFO:colcon.colcon_core.shell:Creating environment hook '/home/roboticslab/ros2_ws/install/grocery_perception/share/grocery_perception/hook/ament_prefix_path.sh'
[0.498s] INFO:colcon.colcon_core.shell:Skip shell extension 'powershell' for command environment: Not usable outside of PowerShell
[0.498s] DEBUG:colcon.colcon_core.shell:Skip shell extension 'dsv' for command environment
[2.259s] INFO:colcon.colcon_core.task.python.build:Building Python package in '/home/roboticslab/ros2_ws/src/grocery_perception'
[2.259s] INFO:colcon.colcon_core.shell:Skip shell extension 'powershell' for command environment: Not usable outside of PowerShell
[2.261s] DEBUG:colcon.colcon_core.shell:Skip shell extension 'dsv' for command environment
[4.880s] DEBUG:colcon.colcon_core.event_handler.log_command:Invoking command in '/home/roboticslab/ros2_ws/build/grocery_perception': CMAKE_PREFIX_PATH=/home/roboticslab/ros2_ws/install/yolo_msgs:/home/roboticslab/ros2_ws/install/yolo_bringup:/home/roboticslab/ws_moveit/install/robotiq_hardware_tests:/home/roboticslab/ws_moveit/install/robotiq_driver:/home/roboticslab/ws_moveit/install/serial:/home/roboticslab/ws_moveit/install/moveit2_tutorials:/home/roboticslab/ws_moveit/install/moveit_visual_tools:/home/roboticslab/ws_moveit/install/rviz_visual_tools:/home/roboticslab/ws_moveit/install/moveit_task_constructor_demo:/home/roboticslab/ws_moveit/install/moveit_task_constructor_visualization:/home/roboticslab/ws_moveit/install/moveit_task_constructor_capabilities:/home/roboticslab/ws_moveit/install/moveit_task_constructor_core:/home/roboticslab/ws_moveit/install/rviz_marker_tools:/home/roboticslab/ws_moveit/install/kortex_bringup:/home/roboticslab/ws_moveit/install/kinova_gen3_lite_moveit_config:/home/roboticslab/ws_moveit/install/kinova_gen3_7dof_robotiq_2f_85_moveit_config:/home/roboticslab/ws_moveit/install/kinova_gen3_6dof_robotiq_2f_85_moveit_config:/home/roboticslab/ws_moveit/install/kortex_description:/home/roboticslab/ws_moveit/install/robotiq_description:/home/roboticslab/ws_moveit/install/robotiq_controllers:/home/roboticslab/ws_moveit/install/pilz_industrial_motion_planner_testutils:/home/roboticslab/ws_moveit/install/moveit_runtime:/home/roboticslab/ws_moveit/install/moveit:/home/roboticslab/ws_moveit/install/moveit_planners:/home/roboticslab/ws_moveit/install/pilz_industrial_motion_planner:/home/roboticslab/ws_moveit/install/moveit_task_constructor_msgs:/home/roboticslab/ws_moveit/install/moveit_ros_control_interface:/home/roboticslab/ws_moveit/install/moveit_plugins:/home/roboticslab/ws_moveit/install/moveit_simple_controller_manager:/home/roboticslab/ws_moveit/install/moveit_setup_assistant:/home/roboticslab/ws_moveit/install/moveit_setup_srdf_plugins:/home/roboticslab/ws_moveit/install/moveit_setup_core_plugins:/home/roboticslab/ws_moveit/install/moveit_setup_controllers:/home/roboticslab/ws_moveit/install/moveit_setup_app_plugins:/home/roboticslab/ws_moveit/install/moveit_setup_framework:/home/roboticslab/ws_moveit/install/moveit_servo:/home/roboticslab/ws_moveit/install/moveit_ros_trajectory_cache:/home/roboticslab/ws_moveit/install/moveit_ros:/home/roboticslab/ws_moveit/install/moveit_ros_visualization:/home/roboticslab/ws_moveit/install/moveit_py:/home/roboticslab/ws_moveit/install/moveit_hybrid_planning:/home/roboticslab/ws_moveit/install/moveit_ros_planning_interface:/home/roboticslab/ws_moveit/install/moveit_ros_benchmarks:/home/roboticslab/ws_moveit/install/moveit_ros_warehouse:/home/roboticslab/ws_moveit/install/moveit_ros_robot_interaction:/home/roboticslab/ws_moveit/install/moveit_ros_perception:/home/roboticslab/ws_moveit/install/moveit_resources_prbt_pg70_support:/home/roboticslab/ws_moveit/install/moveit_resources_prbt_moveit_config:/home/roboticslab/ws_moveit/install/moveit_ros_move_group:/home/roboticslab/ws_moveit/install/moveit_planners_ompl:/home/roboticslab/ws_moveit/install/moveit_kinematics:/home/roboticslab/ws_moveit/install/moveit_ros_planning:/home/roboticslab/ws_moveit/install/moveit_ros_occupancy_map_monitor:/home/roboticslab/ws_moveit/install/moveit_resources_prbt_support:/home/roboticslab/ws_moveit/install/moveit_resources_prbt_ikfast_manipulator_plugin:/home/roboticslab/ws_moveit/install/moveit_resources:/home/roboticslab/ws_moveit/install/moveit_resources_pr2_description:/home/roboticslab/ws_moveit/install/moveit_resources_panda_moveit_config:/home/roboticslab/ws_moveit/install/dual_arm_panda_moveit_config:/home/roboticslab/ws_moveit/install/moveit_resources_panda_description:/home/roboticslab/ws_moveit/install/moveit_resources_fanuc_moveit_config:/home/roboticslab/ws_moveit/install/moveit_resources_fanuc_description:/home/roboticslab/ws_moveit/install/moveit_planners_stomp:/home/roboticslab/ws_moveit/install/moveit_planners_chomp:/home/roboticslab/ws_moveit/install/chomp_motion_planner:/home/roboticslab/ws_moveit/install/moveit_core:/home/roboticslab/ws_moveit/install/moveit_msgs:/home/roboticslab/ws_moveit/install/moveit_common:/home/roboticslab/ws_moveit/install/kortex_driver:/home/roboticslab/ws_moveit/install/kortex_api:/opt/ros/kilted/opt/gz_sim_vendor:/opt/ros/kilted/opt/gz_sensors_vendor:/opt/ros/kilted/opt/gz_physics_vendor:/opt/ros/kilted/opt/sdformat_vendor:/opt/ros/kilted/opt/gz_gui_vendor:/opt/ros/kilted/opt/gz_transport_vendor:/opt/ros/kilted/opt/gz_rendering_vendor:/opt/ros/kilted/opt/gz_plugin_vendor:/opt/ros/kilted/opt/gz_fuel_tools_vendor:/opt/ros/kilted/opt/gz_msgs_vendor:/opt/ros/kilted/opt/gz_common_vendor:/opt/ros/kilted/opt/gz_math_vendor:/opt/ros/kilted/opt/gz_utils_vendor:/opt/ros/kilted/opt/gz_tools_vendor:/opt/ros/kilted/opt/gz_ogre_next_vendor:/opt/ros/kilted/opt/gz_dartsim_vendor:/opt/ros/kilted/opt/gz_cmake_vendor DEBUGINFOD_URLS=https://debuginfod.ubuntu.com PYTHONPATH=/home/roboticslab/ros2_ws/build/grocery_perception/prefix_override:/usr/lib/python3/dist-packages/colcon_core/task/python/colcon_distutils_commands:/home/roboticslab/ros2_ws/install/grocery_perception/lib/python3.12/site-packages:/home/roboticslab/ros2_ws/install/yolo_msgs/lib/python3.12/site-packages:/home/roboticslab/ros2_ws/build/yolo_ros:/home/roboticslab/ros2_ws/install/yolo_ros/lib/python3.12/site-packages:/home/roboticslab/ros2_ws/build/grocery_perception:/home/roboticslab/ros2_ws/install/grocery_perception/lib/python3.12/site-packages:/home/roboticslab/ros2_ws/build/so101_gripper_control:/home/roboticslab/ros2_ws/install/so101_gripper_control/lib/python3.12/site-packages:/home/roboticslab/ros2_ws/build/grocery_robot_bringup:/home/roboticslab/ros2_ws/install/grocery_robot_bringup/lib/python3.12/site-packages:/home/roboticslab/ws_moveit/install/moveit_task_constructor_core/lib/python3.12/site-packages:/home/roboticslab/ws_moveit/install/moveit_task_constructor_msgs/lib/python3.12/site-packages:/home/roboticslab/ws_moveit/install/moveit_py/lib/python3.12/site-packages:/home/roboticslab/ws_moveit/install/moveit_msgs/lib/python3.12/site-packages:/home/roboticslab/ws_moveit/install/moveit_configs_utils/lib/python3.12/site-packages:/opt/ros/kilted/lib/python3.12/site-packages /usr/bin/python3 -W ignore:setup.py install is deprecated -W ignore:easy_install command is deprecated setup.py develop --editable --build-directory /home/roboticslab/ros2_ws/build/grocery_perception/build --no-deps symlink_data
[6.482s] Level 1:colcon.colcon_core.shell:create_environment_hook('grocery_perception', 'pythonpath_develop')
[6.483s] INFO:colcon.colcon_core.shell:Creating environment hook '/home/roboticslab/ros2_ws/build/grocery_perception/share/grocery_perception/hook/pythonpath_develop.ps1'
[6.483s] INFO:colcon.colcon_core.shell:Creating environment descriptor '/home/roboticslab/ros2_ws/build/grocery_perception/share/grocery_perception/hook/pythonpath_develop.dsv'
[6.484s] INFO:colcon.colcon_core.shell:Creating environment hook '/home/roboticslab/ros2_ws/build/grocery_perception/share/grocery_perception/hook/pythonpath_develop.sh'
[6.485s] DEBUG:colcon.colcon_core.event_handler.log_command:Invoked command in '/home/roboticslab/ros2_ws/build/grocery_perception' returned '0': CMAKE_PREFIX_PATH=/home/roboticslab/ros2_ws/install/yolo_msgs:/home/roboticslab/ros2_ws/install/yolo_bringup:/home/roboticslab/ws_moveit/install/robotiq_hardware_tests:/home/roboticslab/ws_moveit/install/robotiq_driver:/home/roboticslab/ws_moveit/install/serial:/home/roboticslab/ws_moveit/install/moveit2_tutorials:/home/roboticslab/ws_moveit/install/moveit_visual_tools:/home/roboticslab/ws_moveit/install/rviz_visual_tools:/home/roboticslab/ws_moveit/install/moveit_task_constructor_demo:/home/roboticslab/ws_moveit/install/moveit_task_constructor_visualization:/home/roboticslab/ws_moveit/install/moveit_task_constructor_capabilities:/home/roboticslab/ws_moveit/install/moveit_task_constructor_core:/home/roboticslab/ws_moveit/install/rviz_marker_tools:/home/roboticslab/ws_moveit/install/kortex_bringup:/home/roboticslab/ws_moveit/install/kinova_gen3_lite_moveit_config:/home/roboticslab/ws_moveit/install/kinova_gen3_7dof_robotiq_2f_85_moveit_config:/home/roboticslab/ws_moveit/install/kinova_gen3_6dof_robotiq_2f_85_moveit_config:/home/roboticslab/ws_moveit/install/kortex_description:/home/roboticslab/ws_moveit/install/robotiq_description:/home/roboticslab/ws_moveit/install/robotiq_controllers:/home/roboticslab/ws_moveit/install/pilz_industrial_motion_planner_testutils:/home/roboticslab/ws_moveit/install/moveit_runtime:/home/roboticslab/ws_moveit/install/moveit:/home/roboticslab/ws_moveit/install/moveit_planners:/home/roboticslab/ws_moveit/install/pilz_industrial_motion_planner:/home/roboticslab/ws_moveit/install/moveit_task_constructor_msgs:/home/roboticslab/ws_moveit/install/moveit_ros_control_interface:/home/roboticslab/ws_moveit/install/moveit_plugins:/home/roboticslab/ws_moveit/install/moveit_simple_controller_manager:/home/roboticslab/ws_moveit/install/moveit_setup_assistant:/home/roboticslab/ws_moveit/install/moveit_setup_srdf_plugins:/home/roboticslab/ws_moveit/install/moveit_setup_core_plugins:/home/roboticslab/ws_moveit/install/moveit_setup_controllers:/home/roboticslab/ws_moveit/install/moveit_setup_app_plugins:/home/roboticslab/ws_moveit/install/moveit_setup_framework:/home/roboticslab/ws_moveit/install/moveit_servo:/home/roboticslab/ws_moveit/install/moveit_ros_trajectory_cache:/home/roboticslab/ws_moveit/install/moveit_ros:/home/roboticslab/ws_moveit/install/moveit_ros_visualization:/home/roboticslab/ws_moveit/install/moveit_py:/home/roboticslab/ws_moveit/install/moveit_hybrid_planning:/home/roboticslab/ws_moveit/install/moveit_ros_planning_interface:/home/roboticslab/ws_moveit/install/moveit_ros_benchmarks:/home/roboticslab/ws_moveit/install/moveit_ros_warehouse:/home/roboticslab/ws_moveit/install/moveit_ros_robot_interaction:/home/roboticslab/ws_moveit/install/moveit_ros_perception:/home/roboticslab/ws_moveit/install/moveit_resources_prbt_pg70_support:/home/roboticslab/ws_moveit/install/moveit_resources_prbt_moveit_config:/home/roboticslab/ws_moveit/install/moveit_ros_move_group:/home/roboticslab/ws_moveit/install/moveit_planners_ompl:/home/roboticslab/ws_moveit/install/moveit_kinematics:/home/roboticslab/ws_moveit/install/moveit_ros_planning:/home/roboticslab/ws_moveit/install/moveit_ros_occupancy_map_monitor:/home/roboticslab/ws_moveit/install/moveit_resources_prbt_support:/home/roboticslab/ws_moveit/install/moveit_resources_prbt_ikfast_manipulator_plugin:/home/roboticslab/ws_moveit/install/moveit_resources:/home/roboticslab/ws_moveit/install/moveit_resources_pr2_description:/home/roboticslab/ws_moveit/install/moveit_resources_panda_moveit_config:/home/roboticslab/ws_moveit/install/dual_arm_panda_moveit_config:/home/roboticslab/ws_moveit/install/moveit_resources_panda_description:/home/roboticslab/ws_moveit/install/moveit_resources_fanuc_moveit_config:/home/roboticslab/ws_moveit/install/moveit_resources_fanuc_description:/home/roboticslab/ws_moveit/install/moveit_planners_stomp:/home/roboticslab/ws_moveit/install/moveit_planners_chomp:/home/roboticslab/ws_moveit/install/chomp_motion_planner:/home/roboticslab/ws_moveit/install/moveit_core:/home/roboticslab/ws_moveit/install/moveit_msgs:/home/roboticslab/ws_moveit/install/moveit_common:/home/roboticslab/ws_moveit/install/kortex_driver:/home/roboticslab/ws_moveit/install/kortex_api:/opt/ros/kilted/opt/gz_sim_vendor:/opt/ros/kilted/opt/gz_sensors_vendor:/opt/ros/kilted/opt/gz_physics_vendor:/opt/ros/kilted/opt/sdformat_vendor:/opt/ros/kilted/opt/gz_gui_vendor:/opt/ros/kilted/opt/gz_transport_vendor:/opt/ros/kilted/opt/gz_rendering_vendor:/opt/ros/kilted/opt/gz_plugin_vendor:/opt/ros/kilted/opt/gz_fuel_tools_vendor:/opt/ros/kilted/opt/gz_msgs_vendor:/opt/ros/kilted/opt/gz_common_vendor:/opt/ros/kilted/opt/gz_math_vendor:/opt/ros/kilted/opt/gz_utils_vendor:/opt/ros/kilted/opt/gz_tools_vendor:/opt/ros/kilted/opt/gz_ogre_next_vendor:/opt/ros/kilted/opt/gz_dartsim_vendor:/opt/ros/kilted/opt/gz_cmake_vendor DEBUGINFOD_URLS=https://debuginfod.ubuntu.com PYTHONPATH=/home/roboticslab/ros2_ws/build/grocery_perception/prefix_override:/usr/lib/python3/dist-packages/colcon_core/task/python/colcon_distutils_commands:/home/roboticslab/ros2_ws/install/grocery_perception/lib/python3.12/site-packages:/home/roboticslab/ros2_ws/install/yolo_msgs/lib/python3.12/site-packages:/home/roboticslab/ros2_ws/build/yolo_ros:/home/roboticslab/ros2_ws/install/yolo_ros/lib/python3.12/site-packages:/home/roboticslab/ros2_ws/build/grocery_perception:/home/roboticslab/ros2_ws/install/grocery_perception/lib/python3.12/site-packages:/home/roboticslab/ros2_ws/build/so101_gripper_control:/home/roboticslab/ros2_ws/install/so101_gripper_control/lib/python3.12/site-packages:/home/roboticslab/ros2_ws/build/grocery_robot_bringup:/home/roboticslab/ros2_ws/install/grocery_robot_bringup/lib/python3.12/site-packages:/home/roboticslab/ws_moveit/install/moveit_task_constructor_core/lib/python3.12/site-packages:/home/roboticslab/ws_moveit/install/moveit_task_constructor_msgs/lib/python3.12/site-packages:/home/roboticslab/ws_moveit/install/moveit_py/lib/python3.12/site-packages:/home/roboticslab/ws_moveit/install/moveit_msgs/lib/python3.12/site-packages:/home/roboticslab/ws_moveit/install/moveit_configs_utils/lib/python3.12/site-packages:/opt/ros/kilted/lib/python3.12/site-packages /usr/bin/python3 -W ignore:setup.py install is deprecated -W ignore:easy_install command is deprecated setup.py develop --editable --build-directory /home/roboticslab/ros2_ws/build/grocery_perception/build --no-deps symlink_data
[6.515s] Level 1:colcon.colcon_core.environment:checking '/home/roboticslab/ros2_ws/install/grocery_perception' for CMake module files
[6.516s] Level 1:colcon.colcon_core.environment:checking '/home/roboticslab/ros2_ws/install/grocery_perception' for CMake config files
[6.525s] Level 1:colcon.colcon_core.environment:checking '/home/roboticslab/ros2_ws/install/grocery_perception/lib'
[6.525s] Level 1:colcon.colcon_core.environment:checking '/home/roboticslab/ros2_ws/install/grocery_perception/bin'
[6.526s] Level 1:colcon.colcon_core.environment:checking '/home/roboticslab/ros2_ws/install/grocery_perception/lib/pkgconfig/grocery_perception.pc'
[6.526s] Level 1:colcon.colcon_core.environment:checking '/home/roboticslab/ros2_ws/install/grocery_perception/lib/python3.12/site-packages'
[6.529s] Level 1:colcon.colcon_core.shell:create_environment_hook('grocery_perception', 'pythonpath')
[6.530s] INFO:colcon.colcon_core.shell:Creating environment hook '/home/roboticslab/ros2_ws/install/grocery_perception/share/grocery_perception/hook/pythonpath.ps1'
[6.532s] INFO:colcon.colcon_core.shell:Creating environment descriptor '/home/roboticslab/ros2_ws/install/grocery_perception/share/grocery_perception/hook/pythonpath.dsv'
[6.541s] INFO:colcon.colcon_core.shell:Creating environment hook '/home/roboticslab/ros2_ws/install/grocery_perception/share/grocery_perception/hook/pythonpath.sh'
[6.546s] Level 1:colcon.colcon_core.environment:checking '/home/roboticslab/ros2_ws/install/grocery_perception/bin'
[6.546s] Level 1:colcon.colcon_core.environment:create_environment_scripts_only(grocery_perception)
[6.547s] INFO:colcon.colcon_core.shell:Creating package script '/home/roboticslab/ros2_ws/install/grocery_perception/share/grocery_perception/package.ps1'
[6.560s] INFO:colcon.colcon_core.shell:Creating package descriptor '/home/roboticslab/ros2_ws/install/grocery_perception/share/grocery_perception/package.dsv'
[6.562s] INFO:colcon.colcon_core.shell:Creating package script '/home/roboticslab/ros2_ws/install/grocery_perception/share/grocery_perception/package.sh'
[6.572s] INFO:colcon.colcon_core.shell:Creating package script '/home/roboticslab/ros2_ws/install/grocery_perception/share/grocery_perception/package.bash'
[6.573s] INFO:colcon.colcon_core.shell:Creating package script '/home/roboticslab/ros2_ws/install/grocery_perception/share/grocery_perception/package.zsh'
[6.583s] Level 1:colcon.colcon_core.environment:create_file_with_runtime_dependencies(/home/roboticslab/ros2_ws/install/grocery_perception/share/colcon-core/packages/grocery_perception)
[6.584s] DEBUG:colcon.colcon_parallel_executor.executor.parallel:closing loop
[6.585s] DEBUG:colcon.colcon_parallel_executor.executor.parallel:loop closed
[6.585s] DEBUG:colcon.colcon_parallel_executor.executor.parallel:run_until_complete finished with '0'
[6.585s] DEBUG:colcon.colcon_core.event_reactor:joining thread
[6.607s] INFO:colcon.colcon_core.plugin_system:Skipping extension 'colcon_notification.desktop_notification.terminal_notifier': Not used on non-Darwin systems
[6.607s] INFO:colcon.colcon_core.plugin_system:Skipping extension 'colcon_notification.desktop_notification.win32': Not used on non-Windows systems
[6.607s] INFO:colcon.colcon_notification.desktop_notification:Sending desktop notification using 'notify2'
[6.659s] DEBUG:colcon.colcon_core.event_reactor:joined thread
[6.659s] INFO:colcon.colcon_core.shell:Creating prefix script '/home/roboticslab/ros2_ws/install/local_setup.ps1'
[6.661s] INFO:colcon.colcon_core.shell:Creating prefix util module '/home/roboticslab/ros2_ws/install/_local_setup_util_ps1.py'
[6.670s] INFO:colcon.colcon_core.shell:Creating prefix chain script '/home/roboticslab/ros2_ws/install/setup.ps1'
[6.699s] INFO:colcon.colcon_core.shell:Creating prefix script '/home/roboticslab/ros2_ws/install/local_setup.sh'
[6.704s] INFO:colcon.colcon_core.shell:Creating prefix util module '/home/roboticslab/ros2_ws/install/_local_setup_util_sh.py'
[6.708s] INFO:colcon.colcon_core.shell:Creating prefix chain script '/home/roboticslab/ros2_ws/install/setup.sh'
[6.734s] INFO:colcon.colcon_core.shell:Creating prefix script '/home/roboticslab/ros2_ws/install/local_setup.bash'
[6.735s] INFO:colcon.colcon_core.shell:Creating prefix chain script '/home/roboticslab/ros2_ws/install/setup.bash'
[6.760s] INFO:colcon.colcon_core.shell:Creating prefix script '/home/roboticslab/ros2_ws/install/local_setup.zsh'
[6.761s] INFO:colcon.colcon_core.shell:Creating prefix chain script '/home/roboticslab/ros2_ws/install/setup.zsh'
